

================================================================
== Synthesis Summary Report of 'hardware_encoding'
================================================================
+ General Information: 
    * Date:           Sat Dec  9 20:27:43 2023
    * Version:        2020.2 (Build 3064766 on Wed Nov 18 09:12:47 MST 2020)
    * Project:        final_project
    * Solution:       solution1 (Vitis Kernel Flow Target)
    * Product family: zynquplus
    * Target device:  xczu3eg-sbva484-1-i
    

+ Performance & Resource Estimates: 
    
    PS: '+' for module; 'o' for loop; '*' for dataflow
    +-----------------------------------------------+--------+-------+---------+-----------+----------+---------+-------+----------+-----------+----+-----------+-------------+-----+
    |                    Modules                    |  Issue |       | Latency |  Latency  | Iteration|         |  Trip |          |           |    |           |             |     |
    |                    & Loops                    |  Type  | Slack | (cycles)|    (ns)   |  Latency | Interval| Count | Pipelined|   BRAM    | DSP|     FF    |     LUT     | URAM|
    +-----------------------------------------------+--------+-------+---------+-----------+----------+---------+-------+----------+-----------+----+-----------+-------------+-----+
    |+ hardware_encoding*                           |  Timing|   0.00|        -|          -|         -|        -|      -|  dataflow|  135 (31%)|   -|  5384 (3%)|  11381 (16%)|    -|
    | + grp_computing_fu_168                        |       -|  -0.05|        -|          -|         -|        -|      -|        no|  126 (29%)|   -|  1499 (1%)|    6456 (9%)|    -|
    |  + grp_assoc_lookup_fu_432                    |      II|  -1.35|        2|     13.334|         -|        1|      -|       yes|          -|   -|   61 (~0%)|    1252 (1%)|    -|
    |  o VITIS_LOOP_213_1                           |       -|  -4.87|    16384|  1.092e+05|         1|        1|  16384|       yes|          -|   -|          -|            -|    -|
    |  o VITIS_LOOP_221_2                           |       -|  -4.87|      512|  3.414e+03|         1|        1|    512|       yes|          -|   -|          -|            -|    -|
    |  o VITIS_LOOP_236_3                           |      II|  -4.87|        -|          -|        18|       16|      -|       yes|          -|   -|          -|            -|    -|
    | + grp_read_input_fu_177                       |  Timing|   0.00|        -|          -|         -|        -|      -|        no|          -|   -|  571 (~0%)|     836 (1%)|    -|
    |  o VITIS_LOOP_193_1                           |       -|  -4.87|        -|          -|        73|        1|      -|       yes|          -|   -|          -|            -|    -|
    | + grp_write_output_fu_187                     |  Timing|   0.00|        -|          -|         -|        -|      -|        no|          -|   -|  252 (~0%)|    540 (~0%)|    -|
    |  o VITIS_LOOP_269_1                           |       -|  -4.87|        -|          -|         3|        1|      -|       yes|          -|   -|          -|            -|    -|
    | + grp_Block_split28_proc_fu_196               |  Timing|   0.00|       70|    466.690|         -|       70|      -|        no|          -|   -|  168 (~0%)|    422 (~0%)|    -|
    | + call_ln275_hardware_encoding_entry7_fu_204  |       -|  -2.70|        0|      0.000|         -|        0|      -|        no|          -|   -|    3 (~0%)|     56 (~0%)|    -|
    +-----------------------------------------------+--------+-------+---------+-----------+----------+---------+-------+----------+-----------+----+-----------+-------------+-----+

