

================================================================
== Synthesis Summary Report of 'hardware_encoding'
================================================================
+ General Information: 
    * Date:           Fri Dec  8 22:45:33 2023
    * Version:        2020.2 (Build 3064766 on Wed Nov 18 09:12:47 MST 2020)
    * Project:        final_project
    * Solution:       solution1 (Vitis Kernel Flow Target)
    * Product family: zynquplus
    * Target device:  xczu3eg-sbva484-1-i
    

+ Performance & Resource Estimates: 
    
    PS: '+' for module; 'o' for loop; '*' for dataflow
    +-----------------------------+--------+-------+---------+-----------+----------+---------+-------+----------+-----------+----+-----------+-------------+-----+
    |           Modules           |  Issue |       | Latency |  Latency  | Iteration|         |  Trip |          |           |    |           |             |     |
    |           & Loops           |  Type  | Slack | (cycles)|    (ns)   |  Latency | Interval| Count | Pipelined|   BRAM    | DSP|     FF    |     LUT     | URAM|
    +-----------------------------+--------+-------+---------+-----------+----------+---------+-------+----------+-----------+----+-----------+-------------+-----+
    |+ hardware_encoding          |  Timing|   0.00|        -|          -|         -|        -|      -|        no|  138 (31%)|   -|  5822 (4%)|  12433 (17%)|    -|
    | + grp_assoc_lookup_fu_1124  |       -|  -2.14|        4|     26.668|         -|        4|      -|        no|          -|   -|   36 (~0%)|    1324 (1%)|    -|
    | o VITIS_LOOP_245_1          |       -|  -4.87|       10|     66.670|         2|        1|     10|       yes|          -|   -|          -|            -|    -|
    | o VITIS_LOOP_256_2          |       -|  -4.87|        -|          -|         -|        -|      -|        no|          -|   -|          -|            -|    -|
    |  o VITIS_LOOP_298_3         |       -|  -4.87|    16384|  1.092e+05|         1|        1|  16384|       yes|          -|   -|          -|            -|    -|
    |  o VITIS_LOOP_307_4         |       -|  -4.87|      512|  3.414e+03|         1|        1|    512|       yes|          -|   -|          -|            -|    -|
    |  o VITIS_LOOP_337_5         |       -|  -4.87|        -|          -|       129|        -|      -|        no|          -|   -|          -|            -|    -|
    |   o VITIS_LOOP_24_1         |       -|  -4.87|       20|    133.340|         1|        1|     20|       yes|          -|   -|          -|            -|    -|
    |   o VITIS_LOOP_24_1         |       -|  -4.87|       20|    133.340|         1|        1|     20|       yes|          -|   -|          -|            -|    -|
    |  o VITIS_LOOP_417_6         |       -|  -4.87|        -|          -|        71|        -|      -|        no|          -|   -|          -|            -|    -|
    +-----------------------------+--------+-------+---------+-----------+----------+---------+-------+----------+-----------+----+-----------+-------------+-----+

