

================================================================
== Synthesis Summary Report of 'hardware_encoding'
================================================================
+ General Information: 
    * Date:           Tue Nov 28 17:05:36 2023
    * Version:        2020.2 (Build 3064766 on Wed Nov 18 09:12:47 MST 2020)
    * Project:        final_project
    * Solution:       solution1 (Vitis Kernel Flow Target)
    * Product family: zynquplus
    * Target device:  xczu3eg-sbva484-1-i
    

+ Performance & Resource Estimates: 
    
    PS: '+' for module; 'o' for loop; '*' for dataflow
    +-----------------------+--------+-------+---------+-----------+----------+---------+-------+----------+-----------+----+------------+-------------+-----+
    |        Modules        |  Issue |       | Latency |  Latency  | Iteration|         |  Trip |          |           |    |            |             |     |
    |        & Loops        |  Type  | Slack | (cycles)|    (ns)   |  Latency | Interval| Count | Pipelined|   BRAM    | DSP|     FF     |     LUT     | URAM|
    +-----------------------+--------+-------+---------+-----------+----------+---------+-------+----------+-----------+----+------------+-------------+-----+
    |+ hardware_encoding    |  Timing|   0.56|        -|          -|         -|        -|      -|        no|  128 (29%)|   -|  12107 (8%)|  22792 (32%)|    -|
    | + grp_insert_fu_2468  |      II|  -0.05|       12|     80.004|         -|        2|      -|       yes|          -|   -|   2395 (1%)|    4956 (7%)|    -|
    | o VITIS_LOOP_207_1    |       -|  -4.87|    16384|  1.092e+05|         1|        1|  16384|       yes|          -|   -|           -|            -|    -|
    | o VITIS_LOOP_215_2    |       -|  -4.87|      512|  3.414e+03|         1|        1|    512|       yes|          -|   -|           -|            -|    -|
    | o VITIS_LOOP_238_4    |      II|  -4.87|        -|          -|       177|       98|      -|       yes|          -|   -|           -|            -|    -|
    | o VITIS_LOOP_244_5    |       -|  -4.87|       81|    540.027|        71|        1|     12|       yes|          -|   -|           -|            -|    -|
    +-----------------------+--------+-------+---------+-----------+----------+---------+-------+----------+-----------+----+------------+-------------+-----+

