

================================================================
== Vitis HLS Report for 'hardware_encoding'
================================================================
* Date:           Sun Nov 12 20:23:32 2023

* Version:        2020.2 (Build 3064766 on Wed Nov 18 09:12:47 MST 2020)
* Project:        final_project
* Solution:       solution1 (Vitis Kernel Flow Target)
* Product family: zynquplus
* Target device:  xczu3eg-sbva484-1-i


================================================================
== Performance Estimates
================================================================
+ Timing: 
    * Summary: 
    +--------+---------+-----------+------------+
    |  Clock |  Target | Estimated | Uncertainty|
    +--------+---------+-----------+------------+
    |ap_clk  |  6.67 ns|  53.330 ns|     1.80 ns|
    +--------+---------+-----------+------------+

+ Latency: 
    * Summary: 
    +---------+---------+----------+----------+-----+-----+---------+
    |  Latency (cycles) |  Latency (absolute) |  Interval | Pipeline|
    |   min   |   max   |    min   |    max   | min | max |   Type  |
    +---------+---------+----------+----------+-----+-----+---------+
    |        ?|        ?|         ?|         ?|    ?|    ?|     none|
    +---------+---------+----------+----------+-----+-----+---------+

    + Detail: 
        * Instance: 
        +--------------------+--------+---------+---------+----------+----------+-----+-----+---------+
        |                    |        |  Latency (cycles) |  Latency (absolute) |  Interval | Pipeline|
        |      Instance      | Module |   min   |   max   |    min   |    max   | min | max |   Type  |
        +--------------------+--------+---------+---------+----------+----------+-----+-----+---------+
        |grp_insert_fu_2380  |insert  |       12|       12|  0.640 us|  0.640 us|    2|    2|      yes|
        +--------------------+--------+---------+---------+----------+----------+-----+-----+---------+

        * Loop: 
        +--------------------+---------+---------+----------+-----------+-----------+-------+----------+
        |                    |  Latency (cycles) | Iteration|  Initiation Interval  |  Trip |          |
        |      Loop Name     |   min   |   max   |  Latency |  achieved |   target  | Count | Pipelined|
        +--------------------+---------+---------+----------+-----------+-----------+-------+----------+
        |- VITIS_LOOP_189_1  |    32768|    32768|         1|          1|          1|  32768|       yes|
        |- VITIS_LOOP_194_2  |      512|      512|         1|          1|          1|    512|       yes|
        |- VITIS_LOOP_217_4  |        ?|        ?|       154|         86|          1|      ?|       yes|
        |- VITIS_LOOP_223_5  |       81|       81|        71|          1|          1|     12|       yes|
        +--------------------+---------+---------+----------+-----------+-----------+-------+----------+



================================================================
== Utilization Estimates
================================================================
* Summary: 
+-----------------+---------+-----+--------+-------+-----+
|       Name      | BRAM_18K| DSP |   FF   |  LUT  | URAM|
+-----------------+---------+-----+--------+-------+-----+
|DSP              |        -|    -|       -|      -|    -|
|Expression       |        -|    -|       0|   7878|    -|
|FIFO             |        -|    -|       -|      -|    -|
|Instance         |        2|    -|    3180|   6062|    -|
|Memory           |       66|    -|      24|     12|    -|
|Multiplexer      |        -|    -|       -|   6688|    -|
|Register         |        -|    -|    6642|     96|    -|
+-----------------+---------+-----+--------+-------+-----+
|Total            |       68|    0|    9846|  20736|    0|
+-----------------+---------+-----+--------+-------+-----+
|Available        |      432|  360|  141120|  70560|    0|
+-----------------+---------+-----+--------+-------+-----+
|Utilization (%)  |       15|    0|       6|     29|    0|
+-----------------+---------+-----+--------+-------+-----+

+ Detail: 
    * Instance: 
    +--------------------+---------------+---------+----+------+------+-----+
    |      Instance      |     Module    | BRAM_18K| DSP|  FF  |  LUT | URAM|
    +--------------------+---------------+---------+----+------+------+-----+
    |control_s_axi_U     |control_s_axi  |        0|   0|   252|   424|    0|
    |gmem_m_axi_U        |gmem_m_axi     |        2|   0|   548|   700|    0|
    |grp_insert_fu_2380  |insert         |        0|   0|  2380|  4938|    0|
    +--------------------+---------------+---------+----+------+------+-----+
    |Total               |               |        2|   0|  3180|  6062|    0|
    +--------------------+---------------+---------+----+------+------+-----+

    * DSP: 
    N/A

    * Memory: 
    +-------------------------------+----------------------------+---------+----+----+-----+-------+-----+------+-------------+
    |             Memory            |           Module           | BRAM_18K| FF | LUT| URAM| Words | Bits| Banks| W*Bits*Banks|
    +-------------------------------+----------------------------+---------+----+----+-----+-------+-----+------+-------------+
    |hash_table_U                   |hash_table                  |       60|   0|   0|    0|  32768|   33|     1|      1081344|
    |my_assoc_mem_upper_key_mem_U   |my_assoc_mem_upper_key_mem  |        2|   0|   0|    0|    512|   64|     1|        32768|
    |my_assoc_mem_middle_key_mem_U  |my_assoc_mem_upper_key_mem  |        2|   0|   0|    0|    512|   64|     1|        32768|
    |my_assoc_mem_lower_key_mem_U   |my_assoc_mem_upper_key_mem  |        2|   0|   0|    0|    512|   64|     1|        32768|
    |my_assoc_mem_value_U           |my_assoc_mem_value          |        0|  24|  12|    0|     64|   12|     1|          768|
    +-------------------------------+----------------------------+---------+----+----+-----+-------+-----+------+-------------+
    |Total                          |                            |       66|  24|  12|    0|  34368|  237|     5|      1180416|
    +-------------------------------+----------------------------+---------+----+----+-----+-------+-----+------+-------------+

    * FIFO: 
    N/A

    * Expression: 
    +----------------------------------------------+----------+----+---+----+------------+------------+
    |                 Variable Name                | Operation| DSP| FF| LUT| Bitwidth P0| Bitwidth P1|
    +----------------------------------------------+----------+----+---+----+------------+------------+
    |add_ln189_fu_2953_p2                          |         +|   0|  0|  23|          16|           1|
    |add_ln194_fu_2970_p2                          |         +|   0|  0|  17|          10|           1|
    |add_ln19_fu_5467_p2                           |         +|   0|  0|  22|          15|          15|
    |add_ln220_fu_3042_p2                          |         +|   0|  0|  38|          31|           1|
    |add_ln225_fu_7302_p2                          |         +|   0|  0|  39|          32|           1|
    |add_ln227_fu_7372_p2                          |         +|   0|  0|  71|          64|          64|
    |add_ln234_fu_7442_p2                          |         +|   0|  0|  71|          64|          64|
    |add_ln23_19_fu_3171_p2                        |         +|   0|  0|  30|          23|          23|
    |add_ln23_20_fu_3295_p2                        |         +|   0|  0|  39|          32|          32|
    |add_ln23_21_fu_3423_p2                        |         +|   0|  0|  39|          32|          32|
    |add_ln23_22_fu_3551_p2                        |         +|   0|  0|  39|          32|          32|
    |add_ln23_23_fu_3679_p2                        |         +|   0|  0|  39|          32|          32|
    |add_ln23_24_fu_3807_p2                        |         +|   0|  0|  39|          32|          32|
    |add_ln23_25_fu_3927_p2                        |         +|   0|  0|  39|          32|          32|
    |add_ln23_26_fu_4055_p2                        |         +|   0|  0|  39|          32|          32|
    |add_ln23_27_fu_4183_p2                        |         +|   0|  0|  39|          32|          32|
    |add_ln23_28_fu_4311_p2                        |         +|   0|  0|  39|          32|          32|
    |add_ln23_29_fu_4439_p2                        |         +|   0|  0|  39|          32|          32|
    |add_ln23_30_fu_4567_p2                        |         +|   0|  0|  39|          32|          32|
    |add_ln23_31_fu_4695_p2                        |         +|   0|  0|  39|          32|          32|
    |add_ln23_32_fu_4823_p2                        |         +|   0|  0|  39|          32|          32|
    |add_ln23_33_fu_4951_p2                        |         +|   0|  0|  39|          32|          32|
    |add_ln23_34_fu_5079_p2                        |         +|   0|  0|  39|          32|          32|
    |add_ln23_35_fu_5207_p2                        |         +|   0|  0|  39|          32|          32|
    |add_ln23_36_fu_5335_p2                        |         +|   0|  0|  39|          32|          32|
    |add_ln23_37_fu_3269_p2                        |         +|   0|  0|  22|          15|          15|
    |add_ln23_38_fu_3397_p2                        |         +|   0|  0|  16|          15|          15|
    |add_ln23_39_fu_3525_p2                        |         +|   0|  0|  16|          15|          15|
    |add_ln23_40_fu_3653_p2                        |         +|   0|  0|  16|          15|          15|
    |add_ln23_41_fu_3781_p2                        |         +|   0|  0|  16|          15|          15|
    |add_ln23_42_fu_3901_p2                        |         +|   0|  0|  16|          15|          15|
    |add_ln23_43_fu_4029_p2                        |         +|   0|  0|  16|          15|          15|
    |add_ln23_44_fu_4157_p2                        |         +|   0|  0|  16|          15|          15|
    |add_ln23_45_fu_4285_p2                        |         +|   0|  0|  16|          15|          15|
    |add_ln23_46_fu_4413_p2                        |         +|   0|  0|  16|          15|          15|
    |add_ln23_47_fu_4541_p2                        |         +|   0|  0|  16|          15|          15|
    |add_ln23_48_fu_4669_p2                        |         +|   0|  0|  16|          15|          15|
    |add_ln23_49_fu_4797_p2                        |         +|   0|  0|  16|          15|          15|
    |add_ln23_50_fu_4925_p2                        |         +|   0|  0|  16|          15|          15|
    |add_ln23_51_fu_5053_p2                        |         +|   0|  0|  16|          15|          15|
    |add_ln23_52_fu_5181_p2                        |         +|   0|  0|  16|          15|          15|
    |add_ln23_53_fu_5309_p2                        |         +|   0|  0|  16|          15|          15|
    |add_ln23_fu_3111_p2                           |         +|   0|  0|  19|          12|          12|
    |add_ln241_fu_3061_p2                          |         +|   0|  0|  71|          64|          64|
    |add_ln24_19_fu_3209_p2                        |         +|   0|  0|  39|          32|          32|
    |add_ln24_20_fu_3335_p2                        |         +|   0|  0|  39|          32|          32|
    |add_ln24_21_fu_3463_p2                        |         +|   0|  0|  39|          32|          32|
    |add_ln24_22_fu_3591_p2                        |         +|   0|  0|  39|          32|          32|
    |add_ln24_23_fu_3719_p2                        |         +|   0|  0|  39|          32|          32|
    |add_ln24_24_fu_3847_p2                        |         +|   0|  0|  39|          32|          32|
    |add_ln24_25_fu_3967_p2                        |         +|   0|  0|  39|          32|          32|
    |add_ln24_26_fu_4095_p2                        |         +|   0|  0|  39|          32|          32|
    |add_ln24_27_fu_4223_p2                        |         +|   0|  0|  39|          32|          32|
    |add_ln24_28_fu_4351_p2                        |         +|   0|  0|  39|          32|          32|
    |add_ln24_29_fu_4479_p2                        |         +|   0|  0|  39|          32|          32|
    |add_ln24_30_fu_4607_p2                        |         +|   0|  0|  39|          32|          32|
    |add_ln24_31_fu_4735_p2                        |         +|   0|  0|  39|          32|          32|
    |add_ln24_32_fu_4863_p2                        |         +|   0|  0|  39|          32|          32|
    |add_ln24_33_fu_4991_p2                        |         +|   0|  0|  39|          32|          32|
    |add_ln24_34_fu_5119_p2                        |         +|   0|  0|  39|          32|          32|
    |add_ln24_35_fu_5247_p2                        |         +|   0|  0|  39|          32|          32|
    |add_ln24_36_fu_5375_p2                        |         +|   0|  0|  39|          32|          32|
    |add_ln24_37_fu_3317_p2                        |         +|   0|  0|  16|          26|          26|
    |add_ln24_38_fu_3445_p2                        |         +|   0|  0|  16|          26|          26|
    |add_ln24_39_fu_3573_p2                        |         +|   0|  0|  16|          26|          26|
    |add_ln24_40_fu_3701_p2                        |         +|   0|  0|  16|          26|          26|
    |add_ln24_41_fu_3829_p2                        |         +|   0|  0|  16|          26|          26|
    |add_ln24_42_fu_3949_p2                        |         +|   0|  0|  16|          26|          26|
    |add_ln24_43_fu_4077_p2                        |         +|   0|  0|  16|          26|          26|
    |add_ln24_44_fu_4205_p2                        |         +|   0|  0|  16|          26|          26|
    |add_ln24_45_fu_4333_p2                        |         +|   0|  0|  16|          26|          26|
    |add_ln24_46_fu_4461_p2                        |         +|   0|  0|  16|          26|          26|
    |add_ln24_47_fu_4589_p2                        |         +|   0|  0|  16|          26|          26|
    |add_ln24_48_fu_4717_p2                        |         +|   0|  0|  16|          26|          26|
    |add_ln24_49_fu_4845_p2                        |         +|   0|  0|  16|          26|          26|
    |add_ln24_50_fu_4973_p2                        |         +|   0|  0|  16|          26|          26|
    |add_ln24_51_fu_5101_p2                        |         +|   0|  0|  16|          26|          26|
    |add_ln24_52_fu_5229_p2                        |         +|   0|  0|  16|          26|          26|
    |add_ln24_53_fu_5357_p2                        |         +|   0|  0|  16|          26|          26|
    |add_ln24_fu_3129_p2                           |         +|   0|  0|  29|          22|          22|
    |add_ln252_10_fu_7170_p2                       |         +|   0|  0|  71|          64|          64|
    |add_ln252_11_fu_7199_p2                       |         +|   0|  0|  71|          64|          64|
    |add_ln252_12_fu_6653_p2                       |         +|   0|  0|  71|          64|          64|
    |add_ln252_13_fu_6699_p2                       |         +|   0|  0|  39|          32|           1|
    |add_ln252_14_fu_6767_p2                       |         +|   0|  0|  39|          32|           1|
    |add_ln252_15_fu_6818_p2                       |         +|   0|  0|  39|          32|           1|
    |add_ln252_16_fu_6869_p2                       |         +|   0|  0|  39|          32|           1|
    |add_ln252_17_fu_6920_p2                       |         +|   0|  0|  39|          32|           1|
    |add_ln252_18_fu_6976_p2                       |         +|   0|  0|  39|          32|           1|
    |add_ln252_19_fu_7022_p2                       |         +|   0|  0|  39|          32|           1|
    |add_ln252_1_fu_6709_p2                        |         +|   0|  0|  71|          64|          64|
    |add_ln252_20_fu_7068_p2                       |         +|   0|  0|  39|          32|           1|
    |add_ln252_21_fu_7114_p2                       |         +|   0|  0|  39|          32|           1|
    |add_ln252_22_fu_7160_p2                       |         +|   0|  0|  39|          32|           1|
    |add_ln252_23_fu_7210_p2                       |         +|   0|  0|  39|          32|           1|
    |add_ln252_2_fu_6777_p2                        |         +|   0|  0|  71|          64|          64|
    |add_ln252_3_fu_6828_p2                        |         +|   0|  0|  71|          64|          64|
    |add_ln252_4_fu_6879_p2                        |         +|   0|  0|  71|          64|          64|
    |add_ln252_5_fu_6930_p2                        |         +|   0|  0|  71|          64|          64|
    |add_ln252_6_fu_6986_p2                        |         +|   0|  0|  71|          64|          64|
    |add_ln252_7_fu_7032_p2                        |         +|   0|  0|  71|          64|          64|
    |add_ln252_8_fu_7078_p2                        |         +|   0|  0|  71|          64|          64|
    |add_ln252_9_fu_7124_p2                        |         +|   0|  0|  71|          64|          64|
    |add_ln252_fu_6643_p2                          |         +|   0|  0|  39|          32|           1|
    |add_ln254_10_fu_7181_p2                       |         +|   0|  0|  39|          32|           1|
    |add_ln254_11_fu_7216_p2                       |         +|   0|  0|  39|          32|           1|
    |add_ln254_1_fu_6720_p2                        |         +|   0|  0|  39|          32|           1|
    |add_ln254_2_fu_6788_p2                        |         +|   0|  0|  39|          32|           1|
    |add_ln254_3_fu_6839_p2                        |         +|   0|  0|  39|          32|           1|
    |add_ln254_4_fu_6890_p2                        |         +|   0|  0|  39|          32|           1|
    |add_ln254_5_fu_6941_p2                        |         +|   0|  0|  39|          32|           1|
    |add_ln254_6_fu_6997_p2                        |         +|   0|  0|  39|          32|           1|
    |add_ln254_7_fu_7043_p2                        |         +|   0|  0|  39|          32|           1|
    |add_ln254_8_fu_7089_p2                        |         +|   0|  0|  39|          32|           1|
    |add_ln254_9_fu_7135_p2                        |         +|   0|  0|  39|          32|           1|
    |add_ln254_fu_6664_p2                          |         +|   0|  0|  39|          32|           1|
    |add_ln25_36_fu_3355_p2                        |         +|   0|  0|  16|          15|          15|
    |add_ln25_37_fu_3373_p2                        |         +|   0|  0|  16|          26|          26|
    |add_ln25_38_fu_3483_p2                        |         +|   0|  0|  16|          15|          15|
    |add_ln25_39_fu_3501_p2                        |         +|   0|  0|  16|          26|          26|
    |add_ln25_40_fu_3611_p2                        |         +|   0|  0|  16|          15|          15|
    |add_ln25_41_fu_3629_p2                        |         +|   0|  0|  16|          26|          26|
    |add_ln25_42_fu_3739_p2                        |         +|   0|  0|  16|          15|          15|
    |add_ln25_43_fu_3757_p2                        |         +|   0|  0|  16|          26|          26|
    |add_ln25_44_fu_3867_p2                        |         +|   0|  0|  16|          15|          15|
    |add_ln25_45_fu_3885_p2                        |         +|   0|  0|  16|          26|          26|
    |add_ln25_46_fu_3987_p2                        |         +|   0|  0|  16|          15|          15|
    |add_ln25_47_fu_4005_p2                        |         +|   0|  0|  16|          26|          26|
    |add_ln25_48_fu_4115_p2                        |         +|   0|  0|  16|          15|          15|
    |add_ln25_49_fu_4133_p2                        |         +|   0|  0|  16|          26|          26|
    |add_ln25_50_fu_4243_p2                        |         +|   0|  0|  16|          15|          15|
    |add_ln25_51_fu_4261_p2                        |         +|   0|  0|  16|          26|          26|
    |add_ln25_52_fu_4371_p2                        |         +|   0|  0|  16|          15|          15|
    |add_ln25_53_fu_4389_p2                        |         +|   0|  0|  16|          26|          26|
    |add_ln25_54_fu_4499_p2                        |         +|   0|  0|  16|          15|          15|
    |add_ln25_55_fu_4517_p2                        |         +|   0|  0|  16|          26|          26|
    |add_ln25_56_fu_4627_p2                        |         +|   0|  0|  16|          15|          15|
    |add_ln25_57_fu_4645_p2                        |         +|   0|  0|  16|          26|          26|
    |add_ln25_58_fu_4755_p2                        |         +|   0|  0|  16|          15|          15|
    |add_ln25_59_fu_4773_p2                        |         +|   0|  0|  16|          26|          26|
    |add_ln25_60_fu_4883_p2                        |         +|   0|  0|  16|          15|          15|
    |add_ln25_61_fu_4901_p2                        |         +|   0|  0|  16|          26|          26|
    |add_ln25_62_fu_5011_p2                        |         +|   0|  0|  16|          15|          15|
    |add_ln25_63_fu_5029_p2                        |         +|   0|  0|  16|          26|          26|
    |add_ln25_64_fu_5139_p2                        |         +|   0|  0|  16|          15|          15|
    |add_ln25_65_fu_5157_p2                        |         +|   0|  0|  16|          26|          26|
    |add_ln25_66_fu_5267_p2                        |         +|   0|  0|  16|          15|          15|
    |add_ln25_67_fu_5285_p2                        |         +|   0|  0|  16|          26|          26|
    |add_ln25_68_fu_5381_p2                        |         +|   0|  0|  16|          15|          15|
    |add_ln25_69_fu_5399_p2                        |         +|   0|  0|  16|          26|          26|
    |add_ln25_70_fu_5415_p2                        |         +|   0|  0|  16|          15|          15|
    |add_ln25_fu_3245_p2                           |         +|   0|  0|  33|          26|          26|
    |grp_fu_2922_p2                                |         +|   0|  0|  39|          32|           4|
    |grp_fu_2933_p2                                |         +|   0|  0|  39|          32|           1|
    |hashed_fu_5461_p2                             |         +|   0|  0|  33|          26|          26|
    |next_code_1_fu_7230_p2                        |         +|   0|  0|  39|          32|           1|
    |output_pos_3_fu_7362_p2                       |         +|   0|  0|  39|          32|           1|
    |x_1_fu_7393_p2                                |         +|   0|  0|  12|           5|           2|
    |sub_ln226_fu_7334_p2                          |         -|   0|  0|  12|           1|           4|
    |sub_ln233_fu_7457_p2                          |         -|   0|  0|  12|           4|           5|
    |and_ln132_10_fu_5970_p2                       |       and|   0|  0|  10|          10|          10|
    |and_ln132_11_fu_5980_p2                       |       and|   0|  0|  11|          11|          11|
    |and_ln132_12_fu_5990_p2                       |       and|   0|  0|  12|          12|          12|
    |and_ln132_13_fu_6000_p2                       |       and|   0|  0|  13|          13|          13|
    |and_ln132_14_fu_6010_p2                       |       and|   0|  0|  14|          14|          14|
    |and_ln132_15_fu_6020_p2                       |       and|   0|  0|  15|          15|          15|
    |and_ln132_16_fu_6030_p2                       |       and|   0|  0|  16|          16|          16|
    |and_ln132_17_fu_6040_p2                       |       and|   0|  0|  17|          17|          17|
    |and_ln132_18_fu_6050_p2                       |       and|   0|  0|  18|          18|          18|
    |and_ln132_19_fu_6060_p2                       |       and|   0|  0|  19|          19|          19|
    |and_ln132_1_fu_5880_p2                        |       and|   0|  0|   2|           1|           1|
    |and_ln132_20_fu_6070_p2                       |       and|   0|  0|  20|          20|          20|
    |and_ln132_21_fu_6080_p2                       |       and|   0|  0|  21|          21|          21|
    |and_ln132_22_fu_6090_p2                       |       and|   0|  0|  22|          22|          22|
    |and_ln132_23_fu_6100_p2                       |       and|   0|  0|  23|          23|          23|
    |and_ln132_24_fu_6110_p2                       |       and|   0|  0|  24|          24|          24|
    |and_ln132_25_fu_6120_p2                       |       and|   0|  0|  25|          25|          25|
    |and_ln132_26_fu_6130_p2                       |       and|   0|  0|  26|          26|          26|
    |and_ln132_27_fu_6140_p2                       |       and|   0|  0|  27|          27|          27|
    |and_ln132_28_fu_6150_p2                       |       and|   0|  0|  28|          28|          28|
    |and_ln132_29_fu_6160_p2                       |       and|   0|  0|  29|          29|          29|
    |and_ln132_2_fu_5890_p2                        |       and|   0|  0|   2|           2|           2|
    |and_ln132_30_fu_6170_p2                       |       and|   0|  0|  30|          30|          30|
    |and_ln132_31_fu_6180_p2                       |       and|   0|  0|  31|          31|          31|
    |and_ln132_33_fu_6192_p2                       |       and|   0|  0|  31|          31|          31|
    |and_ln132_34_fu_6198_p2                       |       and|   0|  0|  30|          30|          30|
    |and_ln132_35_fu_6204_p2                       |       and|   0|  0|  29|          29|          29|
    |and_ln132_36_fu_6210_p2                       |       and|   0|  0|  28|          28|          28|
    |and_ln132_37_fu_6216_p2                       |       and|   0|  0|  27|          27|          27|
    |and_ln132_38_fu_6222_p2                       |       and|   0|  0|  26|          26|          26|
    |and_ln132_39_fu_6228_p2                       |       and|   0|  0|  25|          25|          25|
    |and_ln132_3_fu_5900_p2                        |       and|   0|  0|   3|           3|           3|
    |and_ln132_40_fu_6234_p2                       |       and|   0|  0|  24|          24|          24|
    |and_ln132_41_fu_6240_p2                       |       and|   0|  0|  23|          23|          23|
    |and_ln132_42_fu_6246_p2                       |       and|   0|  0|  22|          22|          22|
    |and_ln132_43_fu_6252_p2                       |       and|   0|  0|  21|          21|          21|
    |and_ln132_44_fu_6258_p2                       |       and|   0|  0|  20|          20|          20|
    |and_ln132_45_fu_6264_p2                       |       and|   0|  0|  19|          19|          19|
    |and_ln132_46_fu_6270_p2                       |       and|   0|  0|  18|          18|          18|
    |and_ln132_47_fu_6276_p2                       |       and|   0|  0|  17|          17|          17|
    |and_ln132_48_fu_6282_p2                       |       and|   0|  0|  16|          16|          16|
    |and_ln132_49_fu_6288_p2                       |       and|   0|  0|  15|          15|          15|
    |and_ln132_4_fu_5910_p2                        |       and|   0|  0|   4|           4|           4|
    |and_ln132_50_fu_6294_p2                       |       and|   0|  0|  14|          14|          14|
    |and_ln132_51_fu_6300_p2                       |       and|   0|  0|  13|          13|          13|
    |and_ln132_52_fu_6306_p2                       |       and|   0|  0|  12|          12|          12|
    |and_ln132_53_fu_6312_p2                       |       and|   0|  0|  11|          11|          11|
    |and_ln132_54_fu_6318_p2                       |       and|   0|  0|  10|          10|          10|
    |and_ln132_55_fu_6324_p2                       |       and|   0|  0|   9|           9|           9|
    |and_ln132_56_fu_6330_p2                       |       and|   0|  0|   8|           8|           8|
    |and_ln132_57_fu_6336_p2                       |       and|   0|  0|   7|           7|           7|
    |and_ln132_58_fu_6342_p2                       |       and|   0|  0|   6|           6|           6|
    |and_ln132_59_fu_6348_p2                       |       and|   0|  0|   5|           5|           5|
    |and_ln132_5_fu_5920_p2                        |       and|   0|  0|   5|           5|           5|
    |and_ln132_60_fu_6354_p2                       |       and|   0|  0|   4|           4|           4|
    |and_ln132_61_fu_6360_p2                       |       and|   0|  0|   3|           3|           3|
    |and_ln132_62_fu_6366_p2                       |       and|   0|  0|   2|           2|           2|
    |and_ln132_63_fu_6372_p2                       |       and|   0|  0|   2|           1|           1|
    |and_ln132_6_fu_5930_p2                        |       and|   0|  0|   6|           6|           6|
    |and_ln132_7_fu_5940_p2                        |       and|   0|  0|   7|           7|           7|
    |and_ln132_8_fu_5950_p2                        |       and|   0|  0|   8|           8|           8|
    |and_ln132_9_fu_5960_p2                        |       and|   0|  0|   9|           9|           9|
    |and_ln132_fu_5870_p2                          |       and|   0|  0|  32|          32|          32|
    |ap_block_pp2_stage0_11001                     |       and|   0|  0|   2|           1|           1|
    |ap_block_pp2_stage56_11001                    |       and|   0|  0|   2|           1|           1|
    |ap_block_pp2_stage57_11001                    |       and|   0|  0|   2|           1|           1|
    |ap_block_pp2_stage58_11001                    |       and|   0|  0|   2|           1|           1|
    |ap_block_pp2_stage59_11001                    |       and|   0|  0|   2|           1|           1|
    |ap_block_pp2_stage60_11001                    |       and|   0|  0|   2|           1|           1|
    |ap_block_pp2_stage61_11001                    |       and|   0|  0|   2|           1|           1|
    |ap_block_pp2_stage62_11001                    |       and|   0|  0|   2|           1|           1|
    |ap_block_pp2_stage63_11001                    |       and|   0|  0|   2|           1|           1|
    |ap_block_pp2_stage64_11001                    |       and|   0|  0|   2|           1|           1|
    |ap_block_pp2_stage65_11001                    |       and|   0|  0|   2|           1|           1|
    |ap_block_pp2_stage66_11001                    |       and|   0|  0|   2|           1|           1|
    |ap_block_pp2_stage67_11001                    |       and|   0|  0|   2|           1|           1|
    |ap_block_pp2_stage70_11001                    |       and|   0|  0|   2|           1|           1|
    |ap_block_pp2_stage73_11001                    |       and|   0|  0|   2|           1|           1|
    |ap_block_pp2_stage74_11001                    |       and|   0|  0|   2|           1|           1|
    |ap_block_pp2_stage75_11001                    |       and|   0|  0|   2|           1|           1|
    |ap_block_pp2_stage76_11001                    |       and|   0|  0|   2|           1|           1|
    |ap_block_pp2_stage77_11001                    |       and|   0|  0|   2|           1|           1|
    |ap_block_pp2_stage78_11001                    |       and|   0|  0|   2|           1|           1|
    |ap_block_pp2_stage79_11001                    |       and|   0|  0|   2|           1|           1|
    |ap_block_pp2_stage80_11001                    |       and|   0|  0|   2|           1|           1|
    |ap_block_pp2_stage81_11001                    |       and|   0|  0|   2|           1|           1|
    |ap_block_pp2_stage82_11001                    |       and|   0|  0|   2|           1|           1|
    |ap_block_pp2_stage83_11001                    |       and|   0|  0|   2|           1|           1|
    |ap_block_pp2_stage84_11001                    |       and|   0|  0|   2|           1|           1|
    |ap_block_pp2_stage85_11001                    |       and|   0|  0|   2|           1|           1|
    |ap_block_pp3_stage0_01001                     |       and|   0|  0|   2|           1|           1|
    |ap_block_state3588_io                         |       and|   0|  0|   2|           1|           1|
    |ap_block_state3658_pp2_stage70_iter0          |       and|   0|  0|   2|           1|           1|
    |ap_block_state3661_io                         |       and|   0|  0|   2|           1|           1|
    |ap_block_state3673_io                         |       and|   0|  0|   2|           1|           1|
    |ap_block_state3730_pp2_stage56_iter1          |       and|   0|  0|   2|           1|           1|
    |ap_block_state3731_pp2_stage57_iter1          |       and|   0|  0|   2|           1|           1|
    |ap_block_state3732_pp2_stage58_iter1          |       and|   0|  0|   2|           1|           1|
    |ap_block_state3733_pp2_stage59_iter1          |       and|   0|  0|   2|           1|           1|
    |ap_block_state3734_pp2_stage60_iter1          |       and|   0|  0|   2|           1|           1|
    |ap_block_state3735_pp2_stage61_iter1          |       and|   0|  0|   2|           1|           1|
    |ap_block_state3736_pp2_stage62_iter1          |       and|   0|  0|   2|           1|           1|
    |ap_block_state3737_pp2_stage63_iter1          |       and|   0|  0|   2|           1|           1|
    |ap_block_state3738_pp2_stage64_iter1          |       and|   0|  0|   2|           1|           1|
    |ap_block_state3739_pp2_stage65_iter1          |       and|   0|  0|   2|           1|           1|
    |ap_block_state3740_pp2_stage66_iter1          |       and|   0|  0|   2|           1|           1|
    |ap_block_state3741_pp2_stage67_iter1          |       and|   0|  0|   2|           1|           1|
    |ap_block_state3744_io                         |       and|   0|  0|   2|           1|           1|
    |ap_block_state3745_io                         |       and|   0|  0|   2|           1|           1|
    |ap_block_state3813_pp3_stage0_iter70          |       and|   0|  0|   2|           1|           1|
    |ap_block_state3884                            |       and|   0|  0|   2|           1|           1|
    |ap_condition_32414                            |       and|   0|  0|   2|           1|           1|
    |ap_condition_32424                            |       and|   0|  0|   2|           1|           1|
    |ap_condition_32442                            |       and|   0|  0|   2|           1|           1|
    |ap_condition_32451                            |       and|   0|  0|   2|           1|           1|
    |ap_condition_32460                            |       and|   0|  0|   2|           1|           1|
    |ap_condition_36903                            |       and|   0|  0|   2|           1|           1|
    |ap_condition_36908                            |       and|   0|  0|   2|           1|           1|
    |ap_condition_36914                            |       and|   0|  0|   2|           1|           1|
    |ap_condition_36921                            |       and|   0|  0|   2|           1|           1|
    |ap_condition_36929                            |       and|   0|  0|   2|           1|           1|
    |ap_condition_36938                            |       and|   0|  0|   2|           1|           1|
    |ap_condition_36948                            |       and|   0|  0|   2|           1|           1|
    |ap_condition_36959                            |       and|   0|  0|   2|           1|           1|
    |ap_condition_36971                            |       and|   0|  0|   2|           1|           1|
    |ap_condition_36984                            |       and|   0|  0|   2|           1|           1|
    |ap_condition_36998                            |       and|   0|  0|   2|           1|           1|
    |ap_condition_37013                            |       and|   0|  0|   2|           1|           1|
    |ap_condition_37029                            |       and|   0|  0|   2|           1|           1|
    |ap_condition_37046                            |       and|   0|  0|   2|           1|           1|
    |ap_condition_37064                            |       and|   0|  0|   2|           1|           1|
    |ap_condition_37083                            |       and|   0|  0|   2|           1|           1|
    |ap_condition_37103                            |       and|   0|  0|   2|           1|           1|
    |ap_condition_37124                            |       and|   0|  0|   2|           1|           1|
    |ap_condition_37146                            |       and|   0|  0|   2|           1|           1|
    |ap_condition_37169                            |       and|   0|  0|   2|           1|           1|
    |ap_condition_37193                            |       and|   0|  0|   2|           1|           1|
    |ap_condition_37218                            |       and|   0|  0|   2|           1|           1|
    |ap_condition_37244                            |       and|   0|  0|   2|           1|           1|
    |ap_condition_37271                            |       and|   0|  0|   2|           1|           1|
    |ap_condition_37299                            |       and|   0|  0|   2|           1|           1|
    |ap_condition_37328                            |       and|   0|  0|   2|           1|           1|
    |ap_condition_37358                            |       and|   0|  0|   2|           1|           1|
    |ap_condition_37389                            |       and|   0|  0|   2|           1|           1|
    |ap_condition_37421                            |       and|   0|  0|   2|           1|           1|
    |ap_condition_37454                            |       and|   0|  0|   2|           1|           1|
    |ap_condition_37564                            |       and|   0|  0|   2|           1|           1|
    |ap_condition_37578                            |       and|   0|  0|   2|           1|           1|
    |ap_condition_37582                            |       and|   0|  0|   2|           1|           1|
    |ap_condition_37586                            |       and|   0|  0|   2|           1|           1|
    |ap_condition_37590                            |       and|   0|  0|   2|           1|           1|
    |ap_condition_37594                            |       and|   0|  0|   2|           1|           1|
    |ap_condition_37598                            |       and|   0|  0|   2|           1|           1|
    |ap_condition_37602                            |       and|   0|  0|   2|           1|           1|
    |ap_condition_3948                             |       and|   0|  0|   2|           1|           1|
    |ap_condition_6174                             |       and|   0|  0|   2|           1|           1|
    |ap_predicate_op7623_readreq_state3588         |       and|   0|  0|   2|           1|           1|
    |ap_predicate_op7694_read_state3658            |       and|   0|  0|   2|           1|           1|
    |ap_predicate_op8368_writereq_state3661        |       and|   0|  0|   2|           1|           1|
    |ap_predicate_op8385_call_state3661            |       and|   0|  0|   2|           1|           1|
    |ap_predicate_op8385_call_state3661_state3660  |       and|   0|  0|   2|           1|           1|
    |ap_predicate_op8392_writereq_state3662        |       and|   0|  0|   2|           1|           1|
    |ap_predicate_op8411_writereq_state3663        |       and|   0|  0|   2|           1|           1|
    |ap_predicate_op8431_writereq_state3664        |       and|   0|  0|   2|           1|           1|
    |ap_predicate_op8452_writereq_state3665        |       and|   0|  0|   2|           1|           1|
    |ap_predicate_op8476_writereq_state3666        |       and|   0|  0|   2|           1|           1|
    |ap_predicate_op8498_writereq_state3667        |       and|   0|  0|   2|           1|           1|
    |ap_predicate_op8521_writereq_state3668        |       and|   0|  0|   2|           1|           1|
    |ap_predicate_op9326_writeresp_state3730       |       and|   0|  0|   2|           1|           1|
    |ap_predicate_op9338_writeresp_state3731       |       and|   0|  0|   2|           1|           1|
    |ap_predicate_op9349_writeresp_state3732       |       and|   0|  0|   2|           1|           1|
    |ap_predicate_op9359_writeresp_state3733       |       and|   0|  0|   2|           1|           1|
    |ap_predicate_op9368_writeresp_state3734       |       and|   0|  0|   2|           1|           1|
    |ap_predicate_op9376_writeresp_state3735       |       and|   0|  0|   2|           1|           1|
    |ap_predicate_op9383_writeresp_state3736       |       and|   0|  0|   2|           1|           1|
    |ap_predicate_op9389_writeresp_state3737       |       and|   0|  0|   2|           1|           1|
    |ap_predicate_op9608_writeresp_state3884       |       and|   0|  0|   2|           1|           1|
    |ap_predicate_tran3741to3742_state3673         |       and|   0|  0|   2|           1|           1|
    |hit_fu_5534_p2                                |       and|   0|  0|   2|           1|           1|
    |match_fu_6186_p2                              |       and|   0|  0|  32|          32|          32|
    |icmp_ln189_fu_2959_p2                         |      icmp|   0|  0|  13|          16|          17|
    |icmp_ln194_fu_2976_p2                         |      icmp|   0|  0|  11|          10|          11|
    |icmp_ln217_1_fu_3037_p2                       |      icmp|   0|  0|  20|          32|          32|
    |icmp_ln217_fu_2998_p2                         |      icmp|   0|  0|  20|          32|           1|
    |icmp_ln220_fu_3056_p2                         |      icmp|   0|  0|  20|          32|          32|
    |icmp_ln223_fu_7282_p2                         |      icmp|   0|  0|  20|          32|          32|
    |icmp_ln226_fu_7356_p2                         |      icmp|   0|  0|   9|           4|           1|
    |icmp_ln232_fu_7432_p2                         |      icmp|   0|  0|   9|           4|           1|
    |icmp_ln251_1_fu_6694_p2                       |      icmp|   0|  0|   8|           3|           3|
    |icmp_ln251_2_fu_6762_p2                       |      icmp|   0|  0|   8|           3|           3|
    |icmp_ln251_3_fu_6813_p2                       |      icmp|   0|  0|   9|           3|           4|
    |icmp_ln251_4_fu_6864_p2                       |      icmp|   0|  0|   8|           3|           2|
    |icmp_ln251_5_fu_6915_p2                       |      icmp|   0|  0|   8|           3|           2|
    |icmp_ln251_6_fu_6948_p2                       |      icmp|   0|  0|   8|           3|           1|
    |icmp_ln251_7_fu_6953_p2                       |      icmp|   0|  0|   8|           3|           1|
    |icmp_ln251_fu_6637_p2                         |      icmp|   0|  0|   8|           3|           2|
    |icmp_ln46_fu_5528_p2                          |      icmp|   0|  0|  14|          20|          20|
    |lshr_ln224_fu_7292_p2                         |      lshr|   0|  0|  25|          12|          12|
    |ap_block_pp3_stage0_11001                     |        or|   0|  0|   2|           1|           1|
    |ap_block_state1                               |        or|   0|  0|   2|           1|           1|
    |ap_block_state3662_io                         |        or|   0|  0|   2|           1|           1|
    |ap_block_state3663_io                         |        or|   0|  0|   2|           1|           1|
    |ap_block_state3664_io                         |        or|   0|  0|   2|           1|           1|
    |ap_block_state3665_io                         |        or|   0|  0|   2|           1|           1|
    |ap_block_state3666_io                         |        or|   0|  0|   2|           1|           1|
    |ap_block_state3667_io                         |        or|   0|  0|   2|           1|           1|
    |ap_block_state3668_io                         |        or|   0|  0|   2|           1|           1|
    |ap_block_state3669_io                         |        or|   0|  0|   2|           1|           1|
    |ap_block_state3670_io                         |        or|   0|  0|   2|           1|           1|
    |ap_block_state3671_io                         |        or|   0|  0|   2|           1|           1|
    |ap_block_state3672_io                         |        or|   0|  0|   2|           1|           1|
    |ap_predicate_tran3741to3885_state3673         |        or|   0|  0|   2|           1|           1|
    |code_fu_5540_p3                               |    select|   0|  0|  12|           1|          12|
    |select_ln226_fu_7348_p3                       |    select|   0|  0|   4|           1|           4|
    |shl_ln233_fu_7466_p2                          |       shl|   0|  0|  39|          17|          17|
    |ap_enable_pp2                                 |       xor|   0|  0|   2|           1|           2|
    |ap_enable_pp3                                 |       xor|   0|  0|   2|           1|           2|
    |ap_enable_reg_pp3_iter1                       |       xor|   0|  0|   2|           2|           1|
    |hashed_2_fu_5483_p2                           |       xor|   0|  0|  15|          15|          15|
    |xor_ln226_fu_7320_p2                          |       xor|   0|  0|   3|           3|           2|
    |xor_ln23_17_fu_3413_p2                        |       xor|   0|  0|  26|          26|          26|
    |xor_ln23_18_fu_3541_p2                        |       xor|   0|  0|  26|          26|          26|
    |xor_ln23_19_fu_3669_p2                        |       xor|   0|  0|  26|          26|          26|
    |xor_ln23_20_fu_3797_p2                        |       xor|   0|  0|  26|          26|          26|
    |xor_ln23_21_fu_3917_p2                        |       xor|   0|  0|  26|          26|          26|
    |xor_ln23_22_fu_4045_p2                        |       xor|   0|  0|  26|          26|          26|
    |xor_ln23_23_fu_4173_p2                        |       xor|   0|  0|  26|          26|          26|
    |xor_ln23_24_fu_4301_p2                        |       xor|   0|  0|  26|          26|          26|
    |xor_ln23_25_fu_4429_p2                        |       xor|   0|  0|  26|          26|          26|
    |xor_ln23_26_fu_4557_p2                        |       xor|   0|  0|  26|          26|          26|
    |xor_ln23_27_fu_4685_p2                        |       xor|   0|  0|  26|          26|          26|
    |xor_ln23_28_fu_4813_p2                        |       xor|   0|  0|  26|          26|          26|
    |xor_ln23_29_fu_4941_p2                        |       xor|   0|  0|  26|          26|          26|
    |xor_ln23_30_fu_5069_p2                        |       xor|   0|  0|  26|          26|          26|
    |xor_ln23_31_fu_5197_p2                        |       xor|   0|  0|  26|          26|          26|
    |xor_ln23_32_fu_5325_p2                        |       xor|   0|  0|  26|          26|          26|
    |xor_ln23_fu_3285_p2                           |       xor|   0|  0|  26|          26|          26|
    |xor_ln24_17_fu_3435_p2                        |       xor|   0|  0|  15|          15|          15|
    |xor_ln24_18_fu_3563_p2                        |       xor|   0|  0|  15|          15|          15|
    |xor_ln24_19_fu_3691_p2                        |       xor|   0|  0|  15|          15|          15|
    |xor_ln24_20_fu_3819_p2                        |       xor|   0|  0|  15|          15|          15|
    |xor_ln24_21_fu_3939_p2                        |       xor|   0|  0|  15|          15|          15|
    |xor_ln24_22_fu_4067_p2                        |       xor|   0|  0|  15|          15|          15|
    |xor_ln24_23_fu_4195_p2                        |       xor|   0|  0|  15|          15|          15|
    |xor_ln24_24_fu_4323_p2                        |       xor|   0|  0|  15|          15|          15|
    |xor_ln24_25_fu_4451_p2                        |       xor|   0|  0|  15|          15|          15|
    |xor_ln24_26_fu_4579_p2                        |       xor|   0|  0|  15|          15|          15|
    |xor_ln24_27_fu_4707_p2                        |       xor|   0|  0|  15|          15|          15|
    |xor_ln24_28_fu_4835_p2                        |       xor|   0|  0|  15|          15|          15|
    |xor_ln24_29_fu_4963_p2                        |       xor|   0|  0|  15|          15|          15|
    |xor_ln24_30_fu_5091_p2                        |       xor|   0|  0|  15|          15|          15|
    |xor_ln24_31_fu_5219_p2                        |       xor|   0|  0|  15|          15|          15|
    |xor_ln24_32_fu_5347_p2                        |       xor|   0|  0|  15|          15|          15|
    |xor_ln24_fu_3307_p2                           |       xor|   0|  0|  15|          15|          15|
    |xor_ln25_19_fu_3251_p2                        |       xor|   0|  0|  32|          32|          32|
    |xor_ln25_20_fu_3379_p2                        |       xor|   0|  0|  32|          32|          32|
    |xor_ln25_21_fu_3507_p2                        |       xor|   0|  0|  32|          32|          32|
    |xor_ln25_22_fu_3635_p2                        |       xor|   0|  0|  32|          32|          32|
    |xor_ln25_23_fu_3763_p2                        |       xor|   0|  0|  32|          32|          32|
    |xor_ln25_24_fu_3891_p2                        |       xor|   0|  0|  32|          32|          32|
    |xor_ln25_25_fu_4011_p2                        |       xor|   0|  0|  32|          32|          32|
    |xor_ln25_26_fu_4139_p2                        |       xor|   0|  0|  32|          32|          32|
    |xor_ln25_27_fu_4267_p2                        |       xor|   0|  0|  32|          32|          32|
    |xor_ln25_28_fu_4395_p2                        |       xor|   0|  0|  32|          32|          32|
    |xor_ln25_29_fu_4523_p2                        |       xor|   0|  0|  32|          32|          32|
    |xor_ln25_30_fu_4651_p2                        |       xor|   0|  0|  32|          32|          32|
    |xor_ln25_31_fu_4779_p2                        |       xor|   0|  0|  32|          32|          32|
    |xor_ln25_32_fu_4907_p2                        |       xor|   0|  0|  32|          32|          32|
    |xor_ln25_33_fu_5035_p2                        |       xor|   0|  0|  32|          32|          32|
    |xor_ln25_34_fu_5163_p2                        |       xor|   0|  0|  32|          32|          32|
    |xor_ln25_35_fu_5291_p2                        |       xor|   0|  0|  32|          32|          32|
    |xor_ln25_36_fu_5431_p2                        |       xor|   0|  0|  26|          26|          26|
    |xor_ln25_fu_3149_p2                           |       xor|   0|  0|  22|          22|          22|
    |xor_ln27_fu_5443_p2                           |       xor|   0|  0|  15|          15|          15|
    +----------------------------------------------+----------+----+---+----+------------+------------+
    |Total                                         |          |   0|  0|7878|        7357|        6381|
    +----------------------------------------------+----------+----+---+----+------------+------------+

    * Multiplexer: 
    +-----------------------------------------------+------+-----------+-----+-----------+
    |                      Name                     |  LUT | Input Size| Bits| Total Bits|
    +-----------------------------------------------+------+-----------+-----+-----------+
    |ap_NS_fsm                                      |  2693|       3748|    1|       3748|
    |ap_done                                        |     9|          2|    1|          2|
    |ap_enable_reg_pp2_iter1                        |     9|          2|    1|          2|
    |ap_enable_reg_pp3_iter1                        |     9|          2|    1|          2|
    |ap_enable_reg_pp3_iter70                       |     9|          2|    1|          2|
    |ap_phi_mux_address_lcssa1811_phi_fu_1858_p64   |   152|         33|    5|        165|
    |ap_phi_mux_i_2_phi_fu_1848_p4                  |     9|          2|   31|         62|
    |ap_phi_mux_inc2426_phi_fu_2351_p4              |     9|          2|   32|         64|
    |ap_phi_reg_pp2_iter0_empty_38_reg_1956         |     9|          2|   32|         64|
    |ap_phi_reg_pp2_iter0_empty_39_reg_1966         |     9|          2|    7|         14|
    |ap_phi_reg_pp2_iter0_empty_40_reg_1987         |     9|          2|   32|         64|
    |ap_phi_reg_pp2_iter0_empty_41_reg_1998         |     9|          2|    7|         14|
    |ap_phi_reg_pp2_iter0_empty_42_reg_2020         |     9|          2|   32|         64|
    |ap_phi_reg_pp2_iter0_empty_43_reg_2031         |     9|          2|    7|         14|
    |ap_phi_reg_pp2_iter0_empty_44_reg_2053         |     9|          2|   32|         64|
    |ap_phi_reg_pp2_iter0_empty_45_reg_2064         |     9|          2|    7|         14|
    |ap_phi_reg_pp2_iter0_empty_46_reg_2086         |     9|          2|   32|         64|
    |ap_phi_reg_pp2_iter0_empty_47_reg_2097         |     9|          2|    7|         14|
    |ap_phi_reg_pp2_iter0_empty_48_reg_2119         |     9|          2|   32|         64|
    |ap_phi_reg_pp2_iter0_empty_49_reg_2130         |     9|          2|    7|         14|
    |ap_phi_reg_pp2_iter0_empty_50_reg_2152         |     9|          2|   32|         64|
    |ap_phi_reg_pp2_iter0_empty_51_reg_2163         |     9|          2|    7|         14|
    |ap_phi_reg_pp2_iter0_empty_52_reg_2185         |     9|          2|   32|         64|
    |ap_phi_reg_pp2_iter0_empty_53_reg_2196         |     9|          2|    7|         14|
    |ap_phi_reg_pp2_iter0_empty_54_reg_2218         |     9|          2|   32|         64|
    |ap_phi_reg_pp2_iter0_empty_55_reg_2229         |     9|          2|    7|         14|
    |ap_phi_reg_pp2_iter0_empty_56_reg_2251         |     9|          2|   32|         64|
    |ap_phi_reg_pp2_iter0_empty_57_reg_2262         |     9|          2|    7|         14|
    |ap_phi_reg_pp2_iter0_empty_58_reg_2284         |     9|          2|   32|         64|
    |ap_phi_reg_pp2_iter0_empty_59_reg_2295         |     9|          2|    7|         14|
    |ap_phi_reg_pp2_iter0_empty_60_reg_2317         |     9|          2|   32|         64|
    |ap_phi_reg_pp2_iter0_empty_61_reg_2327         |     9|          2|    8|         16|
    |ap_phi_reg_pp2_iter0_output_pos_4_0_reg_1977   |     9|          2|   32|         64|
    |ap_phi_reg_pp2_iter0_output_pos_4_10_reg_2306  |     9|          2|   32|         64|
    |ap_phi_reg_pp2_iter0_output_pos_4_11_reg_2338  |     9|          2|   32|         64|
    |ap_phi_reg_pp2_iter0_output_pos_4_1_reg_2009   |     9|          2|   32|         64|
    |ap_phi_reg_pp2_iter0_output_pos_4_2_reg_2042   |     9|          2|   32|         64|
    |ap_phi_reg_pp2_iter0_output_pos_4_3_reg_2075   |     9|          2|   32|         64|
    |ap_phi_reg_pp2_iter0_output_pos_4_4_reg_2108   |     9|          2|   32|         64|
    |ap_phi_reg_pp2_iter0_output_pos_4_5_reg_2141   |     9|          2|   32|         64|
    |ap_phi_reg_pp2_iter0_output_pos_4_6_reg_2174   |     9|          2|   32|         64|
    |ap_phi_reg_pp2_iter0_output_pos_4_7_reg_2207   |     9|          2|   32|         64|
    |ap_phi_reg_pp2_iter0_output_pos_4_8_reg_2240   |     9|          2|   32|         64|
    |ap_phi_reg_pp2_iter0_output_pos_4_9_reg_2273   |     9|          2|   32|         64|
    |empty_33_fu_1424                               |     9|          2|   32|         64|
    |empty_34_fu_1444                               |    14|          3|    7|         21|
    |empty_35_fu_1452                               |     9|          2|   32|         64|
    |gmem_ARADDR                                    |    14|          3|   64|        192|
    |gmem_AWADDR                                    |    65|         15|   64|        960|
    |gmem_WDATA                                     |    65|         15|    8|        120|
    |gmem_blk_n_AR                                  |     9|          2|    1|          2|
    |gmem_blk_n_AW                                  |     9|          2|    1|          2|
    |gmem_blk_n_B                                   |     9|          2|    1|          2|
    |gmem_blk_n_R                                   |     9|          2|    1|          2|
    |gmem_blk_n_W                                   |     9|          2|    1|          2|
    |grp_insert_fu_2380_key                         |  1372|        258|   20|       5160|
    |grp_insert_fu_2380_mem_fill_read               |    20|          4|   32|        128|
    |grp_insert_fu_2380_mem_fill_read_5             |    20|          4|   32|        128|
    |grp_insert_fu_2380_value_r                     |  1372|        258|   12|       3096|
    |hash_table_address0                            |    20|          4|   15|         60|
    |hash_table_ce0                                 |    14|          3|    1|          3|
    |hash_table_d0                                  |    14|          3|   33|         99|
    |hash_table_we0                                 |    14|          3|    1|          3|
    |i_1_reg_1833                                   |     9|          2|   10|         20|
    |i_2_reg_1844                                   |     9|          2|   31|         62|
    |i_reg_1822                                     |     9|          2|   16|         32|
    |inc2426_reg_2348                               |     9|          2|   32|         64|
    |my_assoc_mem_lower_key_mem_address0            |    20|          4|    9|         36|
    |my_assoc_mem_lower_key_mem_ce0                 |    14|          3|    1|          3|
    |my_assoc_mem_lower_key_mem_d0                  |    14|          3|   64|        192|
    |my_assoc_mem_lower_key_mem_we0                 |    14|          3|    1|          3|
    |my_assoc_mem_middle_key_mem_address0           |    20|          4|    9|         36|
    |my_assoc_mem_middle_key_mem_ce0                |    14|          3|    1|          3|
    |my_assoc_mem_middle_key_mem_d0                 |    14|          3|   64|        192|
    |my_assoc_mem_middle_key_mem_we0                |    14|          3|    1|          3|
    |my_assoc_mem_upper_key_mem_address0            |    20|          4|    9|         36|
    |my_assoc_mem_upper_key_mem_ce0                 |    14|          3|    1|          3|
    |my_assoc_mem_upper_key_mem_d0                  |    14|          3|   64|        192|
    |my_assoc_mem_upper_key_mem_we0                 |    14|          3|    1|          3|
    |my_assoc_mem_value_address0                    |    14|          3|    6|         18|
    |my_assoc_mem_value_ce0                         |    14|          3|    1|          3|
    |my_assoc_mem_value_we0                         |     9|          2|    1|          2|
    |next_code_fu_1432                              |     9|          2|   32|         64|
    |output_bit_0_fu_1428                           |     9|          2|   32|         64|
    |output_char_0_fu_1436                          |     9|          2|    8|         16|
    |output_pos_1_fu_1448                           |     9|          2|   32|         64|
    |output_pos_fu_1420                             |     9|          2|   32|         64|
    |prefix_code_1_fu_1416                          |    20|          4|   12|         48|
    |size                                           |    65|         15|   32|        480|
    |x_reg_2357                                     |     9|          2|    5|         10|
    +-----------------------------------------------+------+-----------+-----+-----------+
    |Total                                          |  6688|       4538| 1791|      17574|
    +-----------------------------------------------+------+-----------+-----+-----------+

    * Register: 
    +-----------------------------------------------+------+----+------+-----------+
    |                      Name                     |  FF  | LUT| Bits | Const Bits|
    +-----------------------------------------------+------+----+------+-----------+
    |add_ln220_reg_7592                             |    31|   0|    31|          0|
    |add_ln225_reg_8272                             |    32|   0|    32|          0|
    |and_ln132_63_reg_7762                          |     1|   0|     1|          0|
    |ap_CS_fsm                                      |  3747|   0|  3747|          0|
    |ap_done_reg                                    |     1|   0|     1|          0|
    |ap_enable_reg_pp2_iter0                        |     1|   0|     1|          0|
    |ap_enable_reg_pp2_iter1                        |     1|   0|     1|          0|
    |ap_enable_reg_pp3_iter0                        |     1|   0|     1|          0|
    |ap_enable_reg_pp3_iter1                        |     1|   0|     1|          0|
    |ap_enable_reg_pp3_iter10                       |     1|   0|     1|          0|
    |ap_enable_reg_pp3_iter11                       |     1|   0|     1|          0|
    |ap_enable_reg_pp3_iter12                       |     1|   0|     1|          0|
    |ap_enable_reg_pp3_iter13                       |     1|   0|     1|          0|
    |ap_enable_reg_pp3_iter14                       |     1|   0|     1|          0|
    |ap_enable_reg_pp3_iter15                       |     1|   0|     1|          0|
    |ap_enable_reg_pp3_iter16                       |     1|   0|     1|          0|
    |ap_enable_reg_pp3_iter17                       |     1|   0|     1|          0|
    |ap_enable_reg_pp3_iter18                       |     1|   0|     1|          0|
    |ap_enable_reg_pp3_iter19                       |     1|   0|     1|          0|
    |ap_enable_reg_pp3_iter2                        |     1|   0|     1|          0|
    |ap_enable_reg_pp3_iter20                       |     1|   0|     1|          0|
    |ap_enable_reg_pp3_iter21                       |     1|   0|     1|          0|
    |ap_enable_reg_pp3_iter22                       |     1|   0|     1|          0|
    |ap_enable_reg_pp3_iter23                       |     1|   0|     1|          0|
    |ap_enable_reg_pp3_iter24                       |     1|   0|     1|          0|
    |ap_enable_reg_pp3_iter25                       |     1|   0|     1|          0|
    |ap_enable_reg_pp3_iter26                       |     1|   0|     1|          0|
    |ap_enable_reg_pp3_iter27                       |     1|   0|     1|          0|
    |ap_enable_reg_pp3_iter28                       |     1|   0|     1|          0|
    |ap_enable_reg_pp3_iter29                       |     1|   0|     1|          0|
    |ap_enable_reg_pp3_iter3                        |     1|   0|     1|          0|
    |ap_enable_reg_pp3_iter30                       |     1|   0|     1|          0|
    |ap_enable_reg_pp3_iter31                       |     1|   0|     1|          0|
    |ap_enable_reg_pp3_iter32                       |     1|   0|     1|          0|
    |ap_enable_reg_pp3_iter33                       |     1|   0|     1|          0|
    |ap_enable_reg_pp3_iter34                       |     1|   0|     1|          0|
    |ap_enable_reg_pp3_iter35                       |     1|   0|     1|          0|
    |ap_enable_reg_pp3_iter36                       |     1|   0|     1|          0|
    |ap_enable_reg_pp3_iter37                       |     1|   0|     1|          0|
    |ap_enable_reg_pp3_iter38                       |     1|   0|     1|          0|
    |ap_enable_reg_pp3_iter39                       |     1|   0|     1|          0|
    |ap_enable_reg_pp3_iter4                        |     1|   0|     1|          0|
    |ap_enable_reg_pp3_iter40                       |     1|   0|     1|          0|
    |ap_enable_reg_pp3_iter41                       |     1|   0|     1|          0|
    |ap_enable_reg_pp3_iter42                       |     1|   0|     1|          0|
    |ap_enable_reg_pp3_iter43                       |     1|   0|     1|          0|
    |ap_enable_reg_pp3_iter44                       |     1|   0|     1|          0|
    |ap_enable_reg_pp3_iter45                       |     1|   0|     1|          0|
    |ap_enable_reg_pp3_iter46                       |     1|   0|     1|          0|
    |ap_enable_reg_pp3_iter47                       |     1|   0|     1|          0|
    |ap_enable_reg_pp3_iter48                       |     1|   0|     1|          0|
    |ap_enable_reg_pp3_iter49                       |     1|   0|     1|          0|
    |ap_enable_reg_pp3_iter5                        |     1|   0|     1|          0|
    |ap_enable_reg_pp3_iter50                       |     1|   0|     1|          0|
    |ap_enable_reg_pp3_iter51                       |     1|   0|     1|          0|
    |ap_enable_reg_pp3_iter52                       |     1|   0|     1|          0|
    |ap_enable_reg_pp3_iter53                       |     1|   0|     1|          0|
    |ap_enable_reg_pp3_iter54                       |     1|   0|     1|          0|
    |ap_enable_reg_pp3_iter55                       |     1|   0|     1|          0|
    |ap_enable_reg_pp3_iter56                       |     1|   0|     1|          0|
    |ap_enable_reg_pp3_iter57                       |     1|   0|     1|          0|
    |ap_enable_reg_pp3_iter58                       |     1|   0|     1|          0|
    |ap_enable_reg_pp3_iter59                       |     1|   0|     1|          0|
    |ap_enable_reg_pp3_iter6                        |     1|   0|     1|          0|
    |ap_enable_reg_pp3_iter60                       |     1|   0|     1|          0|
    |ap_enable_reg_pp3_iter61                       |     1|   0|     1|          0|
    |ap_enable_reg_pp3_iter62                       |     1|   0|     1|          0|
    |ap_enable_reg_pp3_iter63                       |     1|   0|     1|          0|
    |ap_enable_reg_pp3_iter64                       |     1|   0|     1|          0|
    |ap_enable_reg_pp3_iter65                       |     1|   0|     1|          0|
    |ap_enable_reg_pp3_iter66                       |     1|   0|     1|          0|
    |ap_enable_reg_pp3_iter67                       |     1|   0|     1|          0|
    |ap_enable_reg_pp3_iter68                       |     1|   0|     1|          0|
    |ap_enable_reg_pp3_iter69                       |     1|   0|     1|          0|
    |ap_enable_reg_pp3_iter7                        |     1|   0|     1|          0|
    |ap_enable_reg_pp3_iter70                       |     1|   0|     1|          0|
    |ap_enable_reg_pp3_iter8                        |     1|   0|     1|          0|
    |ap_enable_reg_pp3_iter9                        |     1|   0|     1|          0|
    |ap_exit_tran_regpp2                            |     1|   0|     2|          1|
    |ap_phi_reg_pp2_iter0_empty_38_reg_1956         |    32|   0|    32|          0|
    |ap_phi_reg_pp2_iter0_empty_39_reg_1966         |     7|   0|     7|          0|
    |ap_phi_reg_pp2_iter0_empty_40_reg_1987         |    32|   0|    32|          0|
    |ap_phi_reg_pp2_iter0_empty_41_reg_1998         |     7|   0|     7|          0|
    |ap_phi_reg_pp2_iter0_empty_42_reg_2020         |    32|   0|    32|          0|
    |ap_phi_reg_pp2_iter0_empty_43_reg_2031         |     7|   0|     7|          0|
    |ap_phi_reg_pp2_iter0_empty_44_reg_2053         |    32|   0|    32|          0|
    |ap_phi_reg_pp2_iter0_empty_45_reg_2064         |     7|   0|     7|          0|
    |ap_phi_reg_pp2_iter0_empty_46_reg_2086         |    32|   0|    32|          0|
    |ap_phi_reg_pp2_iter0_empty_47_reg_2097         |     7|   0|     7|          0|
    |ap_phi_reg_pp2_iter0_empty_48_reg_2119         |    32|   0|    32|          0|
    |ap_phi_reg_pp2_iter0_empty_49_reg_2130         |     7|   0|     7|          0|
    |ap_phi_reg_pp2_iter0_empty_50_reg_2152         |    32|   0|    32|          0|
    |ap_phi_reg_pp2_iter0_empty_51_reg_2163         |     7|   0|     7|          0|
    |ap_phi_reg_pp2_iter0_empty_52_reg_2185         |    32|   0|    32|          0|
    |ap_phi_reg_pp2_iter0_empty_53_reg_2196         |     7|   0|     7|          0|
    |ap_phi_reg_pp2_iter0_empty_54_reg_2218         |    32|   0|    32|          0|
    |ap_phi_reg_pp2_iter0_empty_55_reg_2229         |     7|   0|     7|          0|
    |ap_phi_reg_pp2_iter0_empty_56_reg_2251         |    32|   0|    32|          0|
    |ap_phi_reg_pp2_iter0_empty_57_reg_2262         |     7|   0|     7|          0|
    |ap_phi_reg_pp2_iter0_empty_58_reg_2284         |    32|   0|    32|          0|
    |ap_phi_reg_pp2_iter0_empty_59_reg_2295         |     7|   0|     7|          0|
    |ap_phi_reg_pp2_iter0_empty_60_reg_2317         |    32|   0|    32|          0|
    |ap_phi_reg_pp2_iter0_empty_61_reg_2327         |     8|   0|     8|          0|
    |ap_phi_reg_pp2_iter0_output_pos_4_0_reg_1977   |    32|   0|    32|          0|
    |ap_phi_reg_pp2_iter0_output_pos_4_10_reg_2306  |    32|   0|    32|          0|
    |ap_phi_reg_pp2_iter0_output_pos_4_11_reg_2338  |    32|   0|    32|          0|
    |ap_phi_reg_pp2_iter0_output_pos_4_1_reg_2009   |    32|   0|    32|          0|
    |ap_phi_reg_pp2_iter0_output_pos_4_2_reg_2042   |    32|   0|    32|          0|
    |ap_phi_reg_pp2_iter0_output_pos_4_3_reg_2075   |    32|   0|    32|          0|
    |ap_phi_reg_pp2_iter0_output_pos_4_4_reg_2108   |    32|   0|    32|          0|
    |ap_phi_reg_pp2_iter0_output_pos_4_5_reg_2141   |    32|   0|    32|          0|
    |ap_phi_reg_pp2_iter0_output_pos_4_6_reg_2174   |    32|   0|    32|          0|
    |ap_phi_reg_pp2_iter0_output_pos_4_7_reg_2207   |    32|   0|    32|          0|
    |ap_phi_reg_pp2_iter0_output_pos_4_8_reg_2240   |    32|   0|    32|          0|
    |ap_phi_reg_pp2_iter0_output_pos_4_9_reg_2273   |    32|   0|    32|          0|
    |ap_rst_n_inv                                   |     1|   0|     1|          0|
    |ap_rst_reg_1                                   |     1|   0|     1|          0|
    |ap_rst_reg_2                                   |     1|   0|     1|          0|
    |collision_reg_8236                             |     1|   0|     1|          0|
    |empty_33_fu_1424                               |    32|   0|    32|          0|
    |empty_34_fu_1444                               |     7|   0|     7|          0|
    |empty_35_fu_1452                               |    32|   0|    32|          0|
    |empty_58_reg_2284                              |    32|   0|    32|          0|
    |gmem_addr_10_reg_8099                          |    64|   0|    64|          0|
    |gmem_addr_11_reg_8125                          |    64|   0|    64|          0|
    |gmem_addr_12_reg_8151                          |    64|   0|    64|          0|
    |gmem_addr_13_reg_8177                          |    64|   0|    64|          0|
    |gmem_addr_14_reg_8203                          |    64|   0|    64|          0|
    |gmem_addr_15_reg_8220                          |    64|   0|    64|          0|
    |gmem_addr_2_reg_8306                           |    64|   0|    64|          0|
    |gmem_addr_3_reg_8286                           |    64|   0|    64|          0|
    |gmem_addr_4_reg_7904                           |    64|   0|    64|          0|
    |gmem_addr_5_reg_7939                           |    64|   0|    64|          0|
    |gmem_addr_6_reg_7975                           |    64|   0|    64|          0|
    |gmem_addr_7_reg_8005                           |    64|   0|    64|          0|
    |gmem_addr_8_reg_8035                           |    64|   0|    64|          0|
    |gmem_addr_9_reg_8065                           |    64|   0|    64|          0|
    |grp_insert_fu_2380_ap_start_reg                |     1|   0|     1|          0|
    |hit_reg_7703                                   |     1|   0|     1|          0|
    |i_1_reg_1833                                   |    10|   0|    10|          0|
    |i_2_reg_1844                                   |    31|   0|    31|          0|
    |i_reg_1822                                     |    16|   0|    16|          0|
    |icmp_ln217_1_reg_7588                          |     1|   0|     1|          0|
    |icmp_ln217_1_reg_7588_pp2_iter1_reg            |     1|   0|     1|          0|
    |icmp_ln217_reg_7534                            |     1|   0|     1|          0|
    |icmp_ln220_reg_7597                            |     1|   0|     1|          0|
    |icmp_ln220_reg_7597_pp2_iter1_reg              |     1|   0|     1|          0|
    |icmp_ln223_reg_8262                            |     1|   0|     1|          0|
    |icmp_ln226_reg_8282                            |     1|   0|     1|          0|
    |icmp_ln232_reg_8302                            |     1|   0|     1|          0|
    |icmp_ln251_1_reg_7930                          |     1|   0|     1|          0|
    |icmp_ln251_2_reg_7966                          |     1|   0|     1|          0|
    |icmp_ln251_3_reg_7996                          |     1|   0|     1|          0|
    |icmp_ln251_4_reg_8026                          |     1|   0|     1|          0|
    |icmp_ln251_5_reg_8056                          |     1|   0|     1|          0|
    |icmp_ln251_6_reg_8076                          |     1|   0|     1|          0|
    |icmp_ln251_7_reg_8080                          |     1|   0|     1|          0|
    |icmp_ln251_reg_7895                            |     1|   0|     1|          0|
    |inc2426_reg_2348                               |    32|   0|    32|          0|
    |key_assign_reg_7698                            |    20|   0|    20|          0|
    |my_assoc_mem_fill_256_fu_1440                  |    32|   0|    32|          0|
    |next_char_reg_7614                             |     8|   0|     8|          0|
    |next_code_fu_1432                              |    32|   0|    32|          0|
    |or_ln249_10_reg_8214                           |     8|   0|     8|          0|
    |or_ln249_1_reg_7920                            |     8|   0|     8|          0|
    |or_ln249_2_reg_7956                            |     8|   0|     8|          0|
    |or_ln249_3_reg_7986                            |     8|   0|     8|          0|
    |or_ln249_4_reg_8016                            |     8|   0|     8|          0|
    |or_ln249_5_reg_8046                            |     8|   0|     8|          0|
    |or_ln249_6_reg_8084                            |     8|   0|     8|          0|
    |or_ln249_7_reg_8110                            |     8|   0|     8|          0|
    |or_ln249_8_reg_8136                            |     8|   0|     8|          0|
    |or_ln249_9_reg_8162                            |     8|   0|     8|          0|
    |or_ln249_s_reg_8188                            |     8|   0|     8|          0|
    |output_bit_0_fu_1428                           |    32|   0|    32|          0|
    |output_bit_0_load_reg_7734                     |    32|   0|    32|          0|
    |output_char_0_fu_1436                          |     8|   0|     8|          0|
    |output_pos_1_fu_1448                           |    32|   0|    32|          0|
    |output_pos_2_reg_7722                          |    32|   0|    32|          0|
    |output_pos_4_10_reg_2306                       |    32|   0|    32|          0|
    |output_pos_fu_1420                             |    32|   0|    32|          0|
    |p_load_reg_7728                                |    32|   0|    32|          0|
    |prefix_code_1_fu_1416                          |    12|   0|    12|          0|
    |prefix_code_1_load_reg_7607                    |    12|   0|    12|          0|
    |prefix_code_reg_7529                           |     8|   0|     8|          0|
    |reg_2943                                       |    32|   0|    32|          0|
    |reg_2949                                       |    32|   0|    32|          0|
    |rem_phi_cast164_reg_8297                       |     5|   0|     5|          0|
    |rem_phi_reg_2368                               |     4|   0|     4|          0|
    |select_ln226_reg_8277                          |     4|   0|     4|          0|
    |tmp_27_reg_7627                                |     1|   0|     1|          0|
    |tmp_28_reg_7633                                |     1|   0|     1|          0|
    |tmp_29_reg_7639                                |     1|   0|     1|          0|
    |tmp_30_reg_7645                                |     1|   0|     1|          0|
    |tmp_31_reg_7651                                |     1|   0|     1|          0|
    |tmp_32_reg_7657                                |     1|   0|     1|          0|
    |tmp_33_reg_7663                                |     1|   0|     1|          0|
    |tmp_34_reg_7669                                |     1|   0|     1|          0|
    |tmp_35_reg_7675                                |     1|   0|     1|          0|
    |tmp_36_reg_7681                                |     1|   0|     1|          0|
    |tmp_37_reg_7687                                |     1|   0|     1|          0|
    |tmp_40_reg_7766                                |     1|   0|     1|          0|
    |tmp_41_reg_7770                                |     1|   0|     1|          0|
    |tmp_42_reg_7774                                |     1|   0|     1|          0|
    |tmp_43_reg_7778                                |     1|   0|     1|          0|
    |tmp_44_reg_7782                                |     1|   0|     1|          0|
    |tmp_45_reg_7786                                |     1|   0|     1|          0|
    |tmp_46_reg_7790                                |     1|   0|     1|          0|
    |tmp_47_reg_7794                                |     1|   0|     1|          0|
    |tmp_48_reg_7798                                |     1|   0|     1|          0|
    |tmp_49_reg_7802                                |     1|   0|     1|          0|
    |tmp_50_reg_7806                                |     1|   0|     1|          0|
    |tmp_51_reg_7810                                |     1|   0|     1|          0|
    |tmp_52_reg_7814                                |     1|   0|     1|          0|
    |tmp_53_reg_7818                                |     1|   0|     1|          0|
    |tmp_54_reg_7822                                |     1|   0|     1|          0|
    |tmp_55_reg_7826                                |     1|   0|     1|          0|
    |tmp_56_reg_7830                                |     1|   0|     1|          0|
    |tmp_57_reg_7834                                |     1|   0|     1|          0|
    |tmp_58_reg_7838                                |     1|   0|     1|          0|
    |tmp_59_reg_7842                                |     1|   0|     1|          0|
    |tmp_60_reg_7846                                |     1|   0|     1|          0|
    |tmp_61_reg_7850                                |     1|   0|     1|          0|
    |tmp_62_reg_7854                                |     1|   0|     1|          0|
    |tmp_63_reg_7858                                |     1|   0|     1|          0|
    |tmp_64_reg_7862                                |     1|   0|     1|          0|
    |tmp_65_reg_7866                                |     1|   0|     1|          0|
    |tmp_66_reg_7870                                |     1|   0|     1|          0|
    |tmp_67_reg_7874                                |     1|   0|     1|          0|
    |tmp_68_reg_7878                                |     1|   0|     1|          0|
    |tmp_69_reg_7882                                |     1|   0|     1|          0|
    |tmp_70_reg_7886                                |     1|   0|     1|          0|
    |trunc_ln217_1_reg_7746                         |    12|   0|    12|          0|
    |trunc_ln217_2_reg_7751                         |     3|   0|     3|          0|
    |trunc_ln217_reg_7740                           |     7|   0|     7|          0|
    |trunc_ln224_1_reg_8266                         |     1|   0|     1|          0|
    |trunc_ln224_1_reg_8266_pp3_iter1_reg           |     1|   0|     1|          0|
    |trunc_ln233_reg_8312                           |     8|   0|     8|          0|
    |trunc_ln244_reg_7621                           |     1|   0|     1|          0|
    |x_reg_2357                                     |     5|   0|     5|          0|
    |icmp_ln223_reg_8262                            |    64|  32|     1|          0|
    |icmp_ln226_reg_8282                            |    64|  32|     1|          0|
    |select_ln226_reg_8277                          |    64|  32|     4|          0|
    +-----------------------------------------------+------+----+------+-----------+
    |Total                                          |  6642|  96|  6457|          1|
    +-----------------------------------------------+------+----+------+-----------+



================================================================
== Interface
================================================================
* Summary: 
+-----------------------+-----+-----+---------------+-------------------+--------------+
|       RTL Ports       | Dir | Bits|    Protocol   |   Source Object   |    C Type    |
+-----------------------+-----+-----+---------------+-------------------+--------------+
|s_axi_control_AWVALID  |   in|    1|          s_axi|            control|        scalar|
|s_axi_control_AWREADY  |  out|    1|          s_axi|            control|        scalar|
|s_axi_control_AWADDR   |   in|    6|          s_axi|            control|        scalar|
|s_axi_control_WVALID   |   in|    1|          s_axi|            control|        scalar|
|s_axi_control_WREADY   |  out|    1|          s_axi|            control|        scalar|
|s_axi_control_WDATA    |   in|   32|          s_axi|            control|        scalar|
|s_axi_control_WSTRB    |   in|    4|          s_axi|            control|        scalar|
|s_axi_control_ARVALID  |   in|    1|          s_axi|            control|        scalar|
|s_axi_control_ARREADY  |  out|    1|          s_axi|            control|        scalar|
|s_axi_control_ARADDR   |   in|    6|          s_axi|            control|        scalar|
|s_axi_control_RVALID   |  out|    1|          s_axi|            control|        scalar|
|s_axi_control_RREADY   |   in|    1|          s_axi|            control|        scalar|
|s_axi_control_RDATA    |  out|   32|          s_axi|            control|        scalar|
|s_axi_control_RRESP    |  out|    2|          s_axi|            control|        scalar|
|s_axi_control_BVALID   |  out|    1|          s_axi|            control|        scalar|
|s_axi_control_BREADY   |   in|    1|          s_axi|            control|        scalar|
|s_axi_control_BRESP    |  out|    2|          s_axi|            control|        scalar|
|ap_clk                 |   in|    1|  ap_ctrl_chain|  hardware_encoding|  return value|
|ap_rst_n               |   in|    1|  ap_ctrl_chain|  hardware_encoding|  return value|
|interrupt              |  out|    1|  ap_ctrl_chain|  hardware_encoding|  return value|
|m_axi_gmem_AWVALID     |  out|    1|          m_axi|               gmem|       pointer|
|m_axi_gmem_AWREADY     |   in|    1|          m_axi|               gmem|       pointer|
|m_axi_gmem_AWADDR      |  out|   64|          m_axi|               gmem|       pointer|
|m_axi_gmem_AWID        |  out|    1|          m_axi|               gmem|       pointer|
|m_axi_gmem_AWLEN       |  out|    8|          m_axi|               gmem|       pointer|
|m_axi_gmem_AWSIZE      |  out|    3|          m_axi|               gmem|       pointer|
|m_axi_gmem_AWBURST     |  out|    2|          m_axi|               gmem|       pointer|
|m_axi_gmem_AWLOCK      |  out|    2|          m_axi|               gmem|       pointer|
|m_axi_gmem_AWCACHE     |  out|    4|          m_axi|               gmem|       pointer|
|m_axi_gmem_AWPROT      |  out|    3|          m_axi|               gmem|       pointer|
|m_axi_gmem_AWQOS       |  out|    4|          m_axi|               gmem|       pointer|
|m_axi_gmem_AWREGION    |  out|    4|          m_axi|               gmem|       pointer|
|m_axi_gmem_AWUSER      |  out|    1|          m_axi|               gmem|       pointer|
|m_axi_gmem_WVALID      |  out|    1|          m_axi|               gmem|       pointer|
|m_axi_gmem_WREADY      |   in|    1|          m_axi|               gmem|       pointer|
|m_axi_gmem_WDATA       |  out|   32|          m_axi|               gmem|       pointer|
|m_axi_gmem_WSTRB       |  out|    4|          m_axi|               gmem|       pointer|
|m_axi_gmem_WLAST       |  out|    1|          m_axi|               gmem|       pointer|
|m_axi_gmem_WID         |  out|    1|          m_axi|               gmem|       pointer|
|m_axi_gmem_WUSER       |  out|    1|          m_axi|               gmem|       pointer|
|m_axi_gmem_ARVALID     |  out|    1|          m_axi|               gmem|       pointer|
|m_axi_gmem_ARREADY     |   in|    1|          m_axi|               gmem|       pointer|
|m_axi_gmem_ARADDR      |  out|   64|          m_axi|               gmem|       pointer|
|m_axi_gmem_ARID        |  out|    1|          m_axi|               gmem|       pointer|
|m_axi_gmem_ARLEN       |  out|    8|          m_axi|               gmem|       pointer|
|m_axi_gmem_ARSIZE      |  out|    3|          m_axi|               gmem|       pointer|
|m_axi_gmem_ARBURST     |  out|    2|          m_axi|               gmem|       pointer|
|m_axi_gmem_ARLOCK      |  out|    2|          m_axi|               gmem|       pointer|
|m_axi_gmem_ARCACHE     |  out|    4|          m_axi|               gmem|       pointer|
|m_axi_gmem_ARPROT      |  out|    3|          m_axi|               gmem|       pointer|
|m_axi_gmem_ARQOS       |  out|    4|          m_axi|               gmem|       pointer|
|m_axi_gmem_ARREGION    |  out|    4|          m_axi|               gmem|       pointer|
|m_axi_gmem_ARUSER      |  out|    1|          m_axi|               gmem|       pointer|
|m_axi_gmem_RVALID      |   in|    1|          m_axi|               gmem|       pointer|
|m_axi_gmem_RREADY      |  out|    1|          m_axi|               gmem|       pointer|
|m_axi_gmem_RDATA       |   in|   32|          m_axi|               gmem|       pointer|
|m_axi_gmem_RLAST       |   in|    1|          m_axi|               gmem|       pointer|
|m_axi_gmem_RID         |   in|    1|          m_axi|               gmem|       pointer|
|m_axi_gmem_RUSER       |   in|    1|          m_axi|               gmem|       pointer|
|m_axi_gmem_RRESP       |   in|    2|          m_axi|               gmem|       pointer|
|m_axi_gmem_BVALID      |   in|    1|          m_axi|               gmem|       pointer|
|m_axi_gmem_BREADY      |  out|    1|          m_axi|               gmem|       pointer|
|m_axi_gmem_BRESP       |   in|    2|          m_axi|               gmem|       pointer|
|m_axi_gmem_BID         |   in|    1|          m_axi|               gmem|       pointer|
|m_axi_gmem_BUSER       |   in|    1|          m_axi|               gmem|       pointer|
+-----------------------+-----+-----+---------------+-------------------+--------------+

