

================================================================
== Vitis HLS Report for 'hardware_encoding'
================================================================
* Date:           Fri Dec  8 22:45:32 2023

* Version:        2020.2 (Build 3064766 on Wed Nov 18 09:12:47 MST 2020)
* Project:        final_project
* Solution:       solution1 (Vitis Kernel Flow Target)
* Product family: zynquplus
* Target device:  xczu3eg-sbva484-1-i


================================================================
== Performance Estimates
================================================================
+ Timing: 
    * Summary: 
    +--------+---------+----------+------------+
    |  Clock |  Target | Estimated| Uncertainty|
    +--------+---------+----------+------------+
    |ap_clk  |  6.67 ns|  4.867 ns|     1.80 ns|
    +--------+---------+----------+------------+

+ Latency: 
    * Summary: 
    +---------+---------+----------+----------+-----+-----+---------+
    |  Latency (cycles) |  Latency (absolute) |  Interval | Pipeline|
    |   min   |   max   |    min   |    max   | min | max |   Type  |
    +---------+---------+----------+----------+-----+-----+---------+
    |        ?|        ?|         ?|         ?|    ?|    ?|     none|
    +---------+---------+----------+----------+-----+-----+---------+

    + Detail: 
        * Instance: 
        +--------------------------+--------------+---------+---------+-----------+-----------+-----+-----+---------+
        |                          |              |  Latency (cycles) |   Latency (absolute)  |  Interval | Pipeline|
        |         Instance         |    Module    |   min   |   max   |    min    |    max    | min | max |   Type  |
        +--------------------------+--------------+---------+---------+-----------+-----------+-----+-----+---------+
        |grp_assoc_lookup_fu_1124  |assoc_lookup  |        2|        4|  13.334 ns|  26.668 ns|    2|    4|     none|
        +--------------------------+--------------+---------+---------+-----------+-----------+-----+-----+---------+

        * Loop: 
        +----------------------+---------+---------+----------+-----------+-----------+-------+----------+
        |                      |  Latency (cycles) | Iteration|  Initiation Interval  |  Trip |          |
        |       Loop Name      |   min   |   max   |  Latency |  achieved |   target  | Count | Pipelined|
        +----------------------+---------+---------+----------+-----------+-----------+-------+----------+
        |- VITIS_LOOP_245_1    |       10|       10|         2|          1|          1|     10|       yes|
        |- VITIS_LOOP_256_2    |        ?|        ?|         ?|          -|          -|      ?|        no|
        | + VITIS_LOOP_298_3   |    16384|    16384|         1|          1|          1|  16384|       yes|
        | + VITIS_LOOP_307_4   |      512|      512|         1|          1|          1|    512|       yes|
        | + VITIS_LOOP_337_5   |        ?|        ?|  97 ~ 129|          -|          -|      ?|        no|
        |  ++ VITIS_LOOP_24_1  |       20|       20|         1|          1|          1|     20|       yes|
        |  ++ VITIS_LOOP_24_1  |       20|       20|         1|          1|          1|     20|       yes|
        | + VITIS_LOOP_417_6   |        ?|        ?|        71|          -|          -|      ?|        no|
        +----------------------+---------+---------+----------+-----------+-----------+-------+----------+



================================================================
== Utilization Estimates
================================================================
* Summary: 
+-----------------+---------+-----+--------+-------+-----+
|       Name      | BRAM_18K| DSP |   FF   |  LUT  | URAM|
+-----------------+---------+-----+--------+-------+-----+
|DSP              |        -|    -|       -|      -|    -|
|Expression       |        -|    -|       0|   5380|    -|
|FIFO             |        -|    -|       -|      -|    -|
|Instance         |        6|    -|    1500|   3350|    -|
|Memory           |      132|    -|      24|     12|    -|
|Multiplexer      |        -|    -|       -|   3691|    -|
|Register         |        -|    -|    4298|      -|    -|
+-----------------+---------+-----+--------+-------+-----+
|Total            |      138|    0|    5822|  12433|    0|
+-----------------+---------+-----+--------+-------+-----+
|Available        |      432|  360|  141120|  70560|    0|
+-----------------+---------+-----+--------+-------+-----+
|Utilization (%)  |       31|    0|       4|     17|    0|
+-----------------+---------+-----+--------+-------+-----+

+ Detail: 
    * Instance: 
    +--------------------------+---------------+---------+----+-----+------+-----+
    |         Instance         |     Module    | BRAM_18K| DSP|  FF |  LUT | URAM|
    +--------------------------+---------------+---------+----+-----+------+-----+
    |HP1_m_axi_U               |HP1_m_axi      |        2|   0|  512|   580|    0|
    |HP3_m_axi_U               |HP3_m_axi      |        4|   0|  566|   766|    0|
    |grp_assoc_lookup_fu_1124  |assoc_lookup   |        0|   0|   36|  1324|    0|
    |control_s_axi_U           |control_s_axi  |        0|   0|  386|   680|    0|
    +--------------------------+---------------+---------+----+-----+------+-----+
    |Total                     |               |        6|   0| 1500|  3350|    0|
    +--------------------------+---------------+---------+----+-----+------+-----+

    * DSP: 
    N/A

    * Memory: 
    +-------------------------------+----------------------------+---------+----+----+-----+-------+-----+------+-------------+
    |             Memory            |           Module           | BRAM_18K| FF | LUT| URAM| Words | Bits| Banks| W*Bits*Banks|
    +-------------------------------+----------------------------+---------+----+----+-----+-------+-----+------+-------------+
    |hash_table_0_U                 |hash_table_0                |       60|   0|   0|    0|  32768|   33|     1|      1081344|
    |hash_table_1_U                 |hash_table_0                |       60|   0|   0|    0|  32768|   33|     1|      1081344|
    |my_assoc_mem_upper_key_mem_U   |my_assoc_mem_upper_key_mem  |        2|   0|   0|    0|    512|   64|     1|        32768|
    |my_assoc_mem_middle_key_mem_U  |my_assoc_mem_upper_key_mem  |        2|   0|   0|    0|    512|   64|     1|        32768|
    |my_assoc_mem_lower_key_mem_U   |my_assoc_mem_upper_key_mem  |        2|   0|   0|    0|    512|   64|     1|        32768|
    |my_assoc_mem_value_U           |my_assoc_mem_value          |        0|  24|  12|    0|     64|   12|     1|          768|
    |temp_output_U                  |temp_output                 |        6|   0|   0|    0|   8196|    8|     1|        65568|
    +-------------------------------+----------------------------+---------+----+----+-----+-------+-----+------+-------------+
    |Total                          |                            |      132|  24|  12|    0|  75332|  278|     7|      2327328|
    +-------------------------------+----------------------------+---------+----+----+-----+-------+-----+------+-------------+

    * FIFO: 
    N/A

    * Expression: 
    +------------------------------+----------+----+---+-----+------------+------------+
    |         Variable Name        | Operation| DSP| FF| LUT | Bitwidth P0| Bitwidth P1|
    +------------------------------+----------+----+---+-----+------------+------------+
    |add_ln21_1_fu_2031_p2         |         +|   0|  0|   22|          15|          15|
    |add_ln21_fu_1770_p2           |         +|   0|  0|   22|          15|          15|
    |add_ln245_fu_1201_p2          |         +|   0|  0|   12|           4|           1|
    |add_ln24_1_fu_1926_p2         |         +|   0|  0|   12|           5|           1|
    |add_ln24_fu_1665_p2           |         +|   0|  0|   12|           5|           1|
    |add_ln264_1_fu_1278_p2        |         +|   0|  0|   71|          64|          64|
    |add_ln264_fu_1260_p2          |         +|   0|  0|   38|          31|           1|
    |add_ln265_fu_1320_p2          |         +|   0|  0|   71|          64|          64|
    |add_ln266_fu_2712_p2          |         +|   0|  0|   71|          64|          64|
    |add_ln270_1_fu_2778_p2        |         +|   0|  0|   71|          64|           2|
    |add_ln270_2_fu_2793_p2        |         +|   0|  0|   71|          64|           2|
    |add_ln270_3_fu_2717_p2        |         +|   0|  0|   10|           3|           3|
    |add_ln270_4_fu_2908_p2        |         +|   0|  0|   10|           3|           1|
    |add_ln270_5_fu_2954_p2        |         +|   0|  0|   10|           3|           2|
    |add_ln270_6_fu_2990_p2        |         +|   0|  0|   10|           3|           2|
    |add_ln270_fu_2753_p2          |         +|   0|  0|   71|          64|           1|
    |add_ln272_1_fu_3030_p2        |         +|   0|  0|   10|           3|           3|
    |add_ln272_fu_1345_p2          |         +|   0|  0|   71|          64|          64|
    |add_ln298_fu_1368_p2          |         +|   0|  0|   23|          16|           2|
    |add_ln307_fu_1396_p2          |         +|   0|  0|   17|          10|           1|
    |add_ln328_fu_1427_p2          |         +|   0|  0|   71|          64|          64|
    |add_ln335_fu_1468_p2          |         +|   0|  0|   71|          64|          64|
    |add_ln339_fu_1518_p2          |         +|   0|  0|   38|          31|           1|
    |add_ln354_1_fu_1570_p2        |         +|   0|  0|    4|           2|           1|
    |add_ln354_2_fu_1576_p2        |         +|   0|  0|    4|           2|           2|
    |add_ln354_fu_1545_p2          |         +|   0|  0|   71|          64|          64|
    |add_ln407_fu_2227_p2          |         +|   0|  0|   71|          64|          64|
    |add_ln411_1_fu_2391_p2        |         +|   0|  0|   71|          64|           2|
    |add_ln411_2_fu_2406_p2        |         +|   0|  0|   71|          64|           2|
    |add_ln411_3_fu_2288_p2        |         +|   0|  0|   10|           3|           3|
    |add_ln411_4_fu_2348_p2        |         +|   0|  0|   10|           3|           1|
    |add_ln411_5_fu_2424_p2        |         +|   0|  0|   10|           3|           2|
    |add_ln411_6_fu_2470_p2        |         +|   0|  0|   10|           3|           2|
    |add_ln411_fu_2330_p2          |         +|   0|  0|   71|          64|           1|
    |add_ln417_fu_2532_p2          |         +|   0|  0|   39|          32|           1|
    |add_ln419_1_fu_2527_p2        |         +|   0|  0|   71|          64|          64|
    |add_ln419_2_fu_2563_p2        |         +|   0|  0|    4|           3|           3|
    |add_ln419_3_fu_2558_p2        |         +|   0|  0|    4|           3|           3|
    |add_ln419_fu_2553_p2          |         +|   0|  0|   71|          64|          64|
    |add_ln422_1_fu_2590_p2        |         +|   0|  0|   71|          64|          64|
    |add_ln422_2_fu_2594_p2        |         +|   0|  0|   10|           3|           3|
    |add_ln422_fu_2654_p2          |         +|   0|  0|   39|          32|           3|
    |grp_fu_1133_p2                |         +|   0|  0|   39|          32|           1|
    |grp_fu_1172_p2                |         +|   0|  0|   39|          32|           2|
    |hashed_10_fu_1967_p2          |         +|   0|  0|   39|          32|          32|
    |hashed_3_fu_1694_p2           |         +|   0|  0|   39|          32|          32|
    |hashed_4_fu_1706_p2           |         +|   0|  0|   39|          32|          32|
    |hashed_6_fu_2025_p2           |         +|   0|  0|   33|          26|          26|
    |hashed_9_fu_1955_p2           |         +|   0|  0|   39|          32|          32|
    |hashed_fu_1764_p2             |         +|   0|  0|   33|          26|          26|
    |my_assoc_mem_fill_fu_2182_p2  |         +|   0|  0|   39|          32|           1|
    |next_code_fu_2188_p2          |         +|   0|  0|   39|          32|           1|
    |output_pos_5_fu_2203_p2       |         +|   0|  0|   39|          32|           1|
    |total_size_1_fu_2732_p2       |         +|   0|  0|   39|          32|           3|
    |total_size_2_fu_2513_p2       |         +|   0|  0|   39|          32|           3|
    |total_size_3_fu_2578_p2       |         +|   0|  0|   39|          32|          32|
    |and_ln59_fu_1847_p2           |       and|   0|  0|    2|           1|           1|
    |and_ln66_fu_1858_p2           |       and|   0|  0|    2|           1|           1|
    |ap_block_pp0_stage0_11001     |       and|   0|  0|    2|           1|           1|
    |ap_block_state4_io            |       and|   0|  0|    2|           1|           1|
    |ap_block_state525             |       and|   0|  0|    2|           1|           1|
    |ap_condition_1413             |       and|   0|  0|    2|           1|           1|
    |ap_condition_4897             |       and|   0|  0|    2|           1|           1|
    |icmp_ln131_fu_2106_p2         |      icmp|   0|  0|   17|          26|           1|
    |icmp_ln245_fu_1207_p2         |      icmp|   0|  0|    9|           4|           4|
    |icmp_ln24_1_fu_1932_p2        |      icmp|   0|  0|    9|           5|           5|
    |icmp_ln24_fu_1671_p2          |      icmp|   0|  0|    9|           5|           5|
    |icmp_ln256_fu_1255_p2         |      icmp|   0|  0|   20|          32|          32|
    |icmp_ln264_fu_1303_p2         |      icmp|   0|  0|   20|          32|           3|
    |icmp_ln307_fu_1402_p2         |      icmp|   0|  0|   11|          10|          11|
    |icmp_ln337_1_fu_1513_p2       |      icmp|   0|  0|   20|          32|          32|
    |icmp_ln337_fu_1500_p2         |      icmp|   0|  0|   20|          32|           1|
    |icmp_ln339_fu_1532_p2         |      icmp|   0|  0|   20|          32|          32|
    |icmp_ln417_fu_2543_p2         |      icmp|   0|  0|   20|          32|          32|
    |icmp_ln59_fu_1842_p2          |      icmp|   0|  0|   14|          20|          20|
    |icmp_ln66_fu_1853_p2          |      icmp|   0|  0|   14|          20|          20|
    |lshr_ln27_1_fu_1942_p2        |      lshr|   0|  0|  179|          64|          64|
    |lshr_ln27_fu_1681_p2          |      lshr|   0|  0|  179|          64|          64|
    |lshr_ln354_fu_1628_p2         |      lshr|   0|  0|  100|          32|          32|
    |ap_block_state1               |        or|   0|  0|    2|           1|           1|
    |ap_block_state313_io          |        or|   0|  0|    2|           1|           1|
    |or_ln133_fu_2161_p2           |        or|   0|  0|   64|          64|          64|
    |or_ln134_fu_2168_p2           |        or|   0|  0|   64|          64|          64|
    |or_ln135_fu_2175_p2           |        or|   0|  0|   64|          64|          64|
    |or_ln224_fu_2859_p2           |        or|   0|  0|    8|           8|           1|
    |or_ln298_fu_1384_p2           |        or|   0|  0|   15|          15|           1|
    |or_ln347_fu_1602_p2           |        or|   0|  0|    4|           4|           4|
    |or_ln369_fu_1901_p2           |        or|   0|  0|    4|           4|           4|
    |shl_ln133_fu_2151_p2          |       shl|   0|  0|  100|           1|          32|
    |shl_ln270_10_fu_3017_p2       |       shl|   0|  0|  179|          64|          64|
    |shl_ln270_2_fu_2889_p2        |       shl|   0|  0|  179|          64|          64|
    |shl_ln270_3_fu_2917_p2        |       shl|   0|  0|   17|           1|           8|
    |shl_ln270_5_fu_2935_p2        |       shl|   0|  0|  179|          64|          64|
    |shl_ln270_6_fu_2963_p2        |       shl|   0|  0|   17|           1|           8|
    |shl_ln270_8_fu_2981_p2        |       shl|   0|  0|  179|          64|          64|
    |shl_ln270_9_fu_2999_p2        |       shl|   0|  0|   17|           1|           8|
    |shl_ln270_fu_2872_p2          |       shl|   0|  0|   17|           1|           8|
    |shl_ln272_2_fu_3057_p2        |       shl|   0|  0|  168|           3|          59|
    |shl_ln272_fu_3039_p2          |       shl|   0|  0|   17|           4|           8|
    |shl_ln411_10_fu_2497_p2       |       shl|   0|  0|  179|          64|          64|
    |shl_ln411_2_fu_2314_p2        |       shl|   0|  0|  179|          64|          64|
    |shl_ln411_3_fu_2357_p2        |       shl|   0|  0|   17|           1|           8|
    |shl_ln411_5_fu_2375_p2        |       shl|   0|  0|  179|          64|          64|
    |shl_ln411_6_fu_2433_p2        |       shl|   0|  0|   17|           1|           8|
    |shl_ln411_8_fu_2451_p2        |       shl|   0|  0|  179|          64|          64|
    |shl_ln411_9_fu_2479_p2        |       shl|   0|  0|   17|           1|           8|
    |shl_ln411_fu_2296_p2          |       shl|   0|  0|   17|           1|           8|
    |shl_ln419_2_fu_2638_p2        |       shl|   0|  0|  179|          64|          64|
    |shl_ln419_fu_2621_p2          |       shl|   0|  0|   17|           1|           8|
    |shl_ln422_2_fu_2684_p2        |       shl|   0|  0|  179|          64|          64|
    |shl_ln422_fu_2667_p2          |       shl|   0|  0|   17|           4|           8|
    |ap_enable_pp0                 |       xor|   0|  0|    2|           1|           2|
    |ap_enable_reg_pp0_iter1       |       xor|   0|  0|    2|           2|           1|
    |hashed_11_fu_1987_p2          |       xor|   0|  0|   32|          32|          32|
    |hashed_12_fu_2047_p2          |       xor|   0|  0|   15|          15|          15|
    |hashed_1_fu_1786_p2           |       xor|   0|  0|   15|          15|          15|
    |hashed_5_fu_1726_p2           |       xor|   0|  0|   32|          32|          32|
    |xor_ln417_fu_2522_p2          |       xor|   0|  0|    4|           3|           4|
    +------------------------------+----------+----+---+-----+------------+------------+
    |Total                         |          |   0|  0| 5380|        3195|        2500|
    +------------------------------+----------+----+---+-----+------------+------------+

    * Multiplexer: 
    +--------------------------------------+------+-----------+-----+-----------+
    |                 Name                 |  LUT | Input Size| Bits| Total Bits|
    +--------------------------------------+------+-----------+-----+-----------+
    |HP1_ARADDR                            |    37|          7|   64|        448|
    |HP1_blk_n_AR                          |     9|          2|    1|          2|
    |HP1_blk_n_R                           |     9|          2|    1|          2|
    |HP3_AWADDR                            |    65|         13|   64|        832|
    |HP3_AWLEN                             |    14|          3|   32|         96|
    |HP3_WDATA                             |    65|         13|   64|        832|
    |HP3_WSTRB                             |    65|         13|    8|        104|
    |HP3_blk_n_AW                          |     9|          2|    1|          2|
    |HP3_blk_n_B                           |     9|          2|    1|          2|
    |HP3_blk_n_W                           |     9|          2|    1|          2|
    |ap_NS_fsm                             |  2693|        670|    1|        670|
    |ap_done                               |     9|          2|    1|          2|
    |ap_enable_reg_pp0_iter1               |    14|          3|    1|          3|
    |current_chunk_reg_799                 |     9|          2|   31|         62|
    |empty_55_reg_844                      |     9|          2|   32|         64|
    |empty_58_reg_986                      |     9|          2|   32|         64|
    |grp_fu_1133_p0                        |    14|          3|   32|         96|
    |grp_fu_1140_p1                        |    14|          3|   12|         36|
    |grp_fu_1152_p1                        |    14|          3|   12|         36|
    |hash_table_0_address0                 |    20|          4|   15|         60|
    |hash_table_0_address1                 |    14|          3|   15|         45|
    |hash_table_0_d0                       |    14|          3|   33|         99|
    |hash_table_1_address0                 |    20|          4|   15|         60|
    |hash_table_1_address1                 |    14|          3|   15|         45|
    |hash_table_1_d0                       |    14|          3|   33|         99|
    |hashed_2_reg_913                      |     9|          2|   32|         64|
    |hashed_8_reg_960                      |     9|          2|   32|         64|
    |high_four_5175_reg_1076               |     9|          2|    8|         16|
    |high_four_fu_298                      |     9|          2|    8|         16|
    |i_1_reg_811                           |     9|          2|   16|         32|
    |i_2_reg_822                           |     9|          2|   10|         20|
    |i_3_reg_833                           |     9|          2|   31|         62|
    |i_4_reg_902                           |     9|          2|    5|         10|
    |i_5_reg_1113                          |     9|          2|   32|         64|
    |i_6_reg_949                           |     9|          2|    5|         10|
    |i_reg_788                             |     9|          2|    4|          8|
    |my_assoc_mem_lower_key_mem_address0   |    26|          5|    9|         45|
    |my_assoc_mem_lower_key_mem_ce0        |    14|          3|    1|          3|
    |my_assoc_mem_lower_key_mem_d0         |    14|          3|   64|        192|
    |my_assoc_mem_middle_key_mem_address0  |    26|          5|    9|         45|
    |my_assoc_mem_middle_key_mem_ce0       |    14|          3|    1|          3|
    |my_assoc_mem_middle_key_mem_d0        |    14|          3|   64|        192|
    |my_assoc_mem_upper_key_mem_address0   |    26|          5|    9|         45|
    |my_assoc_mem_upper_key_mem_ce0        |    14|          3|    1|          3|
    |my_assoc_mem_upper_key_mem_d0         |    14|          3|   64|        192|
    |my_assoc_mem_value_address0           |    14|          3|    6|         18|
    |my_assoc_mem_value_ce0                |    14|          3|    1|          3|
    |next_code_1_reg_1043                  |     9|          2|   32|         64|
    |next_code_3_reg_866                   |     9|          2|   32|         64|
    |output_pos_1_reg_1005                 |     9|          2|   32|         64|
    |output_pos_2_reg_925                  |     9|          2|   32|         64|
    |output_pos_4174_reg_1086              |     9|          2|   32|         64|
    |output_pos_6_reg_1096                 |    20|          4|   32|        128|
    |output_pos_reg_890                    |     9|          2|   32|         64|
    |p_ph_reg_972                          |     9|          2|   32|         64|
    |prefix_code_1_reg_1061                |    20|          4|   12|         48|
    |prefix_code_2_reg_856                 |     9|          2|   12|         24|
    |send_two_1_reg_1024                   |     9|          2|    1|          2|
    |send_two_reg_878                      |     9|          2|    1|          2|
    |temp_output_address0                  |    20|          4|   14|         56|
    |temp_output_address1                  |    26|          5|   14|         70|
    |temp_output_d0                        |    20|          4|    8|         32|
    |temp_output_d1                        |    20|          4|    8|         32|
    |total_size_fu_294                     |    14|          3|   32|         96|
    +--------------------------------------+------+-----------+-----+-----------+
    |Total                                 |  3691|        878| 1287|       5808|
    +--------------------------------------+------+-----------+-----+-----------+

    * Register: 
    +---------------------------------------+-----+----+-----+-----------+
    |                  Name                 |  FF | LUT| Bits| Const Bits|
    +---------------------------------------+-----+----+-----+-----------+
    |HP1_addr_1_read_reg_3183               |   32|   0|   32|          0|
    |HP1_addr_1_reg_3177                    |   64|   0|   64|          0|
    |HP1_addr_2_read_reg_3737               |   32|   0|   32|          0|
    |HP1_addr_2_reg_3192                    |   64|   0|   64|          0|
    |HP1_addr_3_reg_3224                    |   64|   0|   64|          0|
    |HP1_addr_4_reg_3240                    |   64|   0|   64|          0|
    |HP1_addr_5_read_reg_3313               |   32|   0|   32|          0|
    |HP1_addr_5_reg_3291                    |   64|   0|   64|          0|
    |HP1_addr_read_reg_3145                 |   32|   0|   32|          0|
    |add_ln264_reg_3172                     |   31|   0|   31|          0|
    |add_ln266_reg_3689                     |   64|   0|   64|          0|
    |add_ln270_3_reg_3696                   |    3|   0|    3|          0|
    |add_ln328_reg_3219                     |   64|   0|   64|          0|
    |add_ln339_reg_3276                     |   31|   0|   31|          0|
    |add_ln354_2_reg_3297                   |    2|   0|    2|          0|
    |add_ln407_reg_3489                     |   64|   0|   64|          0|
    |add_ln411_3_reg_3516                   |    3|   0|    3|          0|
    |add_ln417_reg_3617                     |   32|   0|   32|          0|
    |add_ln419_1_reg_3612                   |   64|   0|   64|          0|
    |add_ln419_2_reg_3630                   |    3|   0|    3|          0|
    |add_ln422_2_reg_3641                   |    3|   0|    3|          0|
    |ap_CS_fsm                              |  669|   0|  669|          0|
    |ap_done_reg                            |    1|   0|    1|          0|
    |ap_enable_reg_pp0_iter0                |    1|   0|    1|          0|
    |ap_enable_reg_pp0_iter1                |    1|   0|    1|          0|
    |ap_rst_n_inv                           |    1|   0|    1|          0|
    |ap_rst_reg_1                           |    1|   0|    1|          0|
    |ap_rst_reg_2                           |    1|   0|    1|          0|
    |chunk_number_read_reg_3067             |   64|   0|   64|          0|
    |current_chunk_reg_799                  |   31|   0|   31|          0|
    |empty_40_reg_3120                      |    1|   0|    1|          0|
    |empty_55_reg_844                       |   32|   0|   32|          0|
    |empty_58_reg_986                       |   32|   0|   32|          0|
    |grp_assoc_lookup_fu_1124_ap_start_reg  |    1|   0|    1|          0|
    |hash_table_0_addr_3_reg_3422           |   15|   0|   15|          0|
    |hash_table_1_addr_3_reg_3431           |   15|   0|   15|          0|
    |hashed_2_reg_913                       |   32|   0|   32|          0|
    |hashed_8_reg_960                       |   32|   0|   32|          0|
    |high_four_5175_reg_1076                |    8|   0|    8|          0|
    |high_four_fu_298                       |    8|   0|    8|          0|
    |i_1_reg_811                            |   16|   0|   16|          0|
    |i_2_reg_822                            |   10|   0|   10|          0|
    |i_3_reg_833                            |   31|   0|   31|          0|
    |i_4_reg_902                            |    5|   0|    5|          0|
    |i_5_reg_1113                           |   32|   0|   32|          0|
    |i_6_reg_949                            |    5|   0|    5|          0|
    |i_reg_788                              |    4|   0|    4|          0|
    |icmp_ln256_reg_3168                    |    1|   0|    1|          0|
    |icmp_ln264_reg_3188                    |    1|   0|    1|          0|
    |icmp_ln337_1_reg_3272                  |    1|   0|    1|          0|
    |icmp_ln337_reg_3263                    |    1|   0|    1|          0|
    |input_size_read_reg_3073               |   64|   0|   64|          0|
    |key_assign_reg_3334                    |   20|   0|   20|          0|
    |key_cast1_reg_3329                     |    9|   0|    9|          0|
    |len_reg_3251                           |   32|   0|   32|          0|
    |lshr_ln1_reg_3747                      |    8|   0|    8|          0|
    |lshr_ln2_reg_3752                      |    8|   0|    8|          0|
    |lshr_ln4_reg_3501                      |    8|   0|    8|          0|
    |lshr_ln5_reg_3506                      |    8|   0|    8|          0|
    |lshr_ln6_reg_3511                      |    8|   0|    8|          0|
    |lshr_ln_reg_3742                       |    8|   0|    8|          0|
    |lzw_size_read_reg_3079                 |   64|   0|   64|          0|
    |mem_lower_key_mem_addr_reg_3453        |    9|   0|    9|          0|
    |mem_middle_key_mem_addr_reg_3448       |    9|   0|    9|          0|
    |mem_upper_key_mem_addr_reg_3443        |    2|   0|    9|          7|
    |next_char_reg_3318                     |    8|   0|    8|          0|
    |next_code_1_reg_1043                   |   32|   0|   32|          0|
    |next_code_3_reg_866                    |   32|   0|   32|          0|
    |output_pos_1_reg_1005                  |   32|   0|   32|          0|
    |output_pos_2_reg_925                   |   32|   0|   32|          0|
    |output_pos_3_reg_3302                  |   32|   0|   32|          0|
    |output_pos_4174_reg_1086               |   32|   0|   32|          0|
    |output_pos_6_reg_1096                  |   32|   0|   32|          0|
    |output_pos_reg_890                     |   32|   0|   32|          0|
    |output_read_reg_3086                   |   64|   0|   64|          0|
    |p_ph_reg_972                           |   32|   0|   32|          0|
    |prefix_code_1_reg_1061                 |   12|   0|   12|          0|
    |prefix_code_2_reg_856                  |   12|   0|   12|          0|
    |prefix_code_reg_3246                   |    8|   0|    8|          0|
    |s1_read_reg_3094                       |   64|   0|   64|          0|
    |send_two_1_reg_1024                    |    1|   0|    1|          0|
    |send_two_2_reg_935                     |    1|   0|    1|          0|
    |send_two_reg_878                       |    1|   0|    1|          0|
    |shl_ln270_10_reg_3810                  |   64|   0|   64|          0|
    |shl_ln270_2_reg_3768                   |   64|   0|   64|          0|
    |shl_ln270_3_reg_3779                   |    8|   0|    8|          0|
    |shl_ln270_5_reg_3784                   |   64|   0|   64|          0|
    |shl_ln270_6_reg_3795                   |    8|   0|    8|          0|
    |shl_ln270_8_reg_3800                   |   64|   0|   64|          0|
    |shl_ln270_9_reg_3805                   |    8|   0|    8|          0|
    |shl_ln270_reg_3763                     |    8|   0|    8|          0|
    |shl_ln272_2_reg_3820                   |   59|   0|   59|          0|
    |shl_ln272_reg_3815                     |    8|   0|    8|          0|
    |shl_ln411_10_reg_3591                  |   64|   0|   64|          0|
    |shl_ln411_2_reg_3528                   |   64|   0|   64|          0|
    |shl_ln411_3_reg_3544                   |    8|   0|    8|          0|
    |shl_ln411_5_reg_3549                   |   64|   0|   64|          0|
    |shl_ln411_6_reg_3570                   |    8|   0|    8|          0|
    |shl_ln411_8_reg_3575                   |   64|   0|   64|          0|
    |shl_ln411_9_reg_3586                   |    8|   0|    8|          0|
    |shl_ln411_reg_3523                     |    8|   0|    8|          0|
    |shl_ln419_2_reg_3657                   |   64|   0|   64|          0|
    |shl_ln419_reg_3652                     |    8|   0|    8|          0|
    |shl_ln422_2_reg_3673                   |   64|   0|   64|          0|
    |shl_ln422_reg_3668                     |    8|   0|    8|          0|
    |total_size_2_reg_3602                  |   32|   0|   32|          0|
    |total_size_fu_294                      |   32|   0|   32|          0|
    |total_size_load_reg_3478               |   32|   0|   32|          0|
    |trunc_ln10_reg_3647                    |   61|   0|   61|          0|
    |trunc_ln11_reg_3636                    |   61|   0|   61|          0|
    |trunc_ln266_reg_3150                   |    3|   0|    3|          0|
    |trunc_ln270_1_reg_3716                 |   61|   0|   61|          0|
    |trunc_ln270_2_reg_3727                 |   61|   0|   61|          0|
    |trunc_ln270_3_reg_3732                 |   61|   0|   61|          0|
    |trunc_ln272_1_reg_3684                 |    1|   0|    1|          0|
    |trunc_ln272_reg_3157                   |    3|   0|    3|          0|
    |trunc_ln335_reg_3230                   |    1|   0|    1|          0|
    |trunc_ln337_reg_3281                   |   12|   0|   12|          0|
    |trunc_ln354_reg_3163                   |    2|   0|    2|          0|
    |trunc_ln407_reg_3483                   |    3|   0|    3|          0|
    |trunc_ln411_1_reg_3539                 |   61|   0|   61|          0|
    |trunc_ln411_2_reg_3560                 |   61|   0|   61|          0|
    |trunc_ln411_3_reg_3565                 |   61|   0|   61|          0|
    |trunc_ln5_reg_3705                     |   61|   0|   61|          0|
    |trunc_ln6_reg_3198                     |   61|   0|   61|          0|
    |trunc_ln9_reg_3496                     |   61|   0|   61|          0|
    |trunc_ln_reg_3100                      |   61|   0|   61|          0|
    |xor_ln417_reg_3607                     |    3|   0|    3|          0|
    |zext_ln18_reg_3341                     |   20|   0|   64|         44|
    |zext_ln335_reg_3235                    |   31|   0|   64|         33|
    |zext_ln360_reg_3324                    |    8|   0|   12|          4|
    |zext_ln86_reg_3417                     |   15|   0|   64|         49|
    +---------------------------------------+-----+----+-----+-----------+
    |Total                                  | 4298|   0| 4435|        137|
    +---------------------------------------+-----+----+-----+-----------+



================================================================
== Interface
================================================================
* Summary: 
+-----------------------+-----+-----+---------------+-------------------+--------------+
|       RTL Ports       | Dir | Bits|    Protocol   |   Source Object   |    C Type    |
+-----------------------+-----+-----+---------------+-------------------+--------------+
|s_axi_control_AWVALID  |   in|    1|          s_axi|            control|        scalar|
|s_axi_control_AWREADY  |  out|    1|          s_axi|            control|        scalar|
|s_axi_control_AWADDR   |   in|    7|          s_axi|            control|        scalar|
|s_axi_control_WVALID   |   in|    1|          s_axi|            control|        scalar|
|s_axi_control_WREADY   |  out|    1|          s_axi|            control|        scalar|
|s_axi_control_WDATA    |   in|   32|          s_axi|            control|        scalar|
|s_axi_control_WSTRB    |   in|    4|          s_axi|            control|        scalar|
|s_axi_control_ARVALID  |   in|    1|          s_axi|            control|        scalar|
|s_axi_control_ARREADY  |  out|    1|          s_axi|            control|        scalar|
|s_axi_control_ARADDR   |   in|    7|          s_axi|            control|        scalar|
|s_axi_control_RVALID   |  out|    1|          s_axi|            control|        scalar|
|s_axi_control_RREADY   |   in|    1|          s_axi|            control|        scalar|
|s_axi_control_RDATA    |  out|   32|          s_axi|            control|        scalar|
|s_axi_control_RRESP    |  out|    2|          s_axi|            control|        scalar|
|s_axi_control_BVALID   |  out|    1|          s_axi|            control|        scalar|
|s_axi_control_BREADY   |   in|    1|          s_axi|            control|        scalar|
|s_axi_control_BRESP    |  out|    2|          s_axi|            control|        scalar|
|ap_clk                 |   in|    1|  ap_ctrl_chain|  hardware_encoding|  return value|
|ap_rst_n               |   in|    1|  ap_ctrl_chain|  hardware_encoding|  return value|
|interrupt              |  out|    1|  ap_ctrl_chain|  hardware_encoding|  return value|
|m_axi_HP1_AWVALID      |  out|    1|          m_axi|                HP1|       pointer|
|m_axi_HP1_AWREADY      |   in|    1|          m_axi|                HP1|       pointer|
|m_axi_HP1_AWADDR       |  out|   64|          m_axi|                HP1|       pointer|
|m_axi_HP1_AWID         |  out|    1|          m_axi|                HP1|       pointer|
|m_axi_HP1_AWLEN        |  out|    8|          m_axi|                HP1|       pointer|
|m_axi_HP1_AWSIZE       |  out|    3|          m_axi|                HP1|       pointer|
|m_axi_HP1_AWBURST      |  out|    2|          m_axi|                HP1|       pointer|
|m_axi_HP1_AWLOCK       |  out|    2|          m_axi|                HP1|       pointer|
|m_axi_HP1_AWCACHE      |  out|    4|          m_axi|                HP1|       pointer|
|m_axi_HP1_AWPROT       |  out|    3|          m_axi|                HP1|       pointer|
|m_axi_HP1_AWQOS        |  out|    4|          m_axi|                HP1|       pointer|
|m_axi_HP1_AWREGION     |  out|    4|          m_axi|                HP1|       pointer|
|m_axi_HP1_AWUSER       |  out|    1|          m_axi|                HP1|       pointer|
|m_axi_HP1_WVALID       |  out|    1|          m_axi|                HP1|       pointer|
|m_axi_HP1_WREADY       |   in|    1|          m_axi|                HP1|       pointer|
|m_axi_HP1_WDATA        |  out|   32|          m_axi|                HP1|       pointer|
|m_axi_HP1_WSTRB        |  out|    4|          m_axi|                HP1|       pointer|
|m_axi_HP1_WLAST        |  out|    1|          m_axi|                HP1|       pointer|
|m_axi_HP1_WID          |  out|    1|          m_axi|                HP1|       pointer|
|m_axi_HP1_WUSER        |  out|    1|          m_axi|                HP1|       pointer|
|m_axi_HP1_ARVALID      |  out|    1|          m_axi|                HP1|       pointer|
|m_axi_HP1_ARREADY      |   in|    1|          m_axi|                HP1|       pointer|
|m_axi_HP1_ARADDR       |  out|   64|          m_axi|                HP1|       pointer|
|m_axi_HP1_ARID         |  out|    1|          m_axi|                HP1|       pointer|
|m_axi_HP1_ARLEN        |  out|    8|          m_axi|                HP1|       pointer|
|m_axi_HP1_ARSIZE       |  out|    3|          m_axi|                HP1|       pointer|
|m_axi_HP1_ARBURST      |  out|    2|          m_axi|                HP1|       pointer|
|m_axi_HP1_ARLOCK       |  out|    2|          m_axi|                HP1|       pointer|
|m_axi_HP1_ARCACHE      |  out|    4|          m_axi|                HP1|       pointer|
|m_axi_HP1_ARPROT       |  out|    3|          m_axi|                HP1|       pointer|
|m_axi_HP1_ARQOS        |  out|    4|          m_axi|                HP1|       pointer|
|m_axi_HP1_ARREGION     |  out|    4|          m_axi|                HP1|       pointer|
|m_axi_HP1_ARUSER       |  out|    1|          m_axi|                HP1|       pointer|
|m_axi_HP1_RVALID       |   in|    1|          m_axi|                HP1|       pointer|
|m_axi_HP1_RREADY       |  out|    1|          m_axi|                HP1|       pointer|
|m_axi_HP1_RDATA        |   in|   32|          m_axi|                HP1|       pointer|
|m_axi_HP1_RLAST        |   in|    1|          m_axi|                HP1|       pointer|
|m_axi_HP1_RID          |   in|    1|          m_axi|                HP1|       pointer|
|m_axi_HP1_RUSER        |   in|    1|          m_axi|                HP1|       pointer|
|m_axi_HP1_RRESP        |   in|    2|          m_axi|                HP1|       pointer|
|m_axi_HP1_BVALID       |   in|    1|          m_axi|                HP1|       pointer|
|m_axi_HP1_BREADY       |  out|    1|          m_axi|                HP1|       pointer|
|m_axi_HP1_BRESP        |   in|    2|          m_axi|                HP1|       pointer|
|m_axi_HP1_BID          |   in|    1|          m_axi|                HP1|       pointer|
|m_axi_HP1_BUSER        |   in|    1|          m_axi|                HP1|       pointer|
|m_axi_HP3_AWVALID      |  out|    1|          m_axi|                HP3|       pointer|
|m_axi_HP3_AWREADY      |   in|    1|          m_axi|                HP3|       pointer|
|m_axi_HP3_AWADDR       |  out|   64|          m_axi|                HP3|       pointer|
|m_axi_HP3_AWID         |  out|    1|          m_axi|                HP3|       pointer|
|m_axi_HP3_AWLEN        |  out|    8|          m_axi|                HP3|       pointer|
|m_axi_HP3_AWSIZE       |  out|    3|          m_axi|                HP3|       pointer|
|m_axi_HP3_AWBURST      |  out|    2|          m_axi|                HP3|       pointer|
|m_axi_HP3_AWLOCK       |  out|    2|          m_axi|                HP3|       pointer|
|m_axi_HP3_AWCACHE      |  out|    4|          m_axi|                HP3|       pointer|
|m_axi_HP3_AWPROT       |  out|    3|          m_axi|                HP3|       pointer|
|m_axi_HP3_AWQOS        |  out|    4|          m_axi|                HP3|       pointer|
|m_axi_HP3_AWREGION     |  out|    4|          m_axi|                HP3|       pointer|
|m_axi_HP3_AWUSER       |  out|    1|          m_axi|                HP3|       pointer|
|m_axi_HP3_WVALID       |  out|    1|          m_axi|                HP3|       pointer|
|m_axi_HP3_WREADY       |   in|    1|          m_axi|                HP3|       pointer|
|m_axi_HP3_WDATA        |  out|   64|          m_axi|                HP3|       pointer|
|m_axi_HP3_WSTRB        |  out|    8|          m_axi|                HP3|       pointer|
|m_axi_HP3_WLAST        |  out|    1|          m_axi|                HP3|       pointer|
|m_axi_HP3_WID          |  out|    1|          m_axi|                HP3|       pointer|
|m_axi_HP3_WUSER        |  out|    1|          m_axi|                HP3|       pointer|
|m_axi_HP3_ARVALID      |  out|    1|          m_axi|                HP3|       pointer|
|m_axi_HP3_ARREADY      |   in|    1|          m_axi|                HP3|       pointer|
|m_axi_HP3_ARADDR       |  out|   64|          m_axi|                HP3|       pointer|
|m_axi_HP3_ARID         |  out|    1|          m_axi|                HP3|       pointer|
|m_axi_HP3_ARLEN        |  out|    8|          m_axi|                HP3|       pointer|
|m_axi_HP3_ARSIZE       |  out|    3|          m_axi|                HP3|       pointer|
|m_axi_HP3_ARBURST      |  out|    2|          m_axi|                HP3|       pointer|
|m_axi_HP3_ARLOCK       |  out|    2|          m_axi|                HP3|       pointer|
|m_axi_HP3_ARCACHE      |  out|    4|          m_axi|                HP3|       pointer|
|m_axi_HP3_ARPROT       |  out|    3|          m_axi|                HP3|       pointer|
|m_axi_HP3_ARQOS        |  out|    4|          m_axi|                HP3|       pointer|
|m_axi_HP3_ARREGION     |  out|    4|          m_axi|                HP3|       pointer|
|m_axi_HP3_ARUSER       |  out|    1|          m_axi|                HP3|       pointer|
|m_axi_HP3_RVALID       |   in|    1|          m_axi|                HP3|       pointer|
|m_axi_HP3_RREADY       |  out|    1|          m_axi|                HP3|       pointer|
|m_axi_HP3_RDATA        |   in|   64|          m_axi|                HP3|       pointer|
|m_axi_HP3_RLAST        |   in|    1|          m_axi|                HP3|       pointer|
|m_axi_HP3_RID          |   in|    1|          m_axi|                HP3|       pointer|
|m_axi_HP3_RUSER        |   in|    1|          m_axi|                HP3|       pointer|
|m_axi_HP3_RRESP        |   in|    2|          m_axi|                HP3|       pointer|
|m_axi_HP3_BVALID       |   in|    1|          m_axi|                HP3|       pointer|
|m_axi_HP3_BREADY       |  out|    1|          m_axi|                HP3|       pointer|
|m_axi_HP3_BRESP        |   in|    2|          m_axi|                HP3|       pointer|
|m_axi_HP3_BID          |   in|    1|          m_axi|                HP3|       pointer|
|m_axi_HP3_BUSER        |   in|    1|          m_axi|                HP3|       pointer|
+-----------------------+-----+-----+---------------+-------------------+--------------+

