

================================================================
== Vitis HLS Report for 'assoc_lookup'
================================================================
* Date:           Sat Dec  9 20:27:36 2023

* Version:        2020.2 (Build 3064766 on Wed Nov 18 09:12:47 MST 2020)
* Project:        final_project
* Solution:       solution1 (Vitis Kernel Flow Target)
* Product family: zynquplus
* Target device:  xczu3eg-sbva484-1-i


================================================================
== Performance Estimates
================================================================
+ Timing: 
    * Summary: 
    +--------+---------+----------+------------+
    |  Clock |  Target | Estimated| Uncertainty|
    +--------+---------+----------+------------+
    |ap_clk  |  6.67 ns|  3.516 ns|     1.80 ns|
    +--------+---------+----------+------------+

+ Latency: 
    * Summary: 
    +---------+---------+-----------+-----------+-----+-----+---------+
    |  Latency (cycles) |   Latency (absolute)  |  Interval | Pipeline|
    |   min   |   max   |    min    |    max    | min | max |   Type  |
    +---------+---------+-----------+-----------+-----+-----+---------+
    |        2|        2|  13.334 ns|  13.334 ns|    1|    1|      yes|
    +---------+---------+-----------+-----------+-----+-----+---------+

    + Detail: 
        * Instance: 
        N/A

        * Loop: 
        N/A

============================================================
+ Verbose Summary: Synthesis Manager
============================================================
InlineROM: 1
ExposeGlobal: 0
============================================================
+ Verbose Summary: CDFG Model
============================================================
IsTopModel: 0
ResetActiveHigh: 1
IsCombinational: 0
IsDatapathOnly: 0
HasWiredReturn: 1
HasMFsm: 2
HasVarLatency: 0
IsPipeline: 1
IsRtlPipelined: 1
IsInstanceOverlapped: 0
IsDontTouch: 0
HasImplIP: 0
IsGatedGlobalClock: 0

+ Individual pipeline summary: 
  * Pipeline-0: initiation interval (II) = 1, depth = 3


============================================================
+ Verbose Summary: Schedule
============================================================
* Number of FSM states : 3
* Pipeline : 1
  Pipeline-0 : II = 1, D = 3, States = { 1 2 3 }
* Dataflow Pipeline: 0

* FSM state transitions: 
1 --> 2 
2 --> 3 
3 --> 

* FSM state operations: 

State 1 <SV = 0> <Delay = 1.35>
ST_1 : Operation 4 [1/1] (0.00ns)   --->   "%key_read = read i20 @_ssdm_op_Read.ap_auto.i20, i20 %key" [Server/LZW_new.cpp:141]   --->   Operation 4 'read' 'key_read' <Predicate = true> <Delay = 0.00>
ST_1 : Operation 5 [1/1] (0.00ns)   --->   "%trunc_ln141 = trunc i20 %key_read" [Server/LZW_new.cpp:141]   --->   Operation 5 'trunc' 'trunc_ln141' <Predicate = true> <Delay = 0.00>
ST_1 : Operation 6 [1/1] (0.00ns)   --->   "%lshr_ln = partselect i2 @_ssdm_op_PartSelect.i2.i20.i32.i32, i20 %key_read, i32 18, i32 19" [Server/LZW_new.cpp:141]   --->   Operation 6 'partselect' 'lshr_ln' <Predicate = true> <Delay = 0.00>
ST_1 : Operation 7 [1/1] (0.00ns)   --->   "%zext_ln141 = zext i2 %lshr_ln" [Server/LZW_new.cpp:141]   --->   Operation 7 'zext' 'zext_ln141' <Predicate = true> <Delay = 0.00>
ST_1 : Operation 8 [1/1] (0.00ns)   --->   "%mem_upper_key_mem_addr = getelementptr i64 %mem_upper_key_mem, i64 0, i64 %zext_ln141" [Server/LZW_new.cpp:141]   --->   Operation 8 'getelementptr' 'mem_upper_key_mem_addr' <Predicate = true> <Delay = 0.00>
ST_1 : Operation 9 [2/2] (1.35ns)   --->   "%mem_upper_key_mem_load = load i9 %mem_upper_key_mem_addr" [Server/LZW_new.cpp:141]   --->   Operation 9 'load' 'mem_upper_key_mem_load' <Predicate = true> <Delay = 1.35> <CoreInst = "RAM">   --->   Core 83 'RAM' <Latency = 1> <II = 1> <Delay = 1.35> <Storage> <Opcode : 'load' 'store'> <Ports = 2> <Width = 64> <Depth = 512> <RAM>
ST_1 : Operation 10 [1/1] (0.00ns)   --->   "%lshr_ln4 = partselect i9 @_ssdm_op_PartSelect.i9.i20.i32.i32, i20 %key_read, i32 9, i32 17" [Server/LZW_new.cpp:142]   --->   Operation 10 'partselect' 'lshr_ln4' <Predicate = true> <Delay = 0.00>
ST_1 : Operation 11 [1/1] (0.00ns)   --->   "%zext_ln142 = zext i9 %lshr_ln4" [Server/LZW_new.cpp:142]   --->   Operation 11 'zext' 'zext_ln142' <Predicate = true> <Delay = 0.00>
ST_1 : Operation 12 [1/1] (0.00ns)   --->   "%mem_middle_key_mem_addr = getelementptr i64 %mem_middle_key_mem, i64 0, i64 %zext_ln142" [Server/LZW_new.cpp:142]   --->   Operation 12 'getelementptr' 'mem_middle_key_mem_addr' <Predicate = true> <Delay = 0.00>
ST_1 : Operation 13 [2/2] (1.35ns)   --->   "%mem_middle_key_mem_load = load i9 %mem_middle_key_mem_addr" [Server/LZW_new.cpp:142]   --->   Operation 13 'load' 'mem_middle_key_mem_load' <Predicate = true> <Delay = 1.35> <CoreInst = "RAM">   --->   Core 83 'RAM' <Latency = 1> <II = 1> <Delay = 1.35> <Storage> <Opcode : 'load' 'store'> <Ports = 2> <Width = 64> <Depth = 512> <RAM>
ST_1 : Operation 14 [1/1] (0.00ns)   --->   "%zext_ln143 = zext i9 %trunc_ln141" [Server/LZW_new.cpp:143]   --->   Operation 14 'zext' 'zext_ln143' <Predicate = true> <Delay = 0.00>
ST_1 : Operation 15 [1/1] (0.00ns)   --->   "%mem_lower_key_mem_addr = getelementptr i64 %mem_lower_key_mem, i64 0, i64 %zext_ln143" [Server/LZW_new.cpp:143]   --->   Operation 15 'getelementptr' 'mem_lower_key_mem_addr' <Predicate = true> <Delay = 0.00>
ST_1 : Operation 16 [2/2] (1.35ns)   --->   "%mem_lower_key_mem_load = load i9 %mem_lower_key_mem_addr" [Server/LZW_new.cpp:143]   --->   Operation 16 'load' 'mem_lower_key_mem_load' <Predicate = true> <Delay = 1.35> <CoreInst = "RAM">   --->   Core 83 'RAM' <Latency = 1> <II = 1> <Delay = 1.35> <Storage> <Opcode : 'load' 'store'> <Ports = 2> <Width = 64> <Depth = 512> <RAM>

State 2 <SV = 1> <Delay = 3.51>
ST_2 : Operation 17 [1/2] (1.35ns)   --->   "%mem_upper_key_mem_load = load i9 %mem_upper_key_mem_addr" [Server/LZW_new.cpp:141]   --->   Operation 17 'load' 'mem_upper_key_mem_load' <Predicate = true> <Delay = 1.35> <CoreInst = "RAM">   --->   Core 83 'RAM' <Latency = 1> <II = 1> <Delay = 1.35> <Storage> <Opcode : 'load' 'store'> <Ports = 2> <Width = 64> <Depth = 512> <RAM>
ST_2 : Operation 18 [1/2] (1.35ns)   --->   "%mem_middle_key_mem_load = load i9 %mem_middle_key_mem_addr" [Server/LZW_new.cpp:142]   --->   Operation 18 'load' 'mem_middle_key_mem_load' <Predicate = true> <Delay = 1.35> <CoreInst = "RAM">   --->   Core 83 'RAM' <Latency = 1> <II = 1> <Delay = 1.35> <Storage> <Opcode : 'load' 'store'> <Ports = 2> <Width = 64> <Depth = 512> <RAM>
ST_2 : Operation 19 [1/2] (1.35ns)   --->   "%mem_lower_key_mem_load = load i9 %mem_lower_key_mem_addr" [Server/LZW_new.cpp:143]   --->   Operation 19 'load' 'mem_lower_key_mem_load' <Predicate = true> <Delay = 1.35> <CoreInst = "RAM">   --->   Core 83 'RAM' <Latency = 1> <II = 1> <Delay = 1.35> <Storage> <Opcode : 'load' 'store'> <Ports = 2> <Width = 64> <Depth = 512> <RAM>
ST_2 : Operation 20 [1/1] (0.00ns) (grouped into LUT with out node match)   --->   "%trunc_ln145 = trunc i64 %mem_upper_key_mem_load" [Server/LZW_new.cpp:145]   --->   Operation 20 'trunc' 'trunc_ln145' <Predicate = true> <Delay = 0.00>
ST_2 : Operation 21 [1/1] (0.00ns) (grouped into LUT with out node match)   --->   "%trunc_ln145_1 = trunc i64 %mem_middle_key_mem_load" [Server/LZW_new.cpp:145]   --->   Operation 21 'trunc' 'trunc_ln145_1' <Predicate = true> <Delay = 0.00>
ST_2 : Operation 22 [1/1] (0.00ns) (grouped into LUT with out node match)   --->   "%trunc_ln145_2 = trunc i64 %mem_lower_key_mem_load" [Server/LZW_new.cpp:145]   --->   Operation 22 'trunc' 'trunc_ln145_2' <Predicate = true> <Delay = 0.00>
ST_2 : Operation 23 [1/1] (0.00ns) (grouped into LUT with out node and_ln145_3)   --->   "%trunc_ln145_3 = trunc i64 %mem_upper_key_mem_load" [Server/LZW_new.cpp:145]   --->   Operation 23 'trunc' 'trunc_ln145_3' <Predicate = true> <Delay = 0.00>
ST_2 : Operation 24 [1/1] (0.00ns) (grouped into LUT with out node and_ln145_3)   --->   "%trunc_ln145_4 = trunc i64 %mem_middle_key_mem_load" [Server/LZW_new.cpp:145]   --->   Operation 24 'trunc' 'trunc_ln145_4' <Predicate = true> <Delay = 0.00>
ST_2 : Operation 25 [1/1] (0.00ns) (grouped into LUT with out node and_ln145_5)   --->   "%trunc_ln145_5 = trunc i64 %mem_upper_key_mem_load" [Server/LZW_new.cpp:145]   --->   Operation 25 'trunc' 'trunc_ln145_5' <Predicate = true> <Delay = 0.00>
ST_2 : Operation 26 [1/1] (0.00ns) (grouped into LUT with out node and_ln145_5)   --->   "%trunc_ln145_6 = trunc i64 %mem_middle_key_mem_load" [Server/LZW_new.cpp:145]   --->   Operation 26 'trunc' 'trunc_ln145_6' <Predicate = true> <Delay = 0.00>
ST_2 : Operation 27 [1/1] (0.00ns) (grouped into LUT with out node and_ln145_7)   --->   "%trunc_ln145_7 = trunc i64 %mem_upper_key_mem_load" [Server/LZW_new.cpp:145]   --->   Operation 27 'trunc' 'trunc_ln145_7' <Predicate = true> <Delay = 0.00>
ST_2 : Operation 28 [1/1] (0.00ns) (grouped into LUT with out node and_ln145_7)   --->   "%trunc_ln145_8 = trunc i64 %mem_middle_key_mem_load" [Server/LZW_new.cpp:145]   --->   Operation 28 'trunc' 'trunc_ln145_8' <Predicate = true> <Delay = 0.00>
ST_2 : Operation 29 [1/1] (0.00ns) (grouped into LUT with out node and_ln145_9)   --->   "%trunc_ln145_9 = trunc i64 %mem_upper_key_mem_load" [Server/LZW_new.cpp:145]   --->   Operation 29 'trunc' 'trunc_ln145_9' <Predicate = true> <Delay = 0.00>
ST_2 : Operation 30 [1/1] (0.00ns) (grouped into LUT with out node and_ln145_9)   --->   "%trunc_ln145_10 = trunc i64 %mem_middle_key_mem_load" [Server/LZW_new.cpp:145]   --->   Operation 30 'trunc' 'trunc_ln145_10' <Predicate = true> <Delay = 0.00>
ST_2 : Operation 31 [1/1] (0.00ns) (grouped into LUT with out node and_ln145_11)   --->   "%trunc_ln145_11 = trunc i64 %mem_upper_key_mem_load" [Server/LZW_new.cpp:145]   --->   Operation 31 'trunc' 'trunc_ln145_11' <Predicate = true> <Delay = 0.00>
ST_2 : Operation 32 [1/1] (0.00ns) (grouped into LUT with out node and_ln145_11)   --->   "%trunc_ln145_12 = trunc i64 %mem_middle_key_mem_load" [Server/LZW_new.cpp:145]   --->   Operation 32 'trunc' 'trunc_ln145_12' <Predicate = true> <Delay = 0.00>
ST_2 : Operation 33 [1/1] (0.00ns) (grouped into LUT with out node and_ln145_13)   --->   "%trunc_ln145_13 = trunc i64 %mem_upper_key_mem_load" [Server/LZW_new.cpp:145]   --->   Operation 33 'trunc' 'trunc_ln145_13' <Predicate = true> <Delay = 0.00>
ST_2 : Operation 34 [1/1] (0.00ns) (grouped into LUT with out node and_ln145_13)   --->   "%trunc_ln145_14 = trunc i64 %mem_middle_key_mem_load" [Server/LZW_new.cpp:145]   --->   Operation 34 'trunc' 'trunc_ln145_14' <Predicate = true> <Delay = 0.00>
ST_2 : Operation 35 [1/1] (0.00ns) (grouped into LUT with out node and_ln145_15)   --->   "%trunc_ln145_15 = trunc i64 %mem_upper_key_mem_load" [Server/LZW_new.cpp:145]   --->   Operation 35 'trunc' 'trunc_ln145_15' <Predicate = true> <Delay = 0.00>
ST_2 : Operation 36 [1/1] (0.00ns) (grouped into LUT with out node and_ln145_15)   --->   "%trunc_ln145_16 = trunc i64 %mem_middle_key_mem_load" [Server/LZW_new.cpp:145]   --->   Operation 36 'trunc' 'trunc_ln145_16' <Predicate = true> <Delay = 0.00>
ST_2 : Operation 37 [1/1] (0.00ns) (grouped into LUT with out node and_ln145_17)   --->   "%trunc_ln145_17 = trunc i64 %mem_upper_key_mem_load" [Server/LZW_new.cpp:145]   --->   Operation 37 'trunc' 'trunc_ln145_17' <Predicate = true> <Delay = 0.00>
ST_2 : Operation 38 [1/1] (0.00ns) (grouped into LUT with out node and_ln145_17)   --->   "%trunc_ln145_18 = trunc i64 %mem_middle_key_mem_load" [Server/LZW_new.cpp:145]   --->   Operation 38 'trunc' 'trunc_ln145_18' <Predicate = true> <Delay = 0.00>
ST_2 : Operation 39 [1/1] (0.00ns) (grouped into LUT with out node and_ln145_19)   --->   "%trunc_ln145_19 = trunc i64 %mem_upper_key_mem_load" [Server/LZW_new.cpp:145]   --->   Operation 39 'trunc' 'trunc_ln145_19' <Predicate = true> <Delay = 0.00>
ST_2 : Operation 40 [1/1] (0.00ns) (grouped into LUT with out node and_ln145_19)   --->   "%trunc_ln145_20 = trunc i64 %mem_middle_key_mem_load" [Server/LZW_new.cpp:145]   --->   Operation 40 'trunc' 'trunc_ln145_20' <Predicate = true> <Delay = 0.00>
ST_2 : Operation 41 [1/1] (0.00ns) (grouped into LUT with out node and_ln145_21)   --->   "%trunc_ln145_21 = trunc i64 %mem_upper_key_mem_load" [Server/LZW_new.cpp:145]   --->   Operation 41 'trunc' 'trunc_ln145_21' <Predicate = true> <Delay = 0.00>
ST_2 : Operation 42 [1/1] (0.00ns) (grouped into LUT with out node and_ln145_21)   --->   "%trunc_ln145_22 = trunc i64 %mem_middle_key_mem_load" [Server/LZW_new.cpp:145]   --->   Operation 42 'trunc' 'trunc_ln145_22' <Predicate = true> <Delay = 0.00>
ST_2 : Operation 43 [1/1] (0.00ns) (grouped into LUT with out node and_ln145_23)   --->   "%trunc_ln145_23 = trunc i64 %mem_upper_key_mem_load" [Server/LZW_new.cpp:145]   --->   Operation 43 'trunc' 'trunc_ln145_23' <Predicate = true> <Delay = 0.00>
ST_2 : Operation 44 [1/1] (0.00ns) (grouped into LUT with out node and_ln145_23)   --->   "%trunc_ln145_24 = trunc i64 %mem_middle_key_mem_load" [Server/LZW_new.cpp:145]   --->   Operation 44 'trunc' 'trunc_ln145_24' <Predicate = true> <Delay = 0.00>
ST_2 : Operation 45 [1/1] (0.00ns) (grouped into LUT with out node and_ln145_25)   --->   "%trunc_ln145_25 = trunc i64 %mem_upper_key_mem_load" [Server/LZW_new.cpp:145]   --->   Operation 45 'trunc' 'trunc_ln145_25' <Predicate = true> <Delay = 0.00>
ST_2 : Operation 46 [1/1] (0.00ns) (grouped into LUT with out node and_ln145_25)   --->   "%trunc_ln145_26 = trunc i64 %mem_middle_key_mem_load" [Server/LZW_new.cpp:145]   --->   Operation 46 'trunc' 'trunc_ln145_26' <Predicate = true> <Delay = 0.00>
ST_2 : Operation 47 [1/1] (0.00ns) (grouped into LUT with out node and_ln145_27)   --->   "%trunc_ln145_27 = trunc i64 %mem_upper_key_mem_load" [Server/LZW_new.cpp:145]   --->   Operation 47 'trunc' 'trunc_ln145_27' <Predicate = true> <Delay = 0.00>
ST_2 : Operation 48 [1/1] (0.00ns) (grouped into LUT with out node and_ln145_27)   --->   "%trunc_ln145_28 = trunc i64 %mem_middle_key_mem_load" [Server/LZW_new.cpp:145]   --->   Operation 48 'trunc' 'trunc_ln145_28' <Predicate = true> <Delay = 0.00>
ST_2 : Operation 49 [1/1] (0.00ns) (grouped into LUT with out node and_ln145_29)   --->   "%trunc_ln145_29 = trunc i64 %mem_upper_key_mem_load" [Server/LZW_new.cpp:145]   --->   Operation 49 'trunc' 'trunc_ln145_29' <Predicate = true> <Delay = 0.00>
ST_2 : Operation 50 [1/1] (0.00ns) (grouped into LUT with out node and_ln145_29)   --->   "%trunc_ln145_30 = trunc i64 %mem_middle_key_mem_load" [Server/LZW_new.cpp:145]   --->   Operation 50 'trunc' 'trunc_ln145_30' <Predicate = true> <Delay = 0.00>
ST_2 : Operation 51 [1/1] (0.00ns) (grouped into LUT with out node and_ln145_31)   --->   "%trunc_ln145_31 = trunc i64 %mem_upper_key_mem_load" [Server/LZW_new.cpp:145]   --->   Operation 51 'trunc' 'trunc_ln145_31' <Predicate = true> <Delay = 0.00>
ST_2 : Operation 52 [1/1] (0.00ns) (grouped into LUT with out node and_ln145_31)   --->   "%trunc_ln145_32 = trunc i64 %mem_middle_key_mem_load" [Server/LZW_new.cpp:145]   --->   Operation 52 'trunc' 'trunc_ln145_32' <Predicate = true> <Delay = 0.00>
ST_2 : Operation 53 [1/1] (0.00ns) (grouped into LUT with out node and_ln145_33)   --->   "%trunc_ln145_33 = trunc i64 %mem_upper_key_mem_load" [Server/LZW_new.cpp:145]   --->   Operation 53 'trunc' 'trunc_ln145_33' <Predicate = true> <Delay = 0.00>
ST_2 : Operation 54 [1/1] (0.00ns) (grouped into LUT with out node and_ln145_33)   --->   "%trunc_ln145_34 = trunc i64 %mem_middle_key_mem_load" [Server/LZW_new.cpp:145]   --->   Operation 54 'trunc' 'trunc_ln145_34' <Predicate = true> <Delay = 0.00>
ST_2 : Operation 55 [1/1] (0.00ns) (grouped into LUT with out node and_ln145_35)   --->   "%trunc_ln145_35 = trunc i64 %mem_upper_key_mem_load" [Server/LZW_new.cpp:145]   --->   Operation 55 'trunc' 'trunc_ln145_35' <Predicate = true> <Delay = 0.00>
ST_2 : Operation 56 [1/1] (0.00ns) (grouped into LUT with out node and_ln145_35)   --->   "%trunc_ln145_36 = trunc i64 %mem_middle_key_mem_load" [Server/LZW_new.cpp:145]   --->   Operation 56 'trunc' 'trunc_ln145_36' <Predicate = true> <Delay = 0.00>
ST_2 : Operation 57 [1/1] (0.00ns) (grouped into LUT with out node and_ln145_37)   --->   "%trunc_ln145_37 = trunc i64 %mem_upper_key_mem_load" [Server/LZW_new.cpp:145]   --->   Operation 57 'trunc' 'trunc_ln145_37' <Predicate = true> <Delay = 0.00>
ST_2 : Operation 58 [1/1] (0.00ns) (grouped into LUT with out node and_ln145_37)   --->   "%trunc_ln145_38 = trunc i64 %mem_middle_key_mem_load" [Server/LZW_new.cpp:145]   --->   Operation 58 'trunc' 'trunc_ln145_38' <Predicate = true> <Delay = 0.00>
ST_2 : Operation 59 [1/1] (0.00ns) (grouped into LUT with out node and_ln145_39)   --->   "%trunc_ln145_39 = trunc i64 %mem_upper_key_mem_load" [Server/LZW_new.cpp:145]   --->   Operation 59 'trunc' 'trunc_ln145_39' <Predicate = true> <Delay = 0.00>
ST_2 : Operation 60 [1/1] (0.00ns) (grouped into LUT with out node and_ln145_39)   --->   "%trunc_ln145_40 = trunc i64 %mem_middle_key_mem_load" [Server/LZW_new.cpp:145]   --->   Operation 60 'trunc' 'trunc_ln145_40' <Predicate = true> <Delay = 0.00>
ST_2 : Operation 61 [1/1] (0.00ns) (grouped into LUT with out node and_ln145_41)   --->   "%trunc_ln145_41 = trunc i64 %mem_upper_key_mem_load" [Server/LZW_new.cpp:145]   --->   Operation 61 'trunc' 'trunc_ln145_41' <Predicate = true> <Delay = 0.00>
ST_2 : Operation 62 [1/1] (0.00ns) (grouped into LUT with out node and_ln145_41)   --->   "%trunc_ln145_42 = trunc i64 %mem_middle_key_mem_load" [Server/LZW_new.cpp:145]   --->   Operation 62 'trunc' 'trunc_ln145_42' <Predicate = true> <Delay = 0.00>
ST_2 : Operation 63 [1/1] (0.00ns) (grouped into LUT with out node and_ln145_43)   --->   "%trunc_ln145_43 = trunc i64 %mem_upper_key_mem_load" [Server/LZW_new.cpp:145]   --->   Operation 63 'trunc' 'trunc_ln145_43' <Predicate = true> <Delay = 0.00>
ST_2 : Operation 64 [1/1] (0.00ns) (grouped into LUT with out node and_ln145_43)   --->   "%trunc_ln145_44 = trunc i64 %mem_middle_key_mem_load" [Server/LZW_new.cpp:145]   --->   Operation 64 'trunc' 'trunc_ln145_44' <Predicate = true> <Delay = 0.00>
ST_2 : Operation 65 [1/1] (0.00ns) (grouped into LUT with out node and_ln145_45)   --->   "%trunc_ln145_45 = trunc i64 %mem_upper_key_mem_load" [Server/LZW_new.cpp:145]   --->   Operation 65 'trunc' 'trunc_ln145_45' <Predicate = true> <Delay = 0.00>
ST_2 : Operation 66 [1/1] (0.00ns) (grouped into LUT with out node and_ln145_45)   --->   "%trunc_ln145_46 = trunc i64 %mem_middle_key_mem_load" [Server/LZW_new.cpp:145]   --->   Operation 66 'trunc' 'trunc_ln145_46' <Predicate = true> <Delay = 0.00>
ST_2 : Operation 67 [1/1] (0.00ns) (grouped into LUT with out node and_ln145_47)   --->   "%trunc_ln145_47 = trunc i64 %mem_upper_key_mem_load" [Server/LZW_new.cpp:145]   --->   Operation 67 'trunc' 'trunc_ln145_47' <Predicate = true> <Delay = 0.00>
ST_2 : Operation 68 [1/1] (0.00ns) (grouped into LUT with out node and_ln145_47)   --->   "%trunc_ln145_48 = trunc i64 %mem_middle_key_mem_load" [Server/LZW_new.cpp:145]   --->   Operation 68 'trunc' 'trunc_ln145_48' <Predicate = true> <Delay = 0.00>
ST_2 : Operation 69 [1/1] (0.00ns) (grouped into LUT with out node and_ln145_49)   --->   "%trunc_ln145_49 = trunc i64 %mem_upper_key_mem_load" [Server/LZW_new.cpp:145]   --->   Operation 69 'trunc' 'trunc_ln145_49' <Predicate = true> <Delay = 0.00>
ST_2 : Operation 70 [1/1] (0.00ns) (grouped into LUT with out node and_ln145_49)   --->   "%trunc_ln145_50 = trunc i64 %mem_middle_key_mem_load" [Server/LZW_new.cpp:145]   --->   Operation 70 'trunc' 'trunc_ln145_50' <Predicate = true> <Delay = 0.00>
ST_2 : Operation 71 [1/1] (0.00ns) (grouped into LUT with out node and_ln145_51)   --->   "%trunc_ln145_51 = trunc i64 %mem_upper_key_mem_load" [Server/LZW_new.cpp:145]   --->   Operation 71 'trunc' 'trunc_ln145_51' <Predicate = true> <Delay = 0.00>
ST_2 : Operation 72 [1/1] (0.00ns) (grouped into LUT with out node and_ln145_51)   --->   "%trunc_ln145_52 = trunc i64 %mem_middle_key_mem_load" [Server/LZW_new.cpp:145]   --->   Operation 72 'trunc' 'trunc_ln145_52' <Predicate = true> <Delay = 0.00>
ST_2 : Operation 73 [1/1] (0.00ns) (grouped into LUT with out node and_ln145_53)   --->   "%trunc_ln145_53 = trunc i64 %mem_upper_key_mem_load" [Server/LZW_new.cpp:145]   --->   Operation 73 'trunc' 'trunc_ln145_53' <Predicate = true> <Delay = 0.00>
ST_2 : Operation 74 [1/1] (0.00ns) (grouped into LUT with out node and_ln145_53)   --->   "%trunc_ln145_54 = trunc i64 %mem_middle_key_mem_load" [Server/LZW_new.cpp:145]   --->   Operation 74 'trunc' 'trunc_ln145_54' <Predicate = true> <Delay = 0.00>
ST_2 : Operation 75 [1/1] (0.00ns) (grouped into LUT with out node and_ln145_55)   --->   "%trunc_ln145_55 = trunc i64 %mem_upper_key_mem_load" [Server/LZW_new.cpp:145]   --->   Operation 75 'trunc' 'trunc_ln145_55' <Predicate = true> <Delay = 0.00>
ST_2 : Operation 76 [1/1] (0.00ns) (grouped into LUT with out node and_ln145_55)   --->   "%trunc_ln145_56 = trunc i64 %mem_middle_key_mem_load" [Server/LZW_new.cpp:145]   --->   Operation 76 'trunc' 'trunc_ln145_56' <Predicate = true> <Delay = 0.00>
ST_2 : Operation 77 [1/1] (0.00ns) (grouped into LUT with out node and_ln145_57)   --->   "%trunc_ln145_57 = trunc i64 %mem_upper_key_mem_load" [Server/LZW_new.cpp:145]   --->   Operation 77 'trunc' 'trunc_ln145_57' <Predicate = true> <Delay = 0.00>
ST_2 : Operation 78 [1/1] (0.00ns) (grouped into LUT with out node and_ln145_57)   --->   "%trunc_ln145_58 = trunc i64 %mem_middle_key_mem_load" [Server/LZW_new.cpp:145]   --->   Operation 78 'trunc' 'trunc_ln145_58' <Predicate = true> <Delay = 0.00>
ST_2 : Operation 79 [1/1] (0.00ns) (grouped into LUT with out node and_ln145_59)   --->   "%trunc_ln145_59 = trunc i64 %mem_upper_key_mem_load" [Server/LZW_new.cpp:145]   --->   Operation 79 'trunc' 'trunc_ln145_59' <Predicate = true> <Delay = 0.00>
ST_2 : Operation 80 [1/1] (0.00ns) (grouped into LUT with out node and_ln145_59)   --->   "%trunc_ln145_60 = trunc i64 %mem_middle_key_mem_load" [Server/LZW_new.cpp:145]   --->   Operation 80 'trunc' 'trunc_ln145_60' <Predicate = true> <Delay = 0.00>
ST_2 : Operation 81 [1/1] (0.00ns) (grouped into LUT with out node and_ln145_61)   --->   "%trunc_ln145_61 = trunc i64 %mem_upper_key_mem_load" [Server/LZW_new.cpp:145]   --->   Operation 81 'trunc' 'trunc_ln145_61' <Predicate = true> <Delay = 0.00>
ST_2 : Operation 82 [1/1] (0.00ns) (grouped into LUT with out node and_ln145_61)   --->   "%trunc_ln145_62 = trunc i64 %mem_middle_key_mem_load" [Server/LZW_new.cpp:145]   --->   Operation 82 'trunc' 'trunc_ln145_62' <Predicate = true> <Delay = 0.00>
ST_2 : Operation 83 [1/1] (0.00ns) (grouped into LUT with out node and_ln145_63)   --->   "%trunc_ln145_63 = trunc i64 %mem_upper_key_mem_load" [Server/LZW_new.cpp:145]   --->   Operation 83 'trunc' 'trunc_ln145_63' <Predicate = true> <Delay = 0.00>
ST_2 : Operation 84 [1/1] (0.00ns) (grouped into LUT with out node and_ln145_63)   --->   "%trunc_ln145_64 = trunc i64 %mem_middle_key_mem_load" [Server/LZW_new.cpp:145]   --->   Operation 84 'trunc' 'trunc_ln145_64' <Predicate = true> <Delay = 0.00>
ST_2 : Operation 85 [1/1] (0.00ns) (grouped into LUT with out node and_ln145_63)   --->   "%trunc_ln145_65 = trunc i64 %mem_lower_key_mem_load" [Server/LZW_new.cpp:145]   --->   Operation 85 'trunc' 'trunc_ln145_65' <Predicate = true> <Delay = 0.00>
ST_2 : Operation 86 [1/1] (0.00ns) (grouped into LUT with out node and_ln145_61)   --->   "%trunc_ln145_66 = trunc i64 %mem_lower_key_mem_load" [Server/LZW_new.cpp:145]   --->   Operation 86 'trunc' 'trunc_ln145_66' <Predicate = true> <Delay = 0.00>
ST_2 : Operation 87 [1/1] (0.00ns) (grouped into LUT with out node and_ln145_59)   --->   "%trunc_ln145_67 = trunc i64 %mem_lower_key_mem_load" [Server/LZW_new.cpp:145]   --->   Operation 87 'trunc' 'trunc_ln145_67' <Predicate = true> <Delay = 0.00>
ST_2 : Operation 88 [1/1] (0.00ns) (grouped into LUT with out node and_ln145_57)   --->   "%trunc_ln145_68 = trunc i64 %mem_lower_key_mem_load" [Server/LZW_new.cpp:145]   --->   Operation 88 'trunc' 'trunc_ln145_68' <Predicate = true> <Delay = 0.00>
ST_2 : Operation 89 [1/1] (0.00ns) (grouped into LUT with out node and_ln145_55)   --->   "%trunc_ln145_69 = trunc i64 %mem_lower_key_mem_load" [Server/LZW_new.cpp:145]   --->   Operation 89 'trunc' 'trunc_ln145_69' <Predicate = true> <Delay = 0.00>
ST_2 : Operation 90 [1/1] (0.00ns) (grouped into LUT with out node and_ln145_53)   --->   "%trunc_ln145_70 = trunc i64 %mem_lower_key_mem_load" [Server/LZW_new.cpp:145]   --->   Operation 90 'trunc' 'trunc_ln145_70' <Predicate = true> <Delay = 0.00>
ST_2 : Operation 91 [1/1] (0.00ns) (grouped into LUT with out node and_ln145_51)   --->   "%trunc_ln145_71 = trunc i64 %mem_lower_key_mem_load" [Server/LZW_new.cpp:145]   --->   Operation 91 'trunc' 'trunc_ln145_71' <Predicate = true> <Delay = 0.00>
ST_2 : Operation 92 [1/1] (0.00ns) (grouped into LUT with out node and_ln145_49)   --->   "%trunc_ln145_72 = trunc i64 %mem_lower_key_mem_load" [Server/LZW_new.cpp:145]   --->   Operation 92 'trunc' 'trunc_ln145_72' <Predicate = true> <Delay = 0.00>
ST_2 : Operation 93 [1/1] (0.00ns) (grouped into LUT with out node and_ln145_47)   --->   "%trunc_ln145_73 = trunc i64 %mem_lower_key_mem_load" [Server/LZW_new.cpp:145]   --->   Operation 93 'trunc' 'trunc_ln145_73' <Predicate = true> <Delay = 0.00>
ST_2 : Operation 94 [1/1] (0.00ns) (grouped into LUT with out node and_ln145_45)   --->   "%trunc_ln145_74 = trunc i64 %mem_lower_key_mem_load" [Server/LZW_new.cpp:145]   --->   Operation 94 'trunc' 'trunc_ln145_74' <Predicate = true> <Delay = 0.00>
ST_2 : Operation 95 [1/1] (0.00ns) (grouped into LUT with out node and_ln145_43)   --->   "%trunc_ln145_75 = trunc i64 %mem_lower_key_mem_load" [Server/LZW_new.cpp:145]   --->   Operation 95 'trunc' 'trunc_ln145_75' <Predicate = true> <Delay = 0.00>
ST_2 : Operation 96 [1/1] (0.00ns) (grouped into LUT with out node and_ln145_41)   --->   "%trunc_ln145_76 = trunc i64 %mem_lower_key_mem_load" [Server/LZW_new.cpp:145]   --->   Operation 96 'trunc' 'trunc_ln145_76' <Predicate = true> <Delay = 0.00>
ST_2 : Operation 97 [1/1] (0.00ns) (grouped into LUT with out node and_ln145_39)   --->   "%trunc_ln145_77 = trunc i64 %mem_lower_key_mem_load" [Server/LZW_new.cpp:145]   --->   Operation 97 'trunc' 'trunc_ln145_77' <Predicate = true> <Delay = 0.00>
ST_2 : Operation 98 [1/1] (0.00ns) (grouped into LUT with out node and_ln145_37)   --->   "%trunc_ln145_78 = trunc i64 %mem_lower_key_mem_load" [Server/LZW_new.cpp:145]   --->   Operation 98 'trunc' 'trunc_ln145_78' <Predicate = true> <Delay = 0.00>
ST_2 : Operation 99 [1/1] (0.00ns) (grouped into LUT with out node and_ln145_35)   --->   "%trunc_ln145_79 = trunc i64 %mem_lower_key_mem_load" [Server/LZW_new.cpp:145]   --->   Operation 99 'trunc' 'trunc_ln145_79' <Predicate = true> <Delay = 0.00>
ST_2 : Operation 100 [1/1] (0.00ns) (grouped into LUT with out node and_ln145_33)   --->   "%trunc_ln145_80 = trunc i64 %mem_lower_key_mem_load" [Server/LZW_new.cpp:145]   --->   Operation 100 'trunc' 'trunc_ln145_80' <Predicate = true> <Delay = 0.00>
ST_2 : Operation 101 [1/1] (0.00ns) (grouped into LUT with out node and_ln145_31)   --->   "%trunc_ln145_81 = trunc i64 %mem_lower_key_mem_load" [Server/LZW_new.cpp:145]   --->   Operation 101 'trunc' 'trunc_ln145_81' <Predicate = true> <Delay = 0.00>
ST_2 : Operation 102 [1/1] (0.00ns) (grouped into LUT with out node and_ln145_29)   --->   "%trunc_ln145_82 = trunc i64 %mem_lower_key_mem_load" [Server/LZW_new.cpp:145]   --->   Operation 102 'trunc' 'trunc_ln145_82' <Predicate = true> <Delay = 0.00>
ST_2 : Operation 103 [1/1] (0.00ns) (grouped into LUT with out node and_ln145_27)   --->   "%trunc_ln145_83 = trunc i64 %mem_lower_key_mem_load" [Server/LZW_new.cpp:145]   --->   Operation 103 'trunc' 'trunc_ln145_83' <Predicate = true> <Delay = 0.00>
ST_2 : Operation 104 [1/1] (0.00ns) (grouped into LUT with out node and_ln145_25)   --->   "%trunc_ln145_84 = trunc i64 %mem_lower_key_mem_load" [Server/LZW_new.cpp:145]   --->   Operation 104 'trunc' 'trunc_ln145_84' <Predicate = true> <Delay = 0.00>
ST_2 : Operation 105 [1/1] (0.00ns) (grouped into LUT with out node and_ln145_23)   --->   "%trunc_ln145_85 = trunc i64 %mem_lower_key_mem_load" [Server/LZW_new.cpp:145]   --->   Operation 105 'trunc' 'trunc_ln145_85' <Predicate = true> <Delay = 0.00>
ST_2 : Operation 106 [1/1] (0.00ns) (grouped into LUT with out node and_ln145_21)   --->   "%trunc_ln145_86 = trunc i64 %mem_lower_key_mem_load" [Server/LZW_new.cpp:145]   --->   Operation 106 'trunc' 'trunc_ln145_86' <Predicate = true> <Delay = 0.00>
ST_2 : Operation 107 [1/1] (0.00ns) (grouped into LUT with out node and_ln145_19)   --->   "%trunc_ln145_87 = trunc i64 %mem_lower_key_mem_load" [Server/LZW_new.cpp:145]   --->   Operation 107 'trunc' 'trunc_ln145_87' <Predicate = true> <Delay = 0.00>
ST_2 : Operation 108 [1/1] (0.00ns) (grouped into LUT with out node and_ln145_17)   --->   "%trunc_ln145_88 = trunc i64 %mem_lower_key_mem_load" [Server/LZW_new.cpp:145]   --->   Operation 108 'trunc' 'trunc_ln145_88' <Predicate = true> <Delay = 0.00>
ST_2 : Operation 109 [1/1] (0.00ns) (grouped into LUT with out node and_ln145_15)   --->   "%trunc_ln145_89 = trunc i64 %mem_lower_key_mem_load" [Server/LZW_new.cpp:145]   --->   Operation 109 'trunc' 'trunc_ln145_89' <Predicate = true> <Delay = 0.00>
ST_2 : Operation 110 [1/1] (0.00ns) (grouped into LUT with out node and_ln145_13)   --->   "%trunc_ln145_90 = trunc i64 %mem_lower_key_mem_load" [Server/LZW_new.cpp:145]   --->   Operation 110 'trunc' 'trunc_ln145_90' <Predicate = true> <Delay = 0.00>
ST_2 : Operation 111 [1/1] (0.00ns) (grouped into LUT with out node and_ln145_11)   --->   "%trunc_ln145_91 = trunc i64 %mem_lower_key_mem_load" [Server/LZW_new.cpp:145]   --->   Operation 111 'trunc' 'trunc_ln145_91' <Predicate = true> <Delay = 0.00>
ST_2 : Operation 112 [1/1] (0.00ns) (grouped into LUT with out node and_ln145_9)   --->   "%trunc_ln145_92 = trunc i64 %mem_lower_key_mem_load" [Server/LZW_new.cpp:145]   --->   Operation 112 'trunc' 'trunc_ln145_92' <Predicate = true> <Delay = 0.00>
ST_2 : Operation 113 [1/1] (0.00ns) (grouped into LUT with out node and_ln145_7)   --->   "%trunc_ln145_93 = trunc i64 %mem_lower_key_mem_load" [Server/LZW_new.cpp:145]   --->   Operation 113 'trunc' 'trunc_ln145_93' <Predicate = true> <Delay = 0.00>
ST_2 : Operation 114 [1/1] (0.00ns) (grouped into LUT with out node and_ln145_5)   --->   "%trunc_ln145_94 = trunc i64 %mem_lower_key_mem_load" [Server/LZW_new.cpp:145]   --->   Operation 114 'trunc' 'trunc_ln145_94' <Predicate = true> <Delay = 0.00>
ST_2 : Operation 115 [1/1] (0.00ns) (grouped into LUT with out node and_ln145_3)   --->   "%trunc_ln145_95 = trunc i64 %mem_lower_key_mem_load" [Server/LZW_new.cpp:145]   --->   Operation 115 'trunc' 'trunc_ln145_95' <Predicate = true> <Delay = 0.00>
ST_2 : Operation 116 [1/1] (0.00ns) (grouped into LUT with out node match)   --->   "%and_ln145 = and i32 %trunc_ln145, i32 %trunc_ln145_2" [Server/LZW_new.cpp:145]   --->   Operation 116 'and' 'and_ln145' <Predicate = true> <Delay = 0.00> <CoreInst = "LogicGate">   --->   Core 74 'LogicGate' <Latency = 0> <II = 1> <Delay = 0.33> <FuncUnit> <Opcode : 'and' 'or' 'xor'> <InPorts = 2> <OutPorts = 1>
ST_2 : Operation 117 [1/1] (0.40ns) (out node of the LUT)   --->   "%match = and i32 %and_ln145, i32 %trunc_ln145_1" [Server/LZW_new.cpp:145]   --->   Operation 117 'and' 'match' <Predicate = true> <Delay = 0.40> <CoreInst = "LogicGate">   --->   Core 74 'LogicGate' <Latency = 0> <II = 1> <Delay = 0.33> <FuncUnit> <Opcode : 'and' 'or' 'xor'> <InPorts = 2> <OutPorts = 1>
ST_2 : Operation 118 [1/1] (0.00ns) (grouped into LUT with out node and_ln145_3)   --->   "%and_ln145_2 = and i31 %trunc_ln145_3, i31 %trunc_ln145_95" [Server/LZW_new.cpp:145]   --->   Operation 118 'and' 'and_ln145_2' <Predicate = true> <Delay = 0.00> <CoreInst = "LogicGate">   --->   Core 74 'LogicGate' <Latency = 0> <II = 1> <Delay = 0.33> <FuncUnit> <Opcode : 'and' 'or' 'xor'> <InPorts = 2> <OutPorts = 1>
ST_2 : Operation 119 [1/1] (0.36ns) (out node of the LUT)   --->   "%and_ln145_3 = and i31 %and_ln145_2, i31 %trunc_ln145_4" [Server/LZW_new.cpp:145]   --->   Operation 119 'and' 'and_ln145_3' <Predicate = true> <Delay = 0.36> <CoreInst = "LogicGate">   --->   Core 74 'LogicGate' <Latency = 0> <II = 1> <Delay = 0.33> <FuncUnit> <Opcode : 'and' 'or' 'xor'> <InPorts = 2> <OutPorts = 1>
ST_2 : Operation 120 [1/1] (0.00ns) (grouped into LUT with out node and_ln145_5)   --->   "%and_ln145_4 = and i30 %trunc_ln145_5, i30 %trunc_ln145_94" [Server/LZW_new.cpp:145]   --->   Operation 120 'and' 'and_ln145_4' <Predicate = true> <Delay = 0.00> <CoreInst = "LogicGate">   --->   Core 74 'LogicGate' <Latency = 0> <II = 1> <Delay = 0.33> <FuncUnit> <Opcode : 'and' 'or' 'xor'> <InPorts = 2> <OutPorts = 1>
ST_2 : Operation 121 [1/1] (0.33ns) (out node of the LUT)   --->   "%and_ln145_5 = and i30 %and_ln145_4, i30 %trunc_ln145_6" [Server/LZW_new.cpp:145]   --->   Operation 121 'and' 'and_ln145_5' <Predicate = true> <Delay = 0.33> <CoreInst = "LogicGate">   --->   Core 74 'LogicGate' <Latency = 0> <II = 1> <Delay = 0.33> <FuncUnit> <Opcode : 'and' 'or' 'xor'> <InPorts = 2> <OutPorts = 1>
ST_2 : Operation 122 [1/1] (0.00ns) (grouped into LUT with out node and_ln145_7)   --->   "%and_ln145_6 = and i29 %trunc_ln145_7, i29 %trunc_ln145_93" [Server/LZW_new.cpp:145]   --->   Operation 122 'and' 'and_ln145_6' <Predicate = true> <Delay = 0.00> <CoreInst = "LogicGate">   --->   Core 74 'LogicGate' <Latency = 0> <II = 1> <Delay = 0.33> <FuncUnit> <Opcode : 'and' 'or' 'xor'> <InPorts = 2> <OutPorts = 1>
ST_2 : Operation 123 [1/1] (0.29ns) (out node of the LUT)   --->   "%and_ln145_7 = and i29 %and_ln145_6, i29 %trunc_ln145_8" [Server/LZW_new.cpp:145]   --->   Operation 123 'and' 'and_ln145_7' <Predicate = true> <Delay = 0.29> <CoreInst = "LogicGate">   --->   Core 74 'LogicGate' <Latency = 0> <II = 1> <Delay = 0.33> <FuncUnit> <Opcode : 'and' 'or' 'xor'> <InPorts = 2> <OutPorts = 1>
ST_2 : Operation 124 [1/1] (0.00ns) (grouped into LUT with out node and_ln145_9)   --->   "%and_ln145_8 = and i28 %trunc_ln145_9, i28 %trunc_ln145_92" [Server/LZW_new.cpp:145]   --->   Operation 124 'and' 'and_ln145_8' <Predicate = true> <Delay = 0.00> <CoreInst = "LogicGate">   --->   Core 74 'LogicGate' <Latency = 0> <II = 1> <Delay = 0.33> <FuncUnit> <Opcode : 'and' 'or' 'xor'> <InPorts = 2> <OutPorts = 1>
ST_2 : Operation 125 [1/1] (0.26ns) (out node of the LUT)   --->   "%and_ln145_9 = and i28 %and_ln145_8, i28 %trunc_ln145_10" [Server/LZW_new.cpp:145]   --->   Operation 125 'and' 'and_ln145_9' <Predicate = true> <Delay = 0.26> <CoreInst = "LogicGate">   --->   Core 74 'LogicGate' <Latency = 0> <II = 1> <Delay = 0.33> <FuncUnit> <Opcode : 'and' 'or' 'xor'> <InPorts = 2> <OutPorts = 1>
ST_2 : Operation 126 [1/1] (0.00ns) (grouped into LUT with out node and_ln145_11)   --->   "%and_ln145_10 = and i27 %trunc_ln145_11, i27 %trunc_ln145_91" [Server/LZW_new.cpp:145]   --->   Operation 126 'and' 'and_ln145_10' <Predicate = true> <Delay = 0.00> <CoreInst = "LogicGate">   --->   Core 74 'LogicGate' <Latency = 0> <II = 1> <Delay = 0.33> <FuncUnit> <Opcode : 'and' 'or' 'xor'> <InPorts = 2> <OutPorts = 1>
ST_2 : Operation 127 [1/1] (0.29ns) (out node of the LUT)   --->   "%and_ln145_11 = and i27 %and_ln145_10, i27 %trunc_ln145_12" [Server/LZW_new.cpp:145]   --->   Operation 127 'and' 'and_ln145_11' <Predicate = true> <Delay = 0.29> <CoreInst = "LogicGate">   --->   Core 74 'LogicGate' <Latency = 0> <II = 1> <Delay = 0.33> <FuncUnit> <Opcode : 'and' 'or' 'xor'> <InPorts = 2> <OutPorts = 1>
ST_2 : Operation 128 [1/1] (0.00ns) (grouped into LUT with out node and_ln145_13)   --->   "%and_ln145_12 = and i26 %trunc_ln145_13, i26 %trunc_ln145_90" [Server/LZW_new.cpp:145]   --->   Operation 128 'and' 'and_ln145_12' <Predicate = true> <Delay = 0.00> <CoreInst = "LogicGate">   --->   Core 74 'LogicGate' <Latency = 0> <II = 1> <Delay = 0.33> <FuncUnit> <Opcode : 'and' 'or' 'xor'> <InPorts = 2> <OutPorts = 1>
ST_2 : Operation 129 [1/1] (0.33ns) (out node of the LUT)   --->   "%and_ln145_13 = and i26 %and_ln145_12, i26 %trunc_ln145_14" [Server/LZW_new.cpp:145]   --->   Operation 129 'and' 'and_ln145_13' <Predicate = true> <Delay = 0.33> <CoreInst = "LogicGate">   --->   Core 74 'LogicGate' <Latency = 0> <II = 1> <Delay = 0.33> <FuncUnit> <Opcode : 'and' 'or' 'xor'> <InPorts = 2> <OutPorts = 1>
ST_2 : Operation 130 [1/1] (0.00ns) (grouped into LUT with out node and_ln145_15)   --->   "%and_ln145_14 = and i25 %trunc_ln145_15, i25 %trunc_ln145_89" [Server/LZW_new.cpp:145]   --->   Operation 130 'and' 'and_ln145_14' <Predicate = true> <Delay = 0.00> <CoreInst = "LogicGate">   --->   Core 74 'LogicGate' <Latency = 0> <II = 1> <Delay = 0.33> <FuncUnit> <Opcode : 'and' 'or' 'xor'> <InPorts = 2> <OutPorts = 1>
ST_2 : Operation 131 [1/1] (0.36ns) (out node of the LUT)   --->   "%and_ln145_15 = and i25 %and_ln145_14, i25 %trunc_ln145_16" [Server/LZW_new.cpp:145]   --->   Operation 131 'and' 'and_ln145_15' <Predicate = true> <Delay = 0.36> <CoreInst = "LogicGate">   --->   Core 74 'LogicGate' <Latency = 0> <II = 1> <Delay = 0.33> <FuncUnit> <Opcode : 'and' 'or' 'xor'> <InPorts = 2> <OutPorts = 1>
ST_2 : Operation 132 [1/1] (0.00ns) (grouped into LUT with out node and_ln145_17)   --->   "%and_ln145_16 = and i24 %trunc_ln145_17, i24 %trunc_ln145_88" [Server/LZW_new.cpp:145]   --->   Operation 132 'and' 'and_ln145_16' <Predicate = true> <Delay = 0.00> <CoreInst = "LogicGate">   --->   Core 74 'LogicGate' <Latency = 0> <II = 1> <Delay = 0.33> <FuncUnit> <Opcode : 'and' 'or' 'xor'> <InPorts = 2> <OutPorts = 1>
ST_2 : Operation 133 [1/1] (0.40ns) (out node of the LUT)   --->   "%and_ln145_17 = and i24 %and_ln145_16, i24 %trunc_ln145_18" [Server/LZW_new.cpp:145]   --->   Operation 133 'and' 'and_ln145_17' <Predicate = true> <Delay = 0.40> <CoreInst = "LogicGate">   --->   Core 74 'LogicGate' <Latency = 0> <II = 1> <Delay = 0.33> <FuncUnit> <Opcode : 'and' 'or' 'xor'> <InPorts = 2> <OutPorts = 1>
ST_2 : Operation 134 [1/1] (0.00ns) (grouped into LUT with out node and_ln145_19)   --->   "%and_ln145_18 = and i23 %trunc_ln145_19, i23 %trunc_ln145_87" [Server/LZW_new.cpp:145]   --->   Operation 134 'and' 'and_ln145_18' <Predicate = true> <Delay = 0.00> <CoreInst = "LogicGate">   --->   Core 74 'LogicGate' <Latency = 0> <II = 1> <Delay = 0.33> <FuncUnit> <Opcode : 'and' 'or' 'xor'> <InPorts = 2> <OutPorts = 1>
ST_2 : Operation 135 [1/1] (0.40ns) (out node of the LUT)   --->   "%and_ln145_19 = and i23 %and_ln145_18, i23 %trunc_ln145_20" [Server/LZW_new.cpp:145]   --->   Operation 135 'and' 'and_ln145_19' <Predicate = true> <Delay = 0.40> <CoreInst = "LogicGate">   --->   Core 74 'LogicGate' <Latency = 0> <II = 1> <Delay = 0.33> <FuncUnit> <Opcode : 'and' 'or' 'xor'> <InPorts = 2> <OutPorts = 1>
ST_2 : Operation 136 [1/1] (0.00ns) (grouped into LUT with out node and_ln145_21)   --->   "%and_ln145_20 = and i22 %trunc_ln145_21, i22 %trunc_ln145_86" [Server/LZW_new.cpp:145]   --->   Operation 136 'and' 'and_ln145_20' <Predicate = true> <Delay = 0.00> <CoreInst = "LogicGate">   --->   Core 74 'LogicGate' <Latency = 0> <II = 1> <Delay = 0.33> <FuncUnit> <Opcode : 'and' 'or' 'xor'> <InPorts = 2> <OutPorts = 1>
ST_2 : Operation 137 [1/1] (0.40ns) (out node of the LUT)   --->   "%and_ln145_21 = and i22 %and_ln145_20, i22 %trunc_ln145_22" [Server/LZW_new.cpp:145]   --->   Operation 137 'and' 'and_ln145_21' <Predicate = true> <Delay = 0.40> <CoreInst = "LogicGate">   --->   Core 74 'LogicGate' <Latency = 0> <II = 1> <Delay = 0.33> <FuncUnit> <Opcode : 'and' 'or' 'xor'> <InPorts = 2> <OutPorts = 1>
ST_2 : Operation 138 [1/1] (0.00ns) (grouped into LUT with out node and_ln145_23)   --->   "%and_ln145_22 = and i21 %trunc_ln145_23, i21 %trunc_ln145_85" [Server/LZW_new.cpp:145]   --->   Operation 138 'and' 'and_ln145_22' <Predicate = true> <Delay = 0.00> <CoreInst = "LogicGate">   --->   Core 74 'LogicGate' <Latency = 0> <II = 1> <Delay = 0.33> <FuncUnit> <Opcode : 'and' 'or' 'xor'> <InPorts = 2> <OutPorts = 1>
ST_2 : Operation 139 [1/1] (0.40ns) (out node of the LUT)   --->   "%and_ln145_23 = and i21 %and_ln145_22, i21 %trunc_ln145_24" [Server/LZW_new.cpp:145]   --->   Operation 139 'and' 'and_ln145_23' <Predicate = true> <Delay = 0.40> <CoreInst = "LogicGate">   --->   Core 74 'LogicGate' <Latency = 0> <II = 1> <Delay = 0.33> <FuncUnit> <Opcode : 'and' 'or' 'xor'> <InPorts = 2> <OutPorts = 1>
ST_2 : Operation 140 [1/1] (0.00ns) (grouped into LUT with out node and_ln145_25)   --->   "%and_ln145_24 = and i20 %trunc_ln145_25, i20 %trunc_ln145_84" [Server/LZW_new.cpp:145]   --->   Operation 140 'and' 'and_ln145_24' <Predicate = true> <Delay = 0.00> <CoreInst = "LogicGate">   --->   Core 74 'LogicGate' <Latency = 0> <II = 1> <Delay = 0.33> <FuncUnit> <Opcode : 'and' 'or' 'xor'> <InPorts = 2> <OutPorts = 1>
ST_2 : Operation 141 [1/1] (0.40ns) (out node of the LUT)   --->   "%and_ln145_25 = and i20 %and_ln145_24, i20 %trunc_ln145_26" [Server/LZW_new.cpp:145]   --->   Operation 141 'and' 'and_ln145_25' <Predicate = true> <Delay = 0.40> <CoreInst = "LogicGate">   --->   Core 74 'LogicGate' <Latency = 0> <II = 1> <Delay = 0.33> <FuncUnit> <Opcode : 'and' 'or' 'xor'> <InPorts = 2> <OutPorts = 1>
ST_2 : Operation 142 [1/1] (0.00ns) (grouped into LUT with out node and_ln145_27)   --->   "%and_ln145_26 = and i19 %trunc_ln145_27, i19 %trunc_ln145_83" [Server/LZW_new.cpp:145]   --->   Operation 142 'and' 'and_ln145_26' <Predicate = true> <Delay = 0.00> <CoreInst = "LogicGate">   --->   Core 74 'LogicGate' <Latency = 0> <II = 1> <Delay = 0.33> <FuncUnit> <Opcode : 'and' 'or' 'xor'> <InPorts = 2> <OutPorts = 1>
ST_2 : Operation 143 [1/1] (0.41ns) (out node of the LUT)   --->   "%and_ln145_27 = and i19 %and_ln145_26, i19 %trunc_ln145_28" [Server/LZW_new.cpp:145]   --->   Operation 143 'and' 'and_ln145_27' <Predicate = true> <Delay = 0.41> <CoreInst = "LogicGate">   --->   Core 74 'LogicGate' <Latency = 0> <II = 1> <Delay = 0.33> <FuncUnit> <Opcode : 'and' 'or' 'xor'> <InPorts = 2> <OutPorts = 1>
ST_2 : Operation 144 [1/1] (0.00ns) (grouped into LUT with out node and_ln145_29)   --->   "%and_ln145_28 = and i18 %trunc_ln145_29, i18 %trunc_ln145_82" [Server/LZW_new.cpp:145]   --->   Operation 144 'and' 'and_ln145_28' <Predicate = true> <Delay = 0.00> <CoreInst = "LogicGate">   --->   Core 74 'LogicGate' <Latency = 0> <II = 1> <Delay = 0.33> <FuncUnit> <Opcode : 'and' 'or' 'xor'> <InPorts = 2> <OutPorts = 1>
ST_2 : Operation 145 [1/1] (0.42ns) (out node of the LUT)   --->   "%and_ln145_29 = and i18 %and_ln145_28, i18 %trunc_ln145_30" [Server/LZW_new.cpp:145]   --->   Operation 145 'and' 'and_ln145_29' <Predicate = true> <Delay = 0.42> <CoreInst = "LogicGate">   --->   Core 74 'LogicGate' <Latency = 0> <II = 1> <Delay = 0.33> <FuncUnit> <Opcode : 'and' 'or' 'xor'> <InPorts = 2> <OutPorts = 1>
ST_2 : Operation 146 [1/1] (0.00ns) (grouped into LUT with out node and_ln145_31)   --->   "%and_ln145_30 = and i17 %trunc_ln145_31, i17 %trunc_ln145_81" [Server/LZW_new.cpp:145]   --->   Operation 146 'and' 'and_ln145_30' <Predicate = true> <Delay = 0.00> <CoreInst = "LogicGate">   --->   Core 74 'LogicGate' <Latency = 0> <II = 1> <Delay = 0.33> <FuncUnit> <Opcode : 'and' 'or' 'xor'> <InPorts = 2> <OutPorts = 1>
ST_2 : Operation 147 [1/1] (0.43ns) (out node of the LUT)   --->   "%and_ln145_31 = and i17 %and_ln145_30, i17 %trunc_ln145_32" [Server/LZW_new.cpp:145]   --->   Operation 147 'and' 'and_ln145_31' <Predicate = true> <Delay = 0.43> <CoreInst = "LogicGate">   --->   Core 74 'LogicGate' <Latency = 0> <II = 1> <Delay = 0.33> <FuncUnit> <Opcode : 'and' 'or' 'xor'> <InPorts = 2> <OutPorts = 1>
ST_2 : Operation 148 [1/1] (0.00ns) (grouped into LUT with out node and_ln145_33)   --->   "%and_ln145_32 = and i16 %trunc_ln145_33, i16 %trunc_ln145_80" [Server/LZW_new.cpp:145]   --->   Operation 148 'and' 'and_ln145_32' <Predicate = true> <Delay = 0.00> <CoreInst = "LogicGate">   --->   Core 74 'LogicGate' <Latency = 0> <II = 1> <Delay = 0.33> <FuncUnit> <Opcode : 'and' 'or' 'xor'> <InPorts = 2> <OutPorts = 1>
ST_2 : Operation 149 [1/1] (0.44ns) (out node of the LUT)   --->   "%and_ln145_33 = and i16 %and_ln145_32, i16 %trunc_ln145_34" [Server/LZW_new.cpp:145]   --->   Operation 149 'and' 'and_ln145_33' <Predicate = true> <Delay = 0.44> <CoreInst = "LogicGate">   --->   Core 74 'LogicGate' <Latency = 0> <II = 1> <Delay = 0.33> <FuncUnit> <Opcode : 'and' 'or' 'xor'> <InPorts = 2> <OutPorts = 1>
ST_2 : Operation 150 [1/1] (0.00ns) (grouped into LUT with out node and_ln145_35)   --->   "%and_ln145_34 = and i15 %trunc_ln145_35, i15 %trunc_ln145_79" [Server/LZW_new.cpp:145]   --->   Operation 150 'and' 'and_ln145_34' <Predicate = true> <Delay = 0.00> <CoreInst = "LogicGate">   --->   Core 74 'LogicGate' <Latency = 0> <II = 1> <Delay = 0.33> <FuncUnit> <Opcode : 'and' 'or' 'xor'> <InPorts = 2> <OutPorts = 1>
ST_2 : Operation 151 [1/1] (0.42ns) (out node of the LUT)   --->   "%and_ln145_35 = and i15 %and_ln145_34, i15 %trunc_ln145_36" [Server/LZW_new.cpp:145]   --->   Operation 151 'and' 'and_ln145_35' <Predicate = true> <Delay = 0.42> <CoreInst = "LogicGate">   --->   Core 74 'LogicGate' <Latency = 0> <II = 1> <Delay = 0.33> <FuncUnit> <Opcode : 'and' 'or' 'xor'> <InPorts = 2> <OutPorts = 1>
ST_2 : Operation 152 [1/1] (0.00ns) (grouped into LUT with out node and_ln145_37)   --->   "%and_ln145_36 = and i14 %trunc_ln145_37, i14 %trunc_ln145_78" [Server/LZW_new.cpp:145]   --->   Operation 152 'and' 'and_ln145_36' <Predicate = true> <Delay = 0.00> <CoreInst = "LogicGate">   --->   Core 74 'LogicGate' <Latency = 0> <II = 1> <Delay = 0.33> <FuncUnit> <Opcode : 'and' 'or' 'xor'> <InPorts = 2> <OutPorts = 1>
ST_2 : Operation 153 [1/1] (0.40ns) (out node of the LUT)   --->   "%and_ln145_37 = and i14 %and_ln145_36, i14 %trunc_ln145_38" [Server/LZW_new.cpp:145]   --->   Operation 153 'and' 'and_ln145_37' <Predicate = true> <Delay = 0.40> <CoreInst = "LogicGate">   --->   Core 74 'LogicGate' <Latency = 0> <II = 1> <Delay = 0.33> <FuncUnit> <Opcode : 'and' 'or' 'xor'> <InPorts = 2> <OutPorts = 1>
ST_2 : Operation 154 [1/1] (0.00ns) (grouped into LUT with out node and_ln145_39)   --->   "%and_ln145_38 = and i13 %trunc_ln145_39, i13 %trunc_ln145_77" [Server/LZW_new.cpp:145]   --->   Operation 154 'and' 'and_ln145_38' <Predicate = true> <Delay = 0.00> <CoreInst = "LogicGate">   --->   Core 74 'LogicGate' <Latency = 0> <II = 1> <Delay = 0.33> <FuncUnit> <Opcode : 'and' 'or' 'xor'> <InPorts = 2> <OutPorts = 1>
ST_2 : Operation 155 [1/1] (0.39ns) (out node of the LUT)   --->   "%and_ln145_39 = and i13 %and_ln145_38, i13 %trunc_ln145_40" [Server/LZW_new.cpp:145]   --->   Operation 155 'and' 'and_ln145_39' <Predicate = true> <Delay = 0.39> <CoreInst = "LogicGate">   --->   Core 74 'LogicGate' <Latency = 0> <II = 1> <Delay = 0.33> <FuncUnit> <Opcode : 'and' 'or' 'xor'> <InPorts = 2> <OutPorts = 1>
ST_2 : Operation 156 [1/1] (0.00ns) (grouped into LUT with out node and_ln145_41)   --->   "%and_ln145_40 = and i12 %trunc_ln145_41, i12 %trunc_ln145_76" [Server/LZW_new.cpp:145]   --->   Operation 156 'and' 'and_ln145_40' <Predicate = true> <Delay = 0.00> <CoreInst = "LogicGate">   --->   Core 74 'LogicGate' <Latency = 0> <II = 1> <Delay = 0.33> <FuncUnit> <Opcode : 'and' 'or' 'xor'> <InPorts = 2> <OutPorts = 1>
ST_2 : Operation 157 [1/1] (0.39ns) (out node of the LUT)   --->   "%and_ln145_41 = and i12 %and_ln145_40, i12 %trunc_ln145_42" [Server/LZW_new.cpp:145]   --->   Operation 157 'and' 'and_ln145_41' <Predicate = true> <Delay = 0.39> <CoreInst = "LogicGate">   --->   Core 74 'LogicGate' <Latency = 0> <II = 1> <Delay = 0.33> <FuncUnit> <Opcode : 'and' 'or' 'xor'> <InPorts = 2> <OutPorts = 1>
ST_2 : Operation 158 [1/1] (0.00ns) (grouped into LUT with out node and_ln145_43)   --->   "%and_ln145_42 = and i11 %trunc_ln145_43, i11 %trunc_ln145_75" [Server/LZW_new.cpp:145]   --->   Operation 158 'and' 'and_ln145_42' <Predicate = true> <Delay = 0.00> <CoreInst = "LogicGate">   --->   Core 74 'LogicGate' <Latency = 0> <II = 1> <Delay = 0.33> <FuncUnit> <Opcode : 'and' 'or' 'xor'> <InPorts = 2> <OutPorts = 1>
ST_2 : Operation 159 [1/1] (0.39ns) (out node of the LUT)   --->   "%and_ln145_43 = and i11 %and_ln145_42, i11 %trunc_ln145_44" [Server/LZW_new.cpp:145]   --->   Operation 159 'and' 'and_ln145_43' <Predicate = true> <Delay = 0.39> <CoreInst = "LogicGate">   --->   Core 74 'LogicGate' <Latency = 0> <II = 1> <Delay = 0.33> <FuncUnit> <Opcode : 'and' 'or' 'xor'> <InPorts = 2> <OutPorts = 1>
ST_2 : Operation 160 [1/1] (0.00ns) (grouped into LUT with out node and_ln145_45)   --->   "%and_ln145_44 = and i10 %trunc_ln145_45, i10 %trunc_ln145_74" [Server/LZW_new.cpp:145]   --->   Operation 160 'and' 'and_ln145_44' <Predicate = true> <Delay = 0.00> <CoreInst = "LogicGate">   --->   Core 74 'LogicGate' <Latency = 0> <II = 1> <Delay = 0.33> <FuncUnit> <Opcode : 'and' 'or' 'xor'> <InPorts = 2> <OutPorts = 1>
ST_2 : Operation 161 [1/1] (0.40ns) (out node of the LUT)   --->   "%and_ln145_45 = and i10 %and_ln145_44, i10 %trunc_ln145_46" [Server/LZW_new.cpp:145]   --->   Operation 161 'and' 'and_ln145_45' <Predicate = true> <Delay = 0.40> <CoreInst = "LogicGate">   --->   Core 74 'LogicGate' <Latency = 0> <II = 1> <Delay = 0.33> <FuncUnit> <Opcode : 'and' 'or' 'xor'> <InPorts = 2> <OutPorts = 1>
ST_2 : Operation 162 [1/1] (0.00ns) (grouped into LUT with out node and_ln145_47)   --->   "%and_ln145_46 = and i9 %trunc_ln145_47, i9 %trunc_ln145_73" [Server/LZW_new.cpp:145]   --->   Operation 162 'and' 'and_ln145_46' <Predicate = true> <Delay = 0.00> <CoreInst = "LogicGate">   --->   Core 74 'LogicGate' <Latency = 0> <II = 1> <Delay = 0.33> <FuncUnit> <Opcode : 'and' 'or' 'xor'> <InPorts = 2> <OutPorts = 1>
ST_2 : Operation 163 [1/1] (0.39ns) (out node of the LUT)   --->   "%and_ln145_47 = and i9 %and_ln145_46, i9 %trunc_ln145_48" [Server/LZW_new.cpp:145]   --->   Operation 163 'and' 'and_ln145_47' <Predicate = true> <Delay = 0.39> <CoreInst = "LogicGate">   --->   Core 74 'LogicGate' <Latency = 0> <II = 1> <Delay = 0.33> <FuncUnit> <Opcode : 'and' 'or' 'xor'> <InPorts = 2> <OutPorts = 1>
ST_2 : Operation 164 [1/1] (0.00ns) (grouped into LUT with out node and_ln145_49)   --->   "%and_ln145_48 = and i8 %trunc_ln145_49, i8 %trunc_ln145_72" [Server/LZW_new.cpp:145]   --->   Operation 164 'and' 'and_ln145_48' <Predicate = true> <Delay = 0.00> <CoreInst = "LogicGate">   --->   Core 74 'LogicGate' <Latency = 0> <II = 1> <Delay = 0.33> <FuncUnit> <Opcode : 'and' 'or' 'xor'> <InPorts = 2> <OutPorts = 1>
ST_2 : Operation 165 [1/1] (0.38ns) (out node of the LUT)   --->   "%and_ln145_49 = and i8 %and_ln145_48, i8 %trunc_ln145_50" [Server/LZW_new.cpp:145]   --->   Operation 165 'and' 'and_ln145_49' <Predicate = true> <Delay = 0.38> <CoreInst = "LogicGate">   --->   Core 74 'LogicGate' <Latency = 0> <II = 1> <Delay = 0.33> <FuncUnit> <Opcode : 'and' 'or' 'xor'> <InPorts = 2> <OutPorts = 1>
ST_2 : Operation 166 [1/1] (0.00ns) (grouped into LUT with out node and_ln145_51)   --->   "%and_ln145_50 = and i7 %trunc_ln145_51, i7 %trunc_ln145_71" [Server/LZW_new.cpp:145]   --->   Operation 166 'and' 'and_ln145_50' <Predicate = true> <Delay = 0.00> <CoreInst = "LogicGate">   --->   Core 74 'LogicGate' <Latency = 0> <II = 1> <Delay = 0.33> <FuncUnit> <Opcode : 'and' 'or' 'xor'> <InPorts = 2> <OutPorts = 1>
ST_2 : Operation 167 [1/1] (0.40ns) (out node of the LUT)   --->   "%and_ln145_51 = and i7 %and_ln145_50, i7 %trunc_ln145_52" [Server/LZW_new.cpp:145]   --->   Operation 167 'and' 'and_ln145_51' <Predicate = true> <Delay = 0.40> <CoreInst = "LogicGate">   --->   Core 74 'LogicGate' <Latency = 0> <II = 1> <Delay = 0.33> <FuncUnit> <Opcode : 'and' 'or' 'xor'> <InPorts = 2> <OutPorts = 1>
ST_2 : Operation 168 [1/1] (0.00ns) (grouped into LUT with out node and_ln145_53)   --->   "%and_ln145_52 = and i6 %trunc_ln145_53, i6 %trunc_ln145_70" [Server/LZW_new.cpp:145]   --->   Operation 168 'and' 'and_ln145_52' <Predicate = true> <Delay = 0.00> <CoreInst = "LogicGate">   --->   Core 74 'LogicGate' <Latency = 0> <II = 1> <Delay = 0.33> <FuncUnit> <Opcode : 'and' 'or' 'xor'> <InPorts = 2> <OutPorts = 1>
ST_2 : Operation 169 [1/1] (0.40ns) (out node of the LUT)   --->   "%and_ln145_53 = and i6 %and_ln145_52, i6 %trunc_ln145_54" [Server/LZW_new.cpp:145]   --->   Operation 169 'and' 'and_ln145_53' <Predicate = true> <Delay = 0.40> <CoreInst = "LogicGate">   --->   Core 74 'LogicGate' <Latency = 0> <II = 1> <Delay = 0.33> <FuncUnit> <Opcode : 'and' 'or' 'xor'> <InPorts = 2> <OutPorts = 1>
ST_2 : Operation 170 [1/1] (0.00ns) (grouped into LUT with out node and_ln145_55)   --->   "%and_ln145_54 = and i5 %trunc_ln145_55, i5 %trunc_ln145_69" [Server/LZW_new.cpp:145]   --->   Operation 170 'and' 'and_ln145_54' <Predicate = true> <Delay = 0.00> <CoreInst = "LogicGate">   --->   Core 74 'LogicGate' <Latency = 0> <II = 1> <Delay = 0.33> <FuncUnit> <Opcode : 'and' 'or' 'xor'> <InPorts = 2> <OutPorts = 1>
ST_2 : Operation 171 [1/1] (0.24ns) (out node of the LUT)   --->   "%and_ln145_55 = and i5 %and_ln145_54, i5 %trunc_ln145_56" [Server/LZW_new.cpp:145]   --->   Operation 171 'and' 'and_ln145_55' <Predicate = true> <Delay = 0.24> <CoreInst = "LogicGate">   --->   Core 74 'LogicGate' <Latency = 0> <II = 1> <Delay = 0.33> <FuncUnit> <Opcode : 'and' 'or' 'xor'> <InPorts = 2> <OutPorts = 1>
ST_2 : Operation 172 [1/1] (0.00ns) (grouped into LUT with out node and_ln145_57)   --->   "%and_ln145_56 = and i4 %trunc_ln145_57, i4 %trunc_ln145_68" [Server/LZW_new.cpp:145]   --->   Operation 172 'and' 'and_ln145_56' <Predicate = true> <Delay = 0.00> <CoreInst = "LogicGate">   --->   Core 74 'LogicGate' <Latency = 0> <II = 1> <Delay = 0.33> <FuncUnit> <Opcode : 'and' 'or' 'xor'> <InPorts = 2> <OutPorts = 1>
ST_2 : Operation 173 [1/1] (0.40ns) (out node of the LUT)   --->   "%and_ln145_57 = and i4 %and_ln145_56, i4 %trunc_ln145_58" [Server/LZW_new.cpp:145]   --->   Operation 173 'and' 'and_ln145_57' <Predicate = true> <Delay = 0.40> <CoreInst = "LogicGate">   --->   Core 74 'LogicGate' <Latency = 0> <II = 1> <Delay = 0.33> <FuncUnit> <Opcode : 'and' 'or' 'xor'> <InPorts = 2> <OutPorts = 1>
ST_2 : Operation 174 [1/1] (0.00ns) (grouped into LUT with out node and_ln145_59)   --->   "%and_ln145_58 = and i3 %trunc_ln145_59, i3 %trunc_ln145_67" [Server/LZW_new.cpp:145]   --->   Operation 174 'and' 'and_ln145_58' <Predicate = true> <Delay = 0.00> <CoreInst = "LogicGate">   --->   Core 74 'LogicGate' <Latency = 0> <II = 1> <Delay = 0.33> <FuncUnit> <Opcode : 'and' 'or' 'xor'> <InPorts = 2> <OutPorts = 1>
ST_2 : Operation 175 [1/1] (0.19ns) (out node of the LUT)   --->   "%and_ln145_59 = and i3 %and_ln145_58, i3 %trunc_ln145_60" [Server/LZW_new.cpp:145]   --->   Operation 175 'and' 'and_ln145_59' <Predicate = true> <Delay = 0.19> <CoreInst = "LogicGate">   --->   Core 74 'LogicGate' <Latency = 0> <II = 1> <Delay = 0.33> <FuncUnit> <Opcode : 'and' 'or' 'xor'> <InPorts = 2> <OutPorts = 1>
ST_2 : Operation 176 [1/1] (0.00ns) (grouped into LUT with out node and_ln145_61)   --->   "%and_ln145_60 = and i2 %trunc_ln145_61, i2 %trunc_ln145_66" [Server/LZW_new.cpp:145]   --->   Operation 176 'and' 'and_ln145_60' <Predicate = true> <Delay = 0.00> <CoreInst = "LogicGate">   --->   Core 74 'LogicGate' <Latency = 0> <II = 1> <Delay = 0.33> <FuncUnit> <Opcode : 'and' 'or' 'xor'> <InPorts = 2> <OutPorts = 1>
ST_2 : Operation 177 [1/1] (0.33ns) (out node of the LUT)   --->   "%and_ln145_61 = and i2 %and_ln145_60, i2 %trunc_ln145_62" [Server/LZW_new.cpp:145]   --->   Operation 177 'and' 'and_ln145_61' <Predicate = true> <Delay = 0.33> <CoreInst = "LogicGate">   --->   Core 74 'LogicGate' <Latency = 0> <II = 1> <Delay = 0.33> <FuncUnit> <Opcode : 'and' 'or' 'xor'> <InPorts = 2> <OutPorts = 1>
ST_2 : Operation 178 [1/1] (0.00ns) (grouped into LUT with out node and_ln145_63)   --->   "%and_ln145_62 = and i1 %trunc_ln145_63, i1 %trunc_ln145_65" [Server/LZW_new.cpp:145]   --->   Operation 178 'and' 'and_ln145_62' <Predicate = true> <Delay = 0.00> <CoreInst = "LogicGate">   --->   Core 74 'LogicGate' <Latency = 0> <II = 1> <Delay = 0.33> <FuncUnit> <Opcode : 'and' 'or' 'xor'> <InPorts = 2> <OutPorts = 1>
ST_2 : Operation 179 [1/1] (0.33ns) (out node of the LUT)   --->   "%and_ln145_63 = and i1 %and_ln145_62, i1 %trunc_ln145_64" [Server/LZW_new.cpp:145]   --->   Operation 179 'and' 'and_ln145_63' <Predicate = true> <Delay = 0.33> <CoreInst = "LogicGate">   --->   Core 74 'LogicGate' <Latency = 0> <II = 1> <Delay = 0.33> <FuncUnit> <Opcode : 'and' 'or' 'xor'> <InPorts = 2> <OutPorts = 1>
ST_2 : Operation 180 [1/1] (0.93ns)   --->   "%br_ln151 = br i1 %and_ln145_63, void, void %select.unfold" [Server/LZW_new.cpp:151]   --->   Operation 180 'br' 'br_ln151' <Predicate = true> <Delay = 0.93>
ST_2 : Operation 181 [1/1] (0.00ns)   --->   "%tmp = bitselect i1 @_ssdm_op_BitSelect.i1.i2.i32, i2 %and_ln145_61, i32 1" [Server/LZW_new.cpp:151]   --->   Operation 181 'bitselect' 'tmp' <Predicate = (!and_ln145_63)> <Delay = 0.00>
ST_2 : Operation 182 [1/1] (0.93ns)   --->   "%br_ln151 = br i1 %tmp, void, void %select.unfold" [Server/LZW_new.cpp:151]   --->   Operation 182 'br' 'br_ln151' <Predicate = (!and_ln145_63)> <Delay = 0.93>
ST_2 : Operation 183 [1/1] (0.00ns)   --->   "%tmp_28 = bitselect i1 @_ssdm_op_BitSelect.i1.i3.i32, i3 %and_ln145_59, i32 2" [Server/LZW_new.cpp:151]   --->   Operation 183 'bitselect' 'tmp_28' <Predicate = (!and_ln145_63 & !tmp)> <Delay = 0.00>
ST_2 : Operation 184 [1/1] (0.93ns)   --->   "%br_ln151 = br i1 %tmp_28, void, void %select.unfold" [Server/LZW_new.cpp:151]   --->   Operation 184 'br' 'br_ln151' <Predicate = (!and_ln145_63 & !tmp)> <Delay = 0.93>
ST_2 : Operation 185 [1/1] (0.00ns)   --->   "%tmp_29 = bitselect i1 @_ssdm_op_BitSelect.i1.i4.i32, i4 %and_ln145_57, i32 3" [Server/LZW_new.cpp:151]   --->   Operation 185 'bitselect' 'tmp_29' <Predicate = (!and_ln145_63 & !tmp & !tmp_28)> <Delay = 0.00>
ST_2 : Operation 186 [1/1] (0.93ns)   --->   "%br_ln151 = br i1 %tmp_29, void, void %select.unfold" [Server/LZW_new.cpp:151]   --->   Operation 186 'br' 'br_ln151' <Predicate = (!and_ln145_63 & !tmp & !tmp_28)> <Delay = 0.93>
ST_2 : Operation 187 [1/1] (0.00ns)   --->   "%tmp_30 = bitselect i1 @_ssdm_op_BitSelect.i1.i5.i32, i5 %and_ln145_55, i32 4" [Server/LZW_new.cpp:151]   --->   Operation 187 'bitselect' 'tmp_30' <Predicate = (!and_ln145_63 & !tmp & !tmp_28 & !tmp_29)> <Delay = 0.00>
ST_2 : Operation 188 [1/1] (0.93ns)   --->   "%br_ln151 = br i1 %tmp_30, void, void %select.unfold" [Server/LZW_new.cpp:151]   --->   Operation 188 'br' 'br_ln151' <Predicate = (!and_ln145_63 & !tmp & !tmp_28 & !tmp_29)> <Delay = 0.93>
ST_2 : Operation 189 [1/1] (0.00ns)   --->   "%tmp_31 = bitselect i1 @_ssdm_op_BitSelect.i1.i6.i32, i6 %and_ln145_53, i32 5" [Server/LZW_new.cpp:151]   --->   Operation 189 'bitselect' 'tmp_31' <Predicate = (!and_ln145_63 & !tmp & !tmp_28 & !tmp_29 & !tmp_30)> <Delay = 0.00>
ST_2 : Operation 190 [1/1] (0.93ns)   --->   "%br_ln151 = br i1 %tmp_31, void, void %select.unfold" [Server/LZW_new.cpp:151]   --->   Operation 190 'br' 'br_ln151' <Predicate = (!and_ln145_63 & !tmp & !tmp_28 & !tmp_29 & !tmp_30)> <Delay = 0.93>
ST_2 : Operation 191 [1/1] (0.00ns)   --->   "%tmp_32 = bitselect i1 @_ssdm_op_BitSelect.i1.i7.i32, i7 %and_ln145_51, i32 6" [Server/LZW_new.cpp:151]   --->   Operation 191 'bitselect' 'tmp_32' <Predicate = (!and_ln145_63 & !tmp & !tmp_28 & !tmp_29 & !tmp_30 & !tmp_31)> <Delay = 0.00>
ST_2 : Operation 192 [1/1] (0.93ns)   --->   "%br_ln151 = br i1 %tmp_32, void, void %select.unfold" [Server/LZW_new.cpp:151]   --->   Operation 192 'br' 'br_ln151' <Predicate = (!and_ln145_63 & !tmp & !tmp_28 & !tmp_29 & !tmp_30 & !tmp_31)> <Delay = 0.93>
ST_2 : Operation 193 [1/1] (0.00ns)   --->   "%tmp_33 = bitselect i1 @_ssdm_op_BitSelect.i1.i8.i32, i8 %and_ln145_49, i32 7" [Server/LZW_new.cpp:151]   --->   Operation 193 'bitselect' 'tmp_33' <Predicate = (!and_ln145_63 & !tmp & !tmp_28 & !tmp_29 & !tmp_30 & !tmp_31 & !tmp_32)> <Delay = 0.00>
ST_2 : Operation 194 [1/1] (0.93ns)   --->   "%br_ln151 = br i1 %tmp_33, void, void %select.unfold" [Server/LZW_new.cpp:151]   --->   Operation 194 'br' 'br_ln151' <Predicate = (!and_ln145_63 & !tmp & !tmp_28 & !tmp_29 & !tmp_30 & !tmp_31 & !tmp_32)> <Delay = 0.93>
ST_2 : Operation 195 [1/1] (0.00ns)   --->   "%tmp_34 = bitselect i1 @_ssdm_op_BitSelect.i1.i9.i32, i9 %and_ln145_47, i32 8" [Server/LZW_new.cpp:151]   --->   Operation 195 'bitselect' 'tmp_34' <Predicate = (!and_ln145_63 & !tmp & !tmp_28 & !tmp_29 & !tmp_30 & !tmp_31 & !tmp_32 & !tmp_33)> <Delay = 0.00>
ST_2 : Operation 196 [1/1] (0.93ns)   --->   "%br_ln151 = br i1 %tmp_34, void, void %select.unfold" [Server/LZW_new.cpp:151]   --->   Operation 196 'br' 'br_ln151' <Predicate = (!and_ln145_63 & !tmp & !tmp_28 & !tmp_29 & !tmp_30 & !tmp_31 & !tmp_32 & !tmp_33)> <Delay = 0.93>
ST_2 : Operation 197 [1/1] (0.00ns)   --->   "%tmp_35 = bitselect i1 @_ssdm_op_BitSelect.i1.i10.i32, i10 %and_ln145_45, i32 9" [Server/LZW_new.cpp:151]   --->   Operation 197 'bitselect' 'tmp_35' <Predicate = (!and_ln145_63 & !tmp & !tmp_28 & !tmp_29 & !tmp_30 & !tmp_31 & !tmp_32 & !tmp_33 & !tmp_34)> <Delay = 0.00>
ST_2 : Operation 198 [1/1] (0.93ns)   --->   "%br_ln151 = br i1 %tmp_35, void, void %select.unfold" [Server/LZW_new.cpp:151]   --->   Operation 198 'br' 'br_ln151' <Predicate = (!and_ln145_63 & !tmp & !tmp_28 & !tmp_29 & !tmp_30 & !tmp_31 & !tmp_32 & !tmp_33 & !tmp_34)> <Delay = 0.93>
ST_2 : Operation 199 [1/1] (0.00ns)   --->   "%tmp_36 = bitselect i1 @_ssdm_op_BitSelect.i1.i11.i32, i11 %and_ln145_43, i32 10" [Server/LZW_new.cpp:151]   --->   Operation 199 'bitselect' 'tmp_36' <Predicate = (!and_ln145_63 & !tmp & !tmp_28 & !tmp_29 & !tmp_30 & !tmp_31 & !tmp_32 & !tmp_33 & !tmp_34 & !tmp_35)> <Delay = 0.00>
ST_2 : Operation 200 [1/1] (0.93ns)   --->   "%br_ln151 = br i1 %tmp_36, void, void %select.unfold" [Server/LZW_new.cpp:151]   --->   Operation 200 'br' 'br_ln151' <Predicate = (!and_ln145_63 & !tmp & !tmp_28 & !tmp_29 & !tmp_30 & !tmp_31 & !tmp_32 & !tmp_33 & !tmp_34 & !tmp_35)> <Delay = 0.93>
ST_2 : Operation 201 [1/1] (0.00ns)   --->   "%tmp_37 = bitselect i1 @_ssdm_op_BitSelect.i1.i12.i32, i12 %and_ln145_41, i32 11" [Server/LZW_new.cpp:151]   --->   Operation 201 'bitselect' 'tmp_37' <Predicate = (!and_ln145_63 & !tmp & !tmp_28 & !tmp_29 & !tmp_30 & !tmp_31 & !tmp_32 & !tmp_33 & !tmp_34 & !tmp_35 & !tmp_36)> <Delay = 0.00>
ST_2 : Operation 202 [1/1] (0.93ns)   --->   "%br_ln151 = br i1 %tmp_37, void, void %select.unfold" [Server/LZW_new.cpp:151]   --->   Operation 202 'br' 'br_ln151' <Predicate = (!and_ln145_63 & !tmp & !tmp_28 & !tmp_29 & !tmp_30 & !tmp_31 & !tmp_32 & !tmp_33 & !tmp_34 & !tmp_35 & !tmp_36)> <Delay = 0.93>
ST_2 : Operation 203 [1/1] (0.00ns)   --->   "%tmp_38 = bitselect i1 @_ssdm_op_BitSelect.i1.i13.i32, i13 %and_ln145_39, i32 12" [Server/LZW_new.cpp:151]   --->   Operation 203 'bitselect' 'tmp_38' <Predicate = (!and_ln145_63 & !tmp & !tmp_28 & !tmp_29 & !tmp_30 & !tmp_31 & !tmp_32 & !tmp_33 & !tmp_34 & !tmp_35 & !tmp_36 & !tmp_37)> <Delay = 0.00>
ST_2 : Operation 204 [1/1] (0.93ns)   --->   "%br_ln151 = br i1 %tmp_38, void, void %select.unfold" [Server/LZW_new.cpp:151]   --->   Operation 204 'br' 'br_ln151' <Predicate = (!and_ln145_63 & !tmp & !tmp_28 & !tmp_29 & !tmp_30 & !tmp_31 & !tmp_32 & !tmp_33 & !tmp_34 & !tmp_35 & !tmp_36 & !tmp_37)> <Delay = 0.93>
ST_2 : Operation 205 [1/1] (0.00ns)   --->   "%tmp_39 = bitselect i1 @_ssdm_op_BitSelect.i1.i14.i32, i14 %and_ln145_37, i32 13" [Server/LZW_new.cpp:151]   --->   Operation 205 'bitselect' 'tmp_39' <Predicate = (!and_ln145_63 & !tmp & !tmp_28 & !tmp_29 & !tmp_30 & !tmp_31 & !tmp_32 & !tmp_33 & !tmp_34 & !tmp_35 & !tmp_36 & !tmp_37 & !tmp_38)> <Delay = 0.00>
ST_2 : Operation 206 [1/1] (0.93ns)   --->   "%br_ln151 = br i1 %tmp_39, void, void %select.unfold" [Server/LZW_new.cpp:151]   --->   Operation 206 'br' 'br_ln151' <Predicate = (!and_ln145_63 & !tmp & !tmp_28 & !tmp_29 & !tmp_30 & !tmp_31 & !tmp_32 & !tmp_33 & !tmp_34 & !tmp_35 & !tmp_36 & !tmp_37 & !tmp_38)> <Delay = 0.93>
ST_2 : Operation 207 [1/1] (0.00ns)   --->   "%tmp_40 = bitselect i1 @_ssdm_op_BitSelect.i1.i15.i32, i15 %and_ln145_35, i32 14" [Server/LZW_new.cpp:151]   --->   Operation 207 'bitselect' 'tmp_40' <Predicate = (!and_ln145_63 & !tmp & !tmp_28 & !tmp_29 & !tmp_30 & !tmp_31 & !tmp_32 & !tmp_33 & !tmp_34 & !tmp_35 & !tmp_36 & !tmp_37 & !tmp_38 & !tmp_39)> <Delay = 0.00>
ST_2 : Operation 208 [1/1] (0.93ns)   --->   "%br_ln151 = br i1 %tmp_40, void, void %select.unfold" [Server/LZW_new.cpp:151]   --->   Operation 208 'br' 'br_ln151' <Predicate = (!and_ln145_63 & !tmp & !tmp_28 & !tmp_29 & !tmp_30 & !tmp_31 & !tmp_32 & !tmp_33 & !tmp_34 & !tmp_35 & !tmp_36 & !tmp_37 & !tmp_38 & !tmp_39)> <Delay = 0.93>
ST_2 : Operation 209 [1/1] (0.00ns)   --->   "%tmp_41 = bitselect i1 @_ssdm_op_BitSelect.i1.i16.i32, i16 %and_ln145_33, i32 15" [Server/LZW_new.cpp:151]   --->   Operation 209 'bitselect' 'tmp_41' <Predicate = (!and_ln145_63 & !tmp & !tmp_28 & !tmp_29 & !tmp_30 & !tmp_31 & !tmp_32 & !tmp_33 & !tmp_34 & !tmp_35 & !tmp_36 & !tmp_37 & !tmp_38 & !tmp_39 & !tmp_40)> <Delay = 0.00>
ST_2 : Operation 210 [1/1] (0.93ns)   --->   "%br_ln151 = br i1 %tmp_41, void, void %select.unfold" [Server/LZW_new.cpp:151]   --->   Operation 210 'br' 'br_ln151' <Predicate = (!and_ln145_63 & !tmp & !tmp_28 & !tmp_29 & !tmp_30 & !tmp_31 & !tmp_32 & !tmp_33 & !tmp_34 & !tmp_35 & !tmp_36 & !tmp_37 & !tmp_38 & !tmp_39 & !tmp_40)> <Delay = 0.93>
ST_2 : Operation 211 [1/1] (0.00ns)   --->   "%tmp_42 = bitselect i1 @_ssdm_op_BitSelect.i1.i17.i32, i17 %and_ln145_31, i32 16" [Server/LZW_new.cpp:151]   --->   Operation 211 'bitselect' 'tmp_42' <Predicate = (!and_ln145_63 & !tmp & !tmp_28 & !tmp_29 & !tmp_30 & !tmp_31 & !tmp_32 & !tmp_33 & !tmp_34 & !tmp_35 & !tmp_36 & !tmp_37 & !tmp_38 & !tmp_39 & !tmp_40 & !tmp_41)> <Delay = 0.00>
ST_2 : Operation 212 [1/1] (0.93ns)   --->   "%br_ln151 = br i1 %tmp_42, void, void %select.unfold" [Server/LZW_new.cpp:151]   --->   Operation 212 'br' 'br_ln151' <Predicate = (!and_ln145_63 & !tmp & !tmp_28 & !tmp_29 & !tmp_30 & !tmp_31 & !tmp_32 & !tmp_33 & !tmp_34 & !tmp_35 & !tmp_36 & !tmp_37 & !tmp_38 & !tmp_39 & !tmp_40 & !tmp_41)> <Delay = 0.93>
ST_2 : Operation 213 [1/1] (0.00ns)   --->   "%tmp_43 = bitselect i1 @_ssdm_op_BitSelect.i1.i18.i32, i18 %and_ln145_29, i32 17" [Server/LZW_new.cpp:151]   --->   Operation 213 'bitselect' 'tmp_43' <Predicate = (!and_ln145_63 & !tmp & !tmp_28 & !tmp_29 & !tmp_30 & !tmp_31 & !tmp_32 & !tmp_33 & !tmp_34 & !tmp_35 & !tmp_36 & !tmp_37 & !tmp_38 & !tmp_39 & !tmp_40 & !tmp_41 & !tmp_42)> <Delay = 0.00>
ST_2 : Operation 214 [1/1] (0.93ns)   --->   "%br_ln151 = br i1 %tmp_43, void, void %select.unfold" [Server/LZW_new.cpp:151]   --->   Operation 214 'br' 'br_ln151' <Predicate = (!and_ln145_63 & !tmp & !tmp_28 & !tmp_29 & !tmp_30 & !tmp_31 & !tmp_32 & !tmp_33 & !tmp_34 & !tmp_35 & !tmp_36 & !tmp_37 & !tmp_38 & !tmp_39 & !tmp_40 & !tmp_41 & !tmp_42)> <Delay = 0.93>
ST_2 : Operation 215 [1/1] (0.00ns)   --->   "%tmp_44 = bitselect i1 @_ssdm_op_BitSelect.i1.i19.i32, i19 %and_ln145_27, i32 18" [Server/LZW_new.cpp:151]   --->   Operation 215 'bitselect' 'tmp_44' <Predicate = (!and_ln145_63 & !tmp & !tmp_28 & !tmp_29 & !tmp_30 & !tmp_31 & !tmp_32 & !tmp_33 & !tmp_34 & !tmp_35 & !tmp_36 & !tmp_37 & !tmp_38 & !tmp_39 & !tmp_40 & !tmp_41 & !tmp_42 & !tmp_43)> <Delay = 0.00>
ST_2 : Operation 216 [1/1] (0.93ns)   --->   "%br_ln151 = br i1 %tmp_44, void, void %select.unfold" [Server/LZW_new.cpp:151]   --->   Operation 216 'br' 'br_ln151' <Predicate = (!and_ln145_63 & !tmp & !tmp_28 & !tmp_29 & !tmp_30 & !tmp_31 & !tmp_32 & !tmp_33 & !tmp_34 & !tmp_35 & !tmp_36 & !tmp_37 & !tmp_38 & !tmp_39 & !tmp_40 & !tmp_41 & !tmp_42 & !tmp_43)> <Delay = 0.93>
ST_2 : Operation 217 [1/1] (0.00ns)   --->   "%tmp_45 = bitselect i1 @_ssdm_op_BitSelect.i1.i20.i32, i20 %and_ln145_25, i32 19" [Server/LZW_new.cpp:151]   --->   Operation 217 'bitselect' 'tmp_45' <Predicate = (!and_ln145_63 & !tmp & !tmp_28 & !tmp_29 & !tmp_30 & !tmp_31 & !tmp_32 & !tmp_33 & !tmp_34 & !tmp_35 & !tmp_36 & !tmp_37 & !tmp_38 & !tmp_39 & !tmp_40 & !tmp_41 & !tmp_42 & !tmp_43 & !tmp_44)> <Delay = 0.00>
ST_2 : Operation 218 [1/1] (0.93ns)   --->   "%br_ln151 = br i1 %tmp_45, void, void %select.unfold" [Server/LZW_new.cpp:151]   --->   Operation 218 'br' 'br_ln151' <Predicate = (!and_ln145_63 & !tmp & !tmp_28 & !tmp_29 & !tmp_30 & !tmp_31 & !tmp_32 & !tmp_33 & !tmp_34 & !tmp_35 & !tmp_36 & !tmp_37 & !tmp_38 & !tmp_39 & !tmp_40 & !tmp_41 & !tmp_42 & !tmp_43 & !tmp_44)> <Delay = 0.93>
ST_2 : Operation 219 [1/1] (0.00ns)   --->   "%tmp_46 = bitselect i1 @_ssdm_op_BitSelect.i1.i21.i32, i21 %and_ln145_23, i32 20" [Server/LZW_new.cpp:151]   --->   Operation 219 'bitselect' 'tmp_46' <Predicate = (!and_ln145_63 & !tmp & !tmp_28 & !tmp_29 & !tmp_30 & !tmp_31 & !tmp_32 & !tmp_33 & !tmp_34 & !tmp_35 & !tmp_36 & !tmp_37 & !tmp_38 & !tmp_39 & !tmp_40 & !tmp_41 & !tmp_42 & !tmp_43 & !tmp_44 & !tmp_45)> <Delay = 0.00>
ST_2 : Operation 220 [1/1] (0.93ns)   --->   "%br_ln151 = br i1 %tmp_46, void, void %select.unfold" [Server/LZW_new.cpp:151]   --->   Operation 220 'br' 'br_ln151' <Predicate = (!and_ln145_63 & !tmp & !tmp_28 & !tmp_29 & !tmp_30 & !tmp_31 & !tmp_32 & !tmp_33 & !tmp_34 & !tmp_35 & !tmp_36 & !tmp_37 & !tmp_38 & !tmp_39 & !tmp_40 & !tmp_41 & !tmp_42 & !tmp_43 & !tmp_44 & !tmp_45)> <Delay = 0.93>
ST_2 : Operation 221 [1/1] (0.00ns)   --->   "%tmp_47 = bitselect i1 @_ssdm_op_BitSelect.i1.i22.i32, i22 %and_ln145_21, i32 21" [Server/LZW_new.cpp:151]   --->   Operation 221 'bitselect' 'tmp_47' <Predicate = (!and_ln145_63 & !tmp & !tmp_28 & !tmp_29 & !tmp_30 & !tmp_31 & !tmp_32 & !tmp_33 & !tmp_34 & !tmp_35 & !tmp_36 & !tmp_37 & !tmp_38 & !tmp_39 & !tmp_40 & !tmp_41 & !tmp_42 & !tmp_43 & !tmp_44 & !tmp_45 & !tmp_46)> <Delay = 0.00>
ST_2 : Operation 222 [1/1] (0.93ns)   --->   "%br_ln151 = br i1 %tmp_47, void, void %select.unfold" [Server/LZW_new.cpp:151]   --->   Operation 222 'br' 'br_ln151' <Predicate = (!and_ln145_63 & !tmp & !tmp_28 & !tmp_29 & !tmp_30 & !tmp_31 & !tmp_32 & !tmp_33 & !tmp_34 & !tmp_35 & !tmp_36 & !tmp_37 & !tmp_38 & !tmp_39 & !tmp_40 & !tmp_41 & !tmp_42 & !tmp_43 & !tmp_44 & !tmp_45 & !tmp_46)> <Delay = 0.93>
ST_2 : Operation 223 [1/1] (0.00ns)   --->   "%tmp_48 = bitselect i1 @_ssdm_op_BitSelect.i1.i23.i32, i23 %and_ln145_19, i32 22" [Server/LZW_new.cpp:151]   --->   Operation 223 'bitselect' 'tmp_48' <Predicate = (!and_ln145_63 & !tmp & !tmp_28 & !tmp_29 & !tmp_30 & !tmp_31 & !tmp_32 & !tmp_33 & !tmp_34 & !tmp_35 & !tmp_36 & !tmp_37 & !tmp_38 & !tmp_39 & !tmp_40 & !tmp_41 & !tmp_42 & !tmp_43 & !tmp_44 & !tmp_45 & !tmp_46 & !tmp_47)> <Delay = 0.00>
ST_2 : Operation 224 [1/1] (0.93ns)   --->   "%br_ln151 = br i1 %tmp_48, void, void %select.unfold" [Server/LZW_new.cpp:151]   --->   Operation 224 'br' 'br_ln151' <Predicate = (!and_ln145_63 & !tmp & !tmp_28 & !tmp_29 & !tmp_30 & !tmp_31 & !tmp_32 & !tmp_33 & !tmp_34 & !tmp_35 & !tmp_36 & !tmp_37 & !tmp_38 & !tmp_39 & !tmp_40 & !tmp_41 & !tmp_42 & !tmp_43 & !tmp_44 & !tmp_45 & !tmp_46 & !tmp_47)> <Delay = 0.93>
ST_2 : Operation 225 [1/1] (0.00ns)   --->   "%tmp_49 = bitselect i1 @_ssdm_op_BitSelect.i1.i24.i32, i24 %and_ln145_17, i32 23" [Server/LZW_new.cpp:151]   --->   Operation 225 'bitselect' 'tmp_49' <Predicate = (!and_ln145_63 & !tmp & !tmp_28 & !tmp_29 & !tmp_30 & !tmp_31 & !tmp_32 & !tmp_33 & !tmp_34 & !tmp_35 & !tmp_36 & !tmp_37 & !tmp_38 & !tmp_39 & !tmp_40 & !tmp_41 & !tmp_42 & !tmp_43 & !tmp_44 & !tmp_45 & !tmp_46 & !tmp_47 & !tmp_48)> <Delay = 0.00>
ST_2 : Operation 226 [1/1] (0.93ns)   --->   "%br_ln151 = br i1 %tmp_49, void, void %select.unfold" [Server/LZW_new.cpp:151]   --->   Operation 226 'br' 'br_ln151' <Predicate = (!and_ln145_63 & !tmp & !tmp_28 & !tmp_29 & !tmp_30 & !tmp_31 & !tmp_32 & !tmp_33 & !tmp_34 & !tmp_35 & !tmp_36 & !tmp_37 & !tmp_38 & !tmp_39 & !tmp_40 & !tmp_41 & !tmp_42 & !tmp_43 & !tmp_44 & !tmp_45 & !tmp_46 & !tmp_47 & !tmp_48)> <Delay = 0.93>
ST_2 : Operation 227 [1/1] (0.00ns)   --->   "%tmp_50 = bitselect i1 @_ssdm_op_BitSelect.i1.i25.i32, i25 %and_ln145_15, i32 24" [Server/LZW_new.cpp:151]   --->   Operation 227 'bitselect' 'tmp_50' <Predicate = (!and_ln145_63 & !tmp & !tmp_28 & !tmp_29 & !tmp_30 & !tmp_31 & !tmp_32 & !tmp_33 & !tmp_34 & !tmp_35 & !tmp_36 & !tmp_37 & !tmp_38 & !tmp_39 & !tmp_40 & !tmp_41 & !tmp_42 & !tmp_43 & !tmp_44 & !tmp_45 & !tmp_46 & !tmp_47 & !tmp_48 & !tmp_49)> <Delay = 0.00>
ST_2 : Operation 228 [1/1] (0.93ns)   --->   "%br_ln151 = br i1 %tmp_50, void, void %select.unfold" [Server/LZW_new.cpp:151]   --->   Operation 228 'br' 'br_ln151' <Predicate = (!and_ln145_63 & !tmp & !tmp_28 & !tmp_29 & !tmp_30 & !tmp_31 & !tmp_32 & !tmp_33 & !tmp_34 & !tmp_35 & !tmp_36 & !tmp_37 & !tmp_38 & !tmp_39 & !tmp_40 & !tmp_41 & !tmp_42 & !tmp_43 & !tmp_44 & !tmp_45 & !tmp_46 & !tmp_47 & !tmp_48 & !tmp_49)> <Delay = 0.93>
ST_2 : Operation 229 [1/1] (0.00ns)   --->   "%tmp_51 = bitselect i1 @_ssdm_op_BitSelect.i1.i26.i32, i26 %and_ln145_13, i32 25" [Server/LZW_new.cpp:151]   --->   Operation 229 'bitselect' 'tmp_51' <Predicate = (!and_ln145_63 & !tmp & !tmp_28 & !tmp_29 & !tmp_30 & !tmp_31 & !tmp_32 & !tmp_33 & !tmp_34 & !tmp_35 & !tmp_36 & !tmp_37 & !tmp_38 & !tmp_39 & !tmp_40 & !tmp_41 & !tmp_42 & !tmp_43 & !tmp_44 & !tmp_45 & !tmp_46 & !tmp_47 & !tmp_48 & !tmp_49 & !tmp_50)> <Delay = 0.00>
ST_2 : Operation 230 [1/1] (0.93ns)   --->   "%br_ln151 = br i1 %tmp_51, void, void %select.unfold" [Server/LZW_new.cpp:151]   --->   Operation 230 'br' 'br_ln151' <Predicate = (!and_ln145_63 & !tmp & !tmp_28 & !tmp_29 & !tmp_30 & !tmp_31 & !tmp_32 & !tmp_33 & !tmp_34 & !tmp_35 & !tmp_36 & !tmp_37 & !tmp_38 & !tmp_39 & !tmp_40 & !tmp_41 & !tmp_42 & !tmp_43 & !tmp_44 & !tmp_45 & !tmp_46 & !tmp_47 & !tmp_48 & !tmp_49 & !tmp_50)> <Delay = 0.93>
ST_2 : Operation 231 [1/1] (0.00ns)   --->   "%tmp_52 = bitselect i1 @_ssdm_op_BitSelect.i1.i27.i32, i27 %and_ln145_11, i32 26" [Server/LZW_new.cpp:151]   --->   Operation 231 'bitselect' 'tmp_52' <Predicate = (!and_ln145_63 & !tmp & !tmp_28 & !tmp_29 & !tmp_30 & !tmp_31 & !tmp_32 & !tmp_33 & !tmp_34 & !tmp_35 & !tmp_36 & !tmp_37 & !tmp_38 & !tmp_39 & !tmp_40 & !tmp_41 & !tmp_42 & !tmp_43 & !tmp_44 & !tmp_45 & !tmp_46 & !tmp_47 & !tmp_48 & !tmp_49 & !tmp_50 & !tmp_51)> <Delay = 0.00>
ST_2 : Operation 232 [1/1] (0.93ns)   --->   "%br_ln151 = br i1 %tmp_52, void, void %select.unfold" [Server/LZW_new.cpp:151]   --->   Operation 232 'br' 'br_ln151' <Predicate = (!and_ln145_63 & !tmp & !tmp_28 & !tmp_29 & !tmp_30 & !tmp_31 & !tmp_32 & !tmp_33 & !tmp_34 & !tmp_35 & !tmp_36 & !tmp_37 & !tmp_38 & !tmp_39 & !tmp_40 & !tmp_41 & !tmp_42 & !tmp_43 & !tmp_44 & !tmp_45 & !tmp_46 & !tmp_47 & !tmp_48 & !tmp_49 & !tmp_50 & !tmp_51)> <Delay = 0.93>
ST_2 : Operation 233 [1/1] (0.00ns)   --->   "%tmp_53 = bitselect i1 @_ssdm_op_BitSelect.i1.i28.i32, i28 %and_ln145_9, i32 27" [Server/LZW_new.cpp:151]   --->   Operation 233 'bitselect' 'tmp_53' <Predicate = (!and_ln145_63 & !tmp & !tmp_28 & !tmp_29 & !tmp_30 & !tmp_31 & !tmp_32 & !tmp_33 & !tmp_34 & !tmp_35 & !tmp_36 & !tmp_37 & !tmp_38 & !tmp_39 & !tmp_40 & !tmp_41 & !tmp_42 & !tmp_43 & !tmp_44 & !tmp_45 & !tmp_46 & !tmp_47 & !tmp_48 & !tmp_49 & !tmp_50 & !tmp_51 & !tmp_52)> <Delay = 0.00>
ST_2 : Operation 234 [1/1] (0.93ns)   --->   "%br_ln151 = br i1 %tmp_53, void, void %select.unfold" [Server/LZW_new.cpp:151]   --->   Operation 234 'br' 'br_ln151' <Predicate = (!and_ln145_63 & !tmp & !tmp_28 & !tmp_29 & !tmp_30 & !tmp_31 & !tmp_32 & !tmp_33 & !tmp_34 & !tmp_35 & !tmp_36 & !tmp_37 & !tmp_38 & !tmp_39 & !tmp_40 & !tmp_41 & !tmp_42 & !tmp_43 & !tmp_44 & !tmp_45 & !tmp_46 & !tmp_47 & !tmp_48 & !tmp_49 & !tmp_50 & !tmp_51 & !tmp_52)> <Delay = 0.93>
ST_2 : Operation 235 [1/1] (0.00ns)   --->   "%tmp_54 = bitselect i1 @_ssdm_op_BitSelect.i1.i29.i32, i29 %and_ln145_7, i32 28" [Server/LZW_new.cpp:151]   --->   Operation 235 'bitselect' 'tmp_54' <Predicate = (!and_ln145_63 & !tmp & !tmp_28 & !tmp_29 & !tmp_30 & !tmp_31 & !tmp_32 & !tmp_33 & !tmp_34 & !tmp_35 & !tmp_36 & !tmp_37 & !tmp_38 & !tmp_39 & !tmp_40 & !tmp_41 & !tmp_42 & !tmp_43 & !tmp_44 & !tmp_45 & !tmp_46 & !tmp_47 & !tmp_48 & !tmp_49 & !tmp_50 & !tmp_51 & !tmp_52 & !tmp_53)> <Delay = 0.00>
ST_2 : Operation 236 [1/1] (0.93ns)   --->   "%br_ln151 = br i1 %tmp_54, void, void %select.unfold" [Server/LZW_new.cpp:151]   --->   Operation 236 'br' 'br_ln151' <Predicate = (!and_ln145_63 & !tmp & !tmp_28 & !tmp_29 & !tmp_30 & !tmp_31 & !tmp_32 & !tmp_33 & !tmp_34 & !tmp_35 & !tmp_36 & !tmp_37 & !tmp_38 & !tmp_39 & !tmp_40 & !tmp_41 & !tmp_42 & !tmp_43 & !tmp_44 & !tmp_45 & !tmp_46 & !tmp_47 & !tmp_48 & !tmp_49 & !tmp_50 & !tmp_51 & !tmp_52 & !tmp_53)> <Delay = 0.93>
ST_2 : Operation 237 [1/1] (0.00ns)   --->   "%tmp_55 = bitselect i1 @_ssdm_op_BitSelect.i1.i30.i32, i30 %and_ln145_5, i32 29" [Server/LZW_new.cpp:151]   --->   Operation 237 'bitselect' 'tmp_55' <Predicate = (!and_ln145_63 & !tmp & !tmp_28 & !tmp_29 & !tmp_30 & !tmp_31 & !tmp_32 & !tmp_33 & !tmp_34 & !tmp_35 & !tmp_36 & !tmp_37 & !tmp_38 & !tmp_39 & !tmp_40 & !tmp_41 & !tmp_42 & !tmp_43 & !tmp_44 & !tmp_45 & !tmp_46 & !tmp_47 & !tmp_48 & !tmp_49 & !tmp_50 & !tmp_51 & !tmp_52 & !tmp_53 & !tmp_54)> <Delay = 0.00>
ST_2 : Operation 238 [1/1] (0.93ns)   --->   "%br_ln151 = br i1 %tmp_55, void, void %select.unfold" [Server/LZW_new.cpp:151]   --->   Operation 238 'br' 'br_ln151' <Predicate = (!and_ln145_63 & !tmp & !tmp_28 & !tmp_29 & !tmp_30 & !tmp_31 & !tmp_32 & !tmp_33 & !tmp_34 & !tmp_35 & !tmp_36 & !tmp_37 & !tmp_38 & !tmp_39 & !tmp_40 & !tmp_41 & !tmp_42 & !tmp_43 & !tmp_44 & !tmp_45 & !tmp_46 & !tmp_47 & !tmp_48 & !tmp_49 & !tmp_50 & !tmp_51 & !tmp_52 & !tmp_53 & !tmp_54)> <Delay = 0.93>
ST_2 : Operation 239 [1/1] (0.00ns)   --->   "%tmp_56 = bitselect i1 @_ssdm_op_BitSelect.i1.i31.i32, i31 %and_ln145_3, i32 30" [Server/LZW_new.cpp:151]   --->   Operation 239 'bitselect' 'tmp_56' <Predicate = (!and_ln145_63 & !tmp & !tmp_28 & !tmp_29 & !tmp_30 & !tmp_31 & !tmp_32 & !tmp_33 & !tmp_34 & !tmp_35 & !tmp_36 & !tmp_37 & !tmp_38 & !tmp_39 & !tmp_40 & !tmp_41 & !tmp_42 & !tmp_43 & !tmp_44 & !tmp_45 & !tmp_46 & !tmp_47 & !tmp_48 & !tmp_49 & !tmp_50 & !tmp_51 & !tmp_52 & !tmp_53 & !tmp_54 & !tmp_55)> <Delay = 0.00>
ST_2 : Operation 240 [1/1] (0.93ns)   --->   "%br_ln151 = br i1 %tmp_56, void, void %select.unfold" [Server/LZW_new.cpp:151]   --->   Operation 240 'br' 'br_ln151' <Predicate = (!and_ln145_63 & !tmp & !tmp_28 & !tmp_29 & !tmp_30 & !tmp_31 & !tmp_32 & !tmp_33 & !tmp_34 & !tmp_35 & !tmp_36 & !tmp_37 & !tmp_38 & !tmp_39 & !tmp_40 & !tmp_41 & !tmp_42 & !tmp_43 & !tmp_44 & !tmp_45 & !tmp_46 & !tmp_47 & !tmp_48 & !tmp_49 & !tmp_50 & !tmp_51 & !tmp_52 & !tmp_53 & !tmp_54 & !tmp_55)> <Delay = 0.93>
ST_2 : Operation 241 [1/1] (0.00ns)   --->   "%tmp_57 = bitselect i1 @_ssdm_op_BitSelect.i1.i32.i32, i32 %match, i32 31" [Server/LZW_new.cpp:151]   --->   Operation 241 'bitselect' 'tmp_57' <Predicate = (!and_ln145_63 & !tmp & !tmp_28 & !tmp_29 & !tmp_30 & !tmp_31 & !tmp_32 & !tmp_33 & !tmp_34 & !tmp_35 & !tmp_36 & !tmp_37 & !tmp_38 & !tmp_39 & !tmp_40 & !tmp_41 & !tmp_42 & !tmp_43 & !tmp_44 & !tmp_45 & !tmp_46 & !tmp_47 & !tmp_48 & !tmp_49 & !tmp_50 & !tmp_51 & !tmp_52 & !tmp_53 & !tmp_54 & !tmp_55 & !tmp_56)> <Delay = 0.00>
ST_2 : Operation 242 [1/1] (0.93ns)   --->   "%br_ln151 = br i1 %tmp_57, void %.loopexit4, void %select.unfold" [Server/LZW_new.cpp:151]   --->   Operation 242 'br' 'br_ln151' <Predicate = (!and_ln145_63 & !tmp & !tmp_28 & !tmp_29 & !tmp_30 & !tmp_31 & !tmp_32 & !tmp_33 & !tmp_34 & !tmp_35 & !tmp_36 & !tmp_37 & !tmp_38 & !tmp_39 & !tmp_40 & !tmp_41 & !tmp_42 & !tmp_43 & !tmp_44 & !tmp_45 & !tmp_46 & !tmp_47 & !tmp_48 & !tmp_49 & !tmp_50 & !tmp_51 & !tmp_52 & !tmp_53 & !tmp_54 & !tmp_55 & !tmp_56)> <Delay = 0.93>
ST_2 : Operation 243 [1/1] (0.00ns)   --->   "%address_02_ph = phi i5 0, void, i5 1, void, i5 2, void, i5 3, void, i5 4, void, i5 5, void, i5 6, void, i5 7, void, i5 8, void, i5 9, void, i5 10, void, i5 11, void, i5 12, void, i5 13, void, i5 14, void, i5 15, void, i5 16, void, i5 17, void, i5 18, void, i5 19, void, i5 20, void, i5 21, void, i5 22, void, i5 23, void, i5 24, void, i5 25, void, i5 26, void, i5 27, void, i5 28, void, i5 29, void, i5 30, void, i5 31, void"   --->   Operation 243 'phi' 'address_02_ph' <Predicate = (tmp_57) | (tmp_56) | (tmp_55) | (tmp_54) | (tmp_53) | (tmp_52) | (tmp_51) | (tmp_50) | (tmp_49) | (tmp_48) | (tmp_47) | (tmp_46) | (tmp_45) | (tmp_44) | (tmp_43) | (tmp_42) | (tmp_41) | (tmp_40) | (tmp_39) | (tmp_38) | (tmp_37) | (tmp_36) | (tmp_35) | (tmp_34) | (tmp_33) | (tmp_32) | (tmp_31) | (tmp_30) | (tmp_29) | (tmp_28) | (tmp) | (and_ln145_63)> <Delay = 0.00>
ST_2 : Operation 244 [1/1] (0.00ns)   --->   "%zext_ln158 = zext i5 %address_02_ph" [Server/LZW_new.cpp:158]   --->   Operation 244 'zext' 'zext_ln158' <Predicate = (tmp_57) | (tmp_56) | (tmp_55) | (tmp_54) | (tmp_53) | (tmp_52) | (tmp_51) | (tmp_50) | (tmp_49) | (tmp_48) | (tmp_47) | (tmp_46) | (tmp_45) | (tmp_44) | (tmp_43) | (tmp_42) | (tmp_41) | (tmp_40) | (tmp_39) | (tmp_38) | (tmp_37) | (tmp_36) | (tmp_35) | (tmp_34) | (tmp_33) | (tmp_32) | (tmp_31) | (tmp_30) | (tmp_29) | (tmp_28) | (tmp) | (and_ln145_63)> <Delay = 0.00>
ST_2 : Operation 245 [1/1] (0.00ns)   --->   "%mem_value_addr = getelementptr i12 %mem_value, i64 0, i64 %zext_ln158" [Server/LZW_new.cpp:158]   --->   Operation 245 'getelementptr' 'mem_value_addr' <Predicate = (tmp_57) | (tmp_56) | (tmp_55) | (tmp_54) | (tmp_53) | (tmp_52) | (tmp_51) | (tmp_50) | (tmp_49) | (tmp_48) | (tmp_47) | (tmp_46) | (tmp_45) | (tmp_44) | (tmp_43) | (tmp_42) | (tmp_41) | (tmp_40) | (tmp_39) | (tmp_38) | (tmp_37) | (tmp_36) | (tmp_35) | (tmp_34) | (tmp_33) | (tmp_32) | (tmp_31) | (tmp_30) | (tmp_29) | (tmp_28) | (tmp) | (and_ln145_63)> <Delay = 0.00>
ST_2 : Operation 246 [2/2] (0.79ns)   --->   "%mem_value_load = load i6 %mem_value_addr" [Server/LZW_new.cpp:158]   --->   Operation 246 'load' 'mem_value_load' <Predicate = (tmp_57) | (tmp_56) | (tmp_55) | (tmp_54) | (tmp_53) | (tmp_52) | (tmp_51) | (tmp_50) | (tmp_49) | (tmp_48) | (tmp_47) | (tmp_46) | (tmp_45) | (tmp_44) | (tmp_43) | (tmp_42) | (tmp_41) | (tmp_40) | (tmp_39) | (tmp_38) | (tmp_37) | (tmp_36) | (tmp_35) | (tmp_34) | (tmp_33) | (tmp_32) | (tmp_31) | (tmp_30) | (tmp_29) | (tmp_28) | (tmp) | (and_ln145_63)> <Delay = 0.79> <CoreInst = "RAM">   --->   Core 83 'RAM' <Latency = 1> <II = 1> <Delay = 0.79> <Storage> <Opcode : 'load' 'store'> <Ports = 2> <Width = 12> <Depth = 64> <RAM>

State 3 <SV = 2> <Delay = 1.27>
ST_3 : Operation 247 [1/2] (0.79ns)   --->   "%mem_value_load = load i6 %mem_value_addr" [Server/LZW_new.cpp:158]   --->   Operation 247 'load' 'mem_value_load' <Predicate = (tmp_57) | (tmp_56) | (tmp_55) | (tmp_54) | (tmp_53) | (tmp_52) | (tmp_51) | (tmp_50) | (tmp_49) | (tmp_48) | (tmp_47) | (tmp_46) | (tmp_45) | (tmp_44) | (tmp_43) | (tmp_42) | (tmp_41) | (tmp_40) | (tmp_39) | (tmp_38) | (tmp_37) | (tmp_36) | (tmp_35) | (tmp_34) | (tmp_33) | (tmp_32) | (tmp_31) | (tmp_30) | (tmp_29) | (tmp_28) | (tmp) | (and_ln145_63)> <Delay = 0.79> <CoreInst = "RAM">   --->   Core 83 'RAM' <Latency = 1> <II = 1> <Delay = 0.79> <Storage> <Opcode : 'load' 'store'> <Ports = 2> <Width = 12> <Depth = 64> <RAM>
ST_3 : Operation 248 [1/1] (0.48ns)   --->   "%br_ln164 = br void %.loopexit4" [Server/LZW_new.cpp:164]   --->   Operation 248 'br' 'br_ln164' <Predicate = (tmp_57) | (tmp_56) | (tmp_55) | (tmp_54) | (tmp_53) | (tmp_52) | (tmp_51) | (tmp_50) | (tmp_49) | (tmp_48) | (tmp_47) | (tmp_46) | (tmp_45) | (tmp_44) | (tmp_43) | (tmp_42) | (tmp_41) | (tmp_40) | (tmp_39) | (tmp_38) | (tmp_37) | (tmp_36) | (tmp_35) | (tmp_34) | (tmp_33) | (tmp_32) | (tmp_31) | (tmp_30) | (tmp_29) | (tmp_28) | (tmp) | (and_ln145_63)> <Delay = 0.48>
ST_3 : Operation 249 [1/1] (0.00ns)   --->   "%phi_ln170 = phi i12 %mem_value_load, void %select.unfold, i12 0, void" [Server/LZW_new.cpp:170]   --->   Operation 249 'phi' 'phi_ln170' <Predicate = true> <Delay = 0.00>
ST_3 : Operation 250 [1/1] (0.00ns)   --->   "%hit_0 = phi i1 1, void %select.unfold, i1 0, void"   --->   Operation 250 'phi' 'hit_0' <Predicate = true> <Delay = 0.00>
ST_3 : Operation 251 [1/1] (0.00ns)   --->   "%zext_ln170 = zext i12 %phi_ln170" [Server/LZW_new.cpp:170]   --->   Operation 251 'zext' 'zext_ln170' <Predicate = true> <Delay = 0.00>
ST_3 : Operation 252 [1/1] (0.00ns)   --->   "%mrv = insertvalue i33 <undef>, i1 %hit_0" [Server/LZW_new.cpp:170]   --->   Operation 252 'insertvalue' 'mrv' <Predicate = true> <Delay = 0.00>
ST_3 : Operation 253 [1/1] (0.00ns)   --->   "%mrv_1 = insertvalue i33 %mrv, i32 %zext_ln170" [Server/LZW_new.cpp:170]   --->   Operation 253 'insertvalue' 'mrv_1' <Predicate = true> <Delay = 0.00>
ST_3 : Operation 254 [1/1] (0.00ns)   --->   "%ret_ln170 = ret i33 %mrv_1" [Server/LZW_new.cpp:170]   --->   Operation 254 'ret' 'ret_ln170' <Predicate = true> <Delay = 0.00>


============================================================
+ Verbose Summary: Timing violations
============================================================
Target clock period: 6.67ns, clock uncertainty: 1.8ns.

 <State 1>: 1.35ns
The critical path consists of the following:
	wire read on port 'key' (Server/LZW_new.cpp:141) [6]  (0 ns)
	'getelementptr' operation ('mem_upper_key_mem_addr', Server/LZW_new.cpp:141) [10]  (0 ns)
	'load' operation ('mem_upper_key_mem_load', Server/LZW_new.cpp:141) on array 'mem_upper_key_mem' [11]  (1.35 ns)

 <State 2>: 3.52ns
The critical path consists of the following:
	'load' operation ('mem_upper_key_mem_load', Server/LZW_new.cpp:141) on array 'mem_upper_key_mem' [11]  (1.35 ns)
	'and' operation ('and_ln145_32', Server/LZW_new.cpp:145) [147]  (0 ns)
	'and' operation ('and_ln145_33', Server/LZW_new.cpp:145) [148]  (0.441 ns)
	multiplexor before 'phi' operation ('address_02_ph') [274]  (0.933 ns)
	'phi' operation ('address_02_ph') [274]  (0 ns)
	'getelementptr' operation ('mem_value_addr', Server/LZW_new.cpp:158) [276]  (0 ns)
	'load' operation ('mem_value_load', Server/LZW_new.cpp:158) on array 'mem_value' [277]  (0.79 ns)

 <State 3>: 1.28ns
The critical path consists of the following:
	'load' operation ('mem_value_load', Server/LZW_new.cpp:158) on array 'mem_value' [277]  (0.79 ns)
	multiplexor before 'phi' operation ('phi_ln170', Server/LZW_new.cpp:170) with incoming values : ('mem_value_load', Server/LZW_new.cpp:158) [280]  (0.489 ns)
	'phi' operation ('phi_ln170', Server/LZW_new.cpp:170) with incoming values : ('mem_value_load', Server/LZW_new.cpp:158) [280]  (0 ns)


============================================================
+ Verbose Summary: Binding
============================================================
N/A
* FSMD analyzer results:
  - Output states:
 - Input state : 
  - Chain level:
	State 1
	State 2
	State 3


============================================================
+ Verbose Summary: Datapath Resource usage 
============================================================
N/A
