

================================================================
== Vitis HLS Report for 'Block_split28_proc'
================================================================
* Date:           Sat Dec  9 20:27:38 2023

* Version:        2020.2 (Build 3064766 on Wed Nov 18 09:12:47 MST 2020)
* Project:        final_project
* Solution:       solution1 (Vitis Kernel Flow Target)
* Product family: zynquplus
* Target device:  xczu3eg-sbva484-1-i


================================================================
== Performance Estimates
================================================================
+ Timing: 
    * Summary: 
    +--------+---------+----------+------------+
    |  Clock |  Target | Estimated| Uncertainty|
    +--------+---------+----------+------------+
    |ap_clk  |  6.67 ns|  4.867 ns|     1.80 ns|
    +--------+---------+----------+------------+

+ Latency: 
    * Summary: 
    +---------+---------+----------+----------+-----+-----+---------+
    |  Latency (cycles) |  Latency (absolute) |  Interval | Pipeline|
    |   min   |   max   |    min   |    max   | min | max |   Type  |
    +---------+---------+----------+----------+-----+-----+---------+
    |       70|       70|  0.467 us|  0.467 us|   70|   70|     none|
    +---------+---------+----------+----------+-----+-----+---------+

    + Detail: 
        * Instance: 
        N/A

        * Loop: 
        N/A

============================================================
+ Verbose Summary: Synthesis Manager
============================================================
InlineROM: 1
ExposeGlobal: 0
============================================================
+ Verbose Summary: CDFG Model
============================================================
IsTopModel: 0
ResetActiveHigh: 1
IsCombinational: 2
IsDatapathOnly: 0
HasWiredReturn: 1
HasMFsm: 0
HasVarLatency: 1
IsPipeline: 0
IsRtlPipelined: 0
IsInstanceOverlapped: 0
IsDontTouch: 0
HasImplIP: 0
IsGatedGlobalClock: 0


============================================================
+ Verbose Summary: Schedule
============================================================
* Number of FSM states : 71
* Pipeline : 0
* Dataflow Pipeline: 0

* FSM state transitions: 
1 --> 2 
2 --> 3 
3 --> 4 
4 --> 5 
5 --> 6 
6 --> 7 
7 --> 8 
8 --> 9 
9 --> 10 
10 --> 11 
11 --> 12 
12 --> 13 
13 --> 14 
14 --> 15 
15 --> 16 
16 --> 17 
17 --> 18 
18 --> 19 
19 --> 20 
20 --> 21 
21 --> 22 
22 --> 23 
23 --> 24 
24 --> 25 
25 --> 26 
26 --> 27 
27 --> 28 
28 --> 29 
29 --> 30 
30 --> 31 
31 --> 32 
32 --> 33 
33 --> 34 
34 --> 35 
35 --> 36 
36 --> 37 
37 --> 38 
38 --> 39 
39 --> 40 
40 --> 41 
41 --> 42 
42 --> 43 
43 --> 44 
44 --> 45 
45 --> 46 
46 --> 47 
47 --> 48 
48 --> 49 
49 --> 50 
50 --> 51 
51 --> 52 
52 --> 53 
53 --> 54 
54 --> 55 
55 --> 56 
56 --> 57 
57 --> 58 
58 --> 59 
59 --> 60 
60 --> 61 
61 --> 62 
62 --> 63 
63 --> 64 
64 --> 65 
65 --> 66 
66 --> 67 
67 --> 68 
68 --> 69 
69 --> 70 
70 --> 71 
71 --> 

* FSM state operations: 

State 1 <SV = 0> <Delay = 2.16>
ST_1 : Operation 72 [1/1] (2.16ns)   --->   "%lzw_size_read = read i64 @_ssdm_op_Read.ap_fifo.i64P0A, i64 %lzw_size" [Server/LZW_new.cpp:302]   --->   Operation 72 'read' 'lzw_size_read' <Predicate = true> <Delay = 2.16> <CoreInst = "FIFO_SRL">   --->   Core 81 'FIFO_SRL' <Latency = 0> <II = 1> <Delay = 2.16> <Storage> <Opcode : 'read' 'write' 'nbread' 'nbwrite'> <Ports = 0> <Width = 64> <Depth = 4> <FIFO>
ST_1 : Operation 73 [1/1] (2.16ns)   --->   "%compress_size_0_read = read i32 @_ssdm_op_Read.ap_fifo.i32P0A, i32 %compress_size_0" [Server/LZW_new.cpp:302]   --->   Operation 73 'read' 'compress_size_0_read' <Predicate = true> <Delay = 2.16> <CoreInst = "FIFO_SRL">   --->   Core 81 'FIFO_SRL' <Latency = 0> <II = 1> <Delay = 2.16> <Storage> <Opcode : 'read' 'write' 'nbread' 'nbwrite'> <Ports = 0> <Width = 32> <Depth = 2> <FIFO>
ST_1 : Operation 74 [1/1] (0.00ns)   --->   "%trunc_ln = partselect i62 @_ssdm_op_PartSelect.i62.i64.i32.i32, i64 %lzw_size_read, i32 2, i32 63" [Server/LZW_new.cpp:302]   --->   Operation 74 'partselect' 'trunc_ln' <Predicate = true> <Delay = 0.00>
ST_1 : Operation 75 [1/1] (0.00ns)   --->   "%sext_ln302 = sext i62 %trunc_ln" [Server/LZW_new.cpp:302]   --->   Operation 75 'sext' 'sext_ln302' <Predicate = true> <Delay = 0.00>
ST_1 : Operation 76 [1/1] (0.00ns)   --->   "%HP0_addr = getelementptr i32 %HP0, i64 %sext_ln302" [Server/LZW_new.cpp:302]   --->   Operation 76 'getelementptr' 'HP0_addr' <Predicate = true> <Delay = 0.00>

State 2 <SV = 1> <Delay = 4.86>
ST_2 : Operation 77 [1/1] (4.86ns)   --->   "%HP0_addr_req = writereq i1 @_ssdm_op_WriteReq.m_axi.i32P1A, i32 %HP0_addr, i32 1" [Server/LZW_new.cpp:302]   --->   Operation 77 'writereq' 'HP0_addr_req' <Predicate = true> <Delay = 4.86> <CoreInst = "m_axi">   --->   Core 121 'm_axi' <Latency = 6> <II = 1> <Delay = 1.00> <Adapter> <Opcode : 'read' 'write' 'readreq' 'writereq' 'writeresp'>

State 3 <SV = 2> <Delay = 4.86>
ST_3 : Operation 78 [1/1] (4.86ns)   --->   "%write_ln302 = write void @_ssdm_op_Write.m_axi.i32P1A, i32 %HP0_addr, i32 %compress_size_0_read, i4 15" [Server/LZW_new.cpp:302]   --->   Operation 78 'write' 'write_ln302' <Predicate = true> <Delay = 4.86> <CoreInst = "m_axi">   --->   Core 121 'm_axi' <Latency = 6> <II = 1> <Delay = 1.00> <Adapter> <Opcode : 'read' 'write' 'readreq' 'writereq' 'writeresp'>

State 4 <SV = 3> <Delay = 4.86>
ST_4 : Operation 79 [68/68] (4.86ns)   --->   "%HP0_addr_resp = writeresp i1 @_ssdm_op_WriteResp.m_axi.i32P1A, i32 %HP0_addr" [Server/LZW_new.cpp:302]   --->   Operation 79 'writeresp' 'HP0_addr_resp' <Predicate = true> <Delay = 4.86> <CoreInst = "m_axi">   --->   Core 121 'm_axi' <Latency = 6> <II = 1> <Delay = 1.00> <Adapter> <Opcode : 'read' 'write' 'readreq' 'writereq' 'writeresp'>

State 5 <SV = 4> <Delay = 4.86>
ST_5 : Operation 80 [67/68] (4.86ns)   --->   "%HP0_addr_resp = writeresp i1 @_ssdm_op_WriteResp.m_axi.i32P1A, i32 %HP0_addr" [Server/LZW_new.cpp:302]   --->   Operation 80 'writeresp' 'HP0_addr_resp' <Predicate = true> <Delay = 4.86> <CoreInst = "m_axi">   --->   Core 121 'm_axi' <Latency = 6> <II = 1> <Delay = 1.00> <Adapter> <Opcode : 'read' 'write' 'readreq' 'writereq' 'writeresp'>

State 6 <SV = 5> <Delay = 4.86>
ST_6 : Operation 81 [66/68] (4.86ns)   --->   "%HP0_addr_resp = writeresp i1 @_ssdm_op_WriteResp.m_axi.i32P1A, i32 %HP0_addr" [Server/LZW_new.cpp:302]   --->   Operation 81 'writeresp' 'HP0_addr_resp' <Predicate = true> <Delay = 4.86> <CoreInst = "m_axi">   --->   Core 121 'm_axi' <Latency = 6> <II = 1> <Delay = 1.00> <Adapter> <Opcode : 'read' 'write' 'readreq' 'writereq' 'writeresp'>

State 7 <SV = 6> <Delay = 4.86>
ST_7 : Operation 82 [65/68] (4.86ns)   --->   "%HP0_addr_resp = writeresp i1 @_ssdm_op_WriteResp.m_axi.i32P1A, i32 %HP0_addr" [Server/LZW_new.cpp:302]   --->   Operation 82 'writeresp' 'HP0_addr_resp' <Predicate = true> <Delay = 4.86> <CoreInst = "m_axi">   --->   Core 121 'm_axi' <Latency = 6> <II = 1> <Delay = 1.00> <Adapter> <Opcode : 'read' 'write' 'readreq' 'writereq' 'writeresp'>

State 8 <SV = 7> <Delay = 4.86>
ST_8 : Operation 83 [64/68] (4.86ns)   --->   "%HP0_addr_resp = writeresp i1 @_ssdm_op_WriteResp.m_axi.i32P1A, i32 %HP0_addr" [Server/LZW_new.cpp:302]   --->   Operation 83 'writeresp' 'HP0_addr_resp' <Predicate = true> <Delay = 4.86> <CoreInst = "m_axi">   --->   Core 121 'm_axi' <Latency = 6> <II = 1> <Delay = 1.00> <Adapter> <Opcode : 'read' 'write' 'readreq' 'writereq' 'writeresp'>

State 9 <SV = 8> <Delay = 4.86>
ST_9 : Operation 84 [63/68] (4.86ns)   --->   "%HP0_addr_resp = writeresp i1 @_ssdm_op_WriteResp.m_axi.i32P1A, i32 %HP0_addr" [Server/LZW_new.cpp:302]   --->   Operation 84 'writeresp' 'HP0_addr_resp' <Predicate = true> <Delay = 4.86> <CoreInst = "m_axi">   --->   Core 121 'm_axi' <Latency = 6> <II = 1> <Delay = 1.00> <Adapter> <Opcode : 'read' 'write' 'readreq' 'writereq' 'writeresp'>

State 10 <SV = 9> <Delay = 4.86>
ST_10 : Operation 85 [62/68] (4.86ns)   --->   "%HP0_addr_resp = writeresp i1 @_ssdm_op_WriteResp.m_axi.i32P1A, i32 %HP0_addr" [Server/LZW_new.cpp:302]   --->   Operation 85 'writeresp' 'HP0_addr_resp' <Predicate = true> <Delay = 4.86> <CoreInst = "m_axi">   --->   Core 121 'm_axi' <Latency = 6> <II = 1> <Delay = 1.00> <Adapter> <Opcode : 'read' 'write' 'readreq' 'writereq' 'writeresp'>

State 11 <SV = 10> <Delay = 4.86>
ST_11 : Operation 86 [61/68] (4.86ns)   --->   "%HP0_addr_resp = writeresp i1 @_ssdm_op_WriteResp.m_axi.i32P1A, i32 %HP0_addr" [Server/LZW_new.cpp:302]   --->   Operation 86 'writeresp' 'HP0_addr_resp' <Predicate = true> <Delay = 4.86> <CoreInst = "m_axi">   --->   Core 121 'm_axi' <Latency = 6> <II = 1> <Delay = 1.00> <Adapter> <Opcode : 'read' 'write' 'readreq' 'writereq' 'writeresp'>

State 12 <SV = 11> <Delay = 4.86>
ST_12 : Operation 87 [60/68] (4.86ns)   --->   "%HP0_addr_resp = writeresp i1 @_ssdm_op_WriteResp.m_axi.i32P1A, i32 %HP0_addr" [Server/LZW_new.cpp:302]   --->   Operation 87 'writeresp' 'HP0_addr_resp' <Predicate = true> <Delay = 4.86> <CoreInst = "m_axi">   --->   Core 121 'm_axi' <Latency = 6> <II = 1> <Delay = 1.00> <Adapter> <Opcode : 'read' 'write' 'readreq' 'writereq' 'writeresp'>

State 13 <SV = 12> <Delay = 4.86>
ST_13 : Operation 88 [59/68] (4.86ns)   --->   "%HP0_addr_resp = writeresp i1 @_ssdm_op_WriteResp.m_axi.i32P1A, i32 %HP0_addr" [Server/LZW_new.cpp:302]   --->   Operation 88 'writeresp' 'HP0_addr_resp' <Predicate = true> <Delay = 4.86> <CoreInst = "m_axi">   --->   Core 121 'm_axi' <Latency = 6> <II = 1> <Delay = 1.00> <Adapter> <Opcode : 'read' 'write' 'readreq' 'writereq' 'writeresp'>

State 14 <SV = 13> <Delay = 4.86>
ST_14 : Operation 89 [58/68] (4.86ns)   --->   "%HP0_addr_resp = writeresp i1 @_ssdm_op_WriteResp.m_axi.i32P1A, i32 %HP0_addr" [Server/LZW_new.cpp:302]   --->   Operation 89 'writeresp' 'HP0_addr_resp' <Predicate = true> <Delay = 4.86> <CoreInst = "m_axi">   --->   Core 121 'm_axi' <Latency = 6> <II = 1> <Delay = 1.00> <Adapter> <Opcode : 'read' 'write' 'readreq' 'writereq' 'writeresp'>

State 15 <SV = 14> <Delay = 4.86>
ST_15 : Operation 90 [57/68] (4.86ns)   --->   "%HP0_addr_resp = writeresp i1 @_ssdm_op_WriteResp.m_axi.i32P1A, i32 %HP0_addr" [Server/LZW_new.cpp:302]   --->   Operation 90 'writeresp' 'HP0_addr_resp' <Predicate = true> <Delay = 4.86> <CoreInst = "m_axi">   --->   Core 121 'm_axi' <Latency = 6> <II = 1> <Delay = 1.00> <Adapter> <Opcode : 'read' 'write' 'readreq' 'writereq' 'writeresp'>

State 16 <SV = 15> <Delay = 4.86>
ST_16 : Operation 91 [56/68] (4.86ns)   --->   "%HP0_addr_resp = writeresp i1 @_ssdm_op_WriteResp.m_axi.i32P1A, i32 %HP0_addr" [Server/LZW_new.cpp:302]   --->   Operation 91 'writeresp' 'HP0_addr_resp' <Predicate = true> <Delay = 4.86> <CoreInst = "m_axi">   --->   Core 121 'm_axi' <Latency = 6> <II = 1> <Delay = 1.00> <Adapter> <Opcode : 'read' 'write' 'readreq' 'writereq' 'writeresp'>

State 17 <SV = 16> <Delay = 4.86>
ST_17 : Operation 92 [55/68] (4.86ns)   --->   "%HP0_addr_resp = writeresp i1 @_ssdm_op_WriteResp.m_axi.i32P1A, i32 %HP0_addr" [Server/LZW_new.cpp:302]   --->   Operation 92 'writeresp' 'HP0_addr_resp' <Predicate = true> <Delay = 4.86> <CoreInst = "m_axi">   --->   Core 121 'm_axi' <Latency = 6> <II = 1> <Delay = 1.00> <Adapter> <Opcode : 'read' 'write' 'readreq' 'writereq' 'writeresp'>

State 18 <SV = 17> <Delay = 4.86>
ST_18 : Operation 93 [54/68] (4.86ns)   --->   "%HP0_addr_resp = writeresp i1 @_ssdm_op_WriteResp.m_axi.i32P1A, i32 %HP0_addr" [Server/LZW_new.cpp:302]   --->   Operation 93 'writeresp' 'HP0_addr_resp' <Predicate = true> <Delay = 4.86> <CoreInst = "m_axi">   --->   Core 121 'm_axi' <Latency = 6> <II = 1> <Delay = 1.00> <Adapter> <Opcode : 'read' 'write' 'readreq' 'writereq' 'writeresp'>

State 19 <SV = 18> <Delay = 4.86>
ST_19 : Operation 94 [53/68] (4.86ns)   --->   "%HP0_addr_resp = writeresp i1 @_ssdm_op_WriteResp.m_axi.i32P1A, i32 %HP0_addr" [Server/LZW_new.cpp:302]   --->   Operation 94 'writeresp' 'HP0_addr_resp' <Predicate = true> <Delay = 4.86> <CoreInst = "m_axi">   --->   Core 121 'm_axi' <Latency = 6> <II = 1> <Delay = 1.00> <Adapter> <Opcode : 'read' 'write' 'readreq' 'writereq' 'writeresp'>

State 20 <SV = 19> <Delay = 4.86>
ST_20 : Operation 95 [52/68] (4.86ns)   --->   "%HP0_addr_resp = writeresp i1 @_ssdm_op_WriteResp.m_axi.i32P1A, i32 %HP0_addr" [Server/LZW_new.cpp:302]   --->   Operation 95 'writeresp' 'HP0_addr_resp' <Predicate = true> <Delay = 4.86> <CoreInst = "m_axi">   --->   Core 121 'm_axi' <Latency = 6> <II = 1> <Delay = 1.00> <Adapter> <Opcode : 'read' 'write' 'readreq' 'writereq' 'writeresp'>

State 21 <SV = 20> <Delay = 4.86>
ST_21 : Operation 96 [51/68] (4.86ns)   --->   "%HP0_addr_resp = writeresp i1 @_ssdm_op_WriteResp.m_axi.i32P1A, i32 %HP0_addr" [Server/LZW_new.cpp:302]   --->   Operation 96 'writeresp' 'HP0_addr_resp' <Predicate = true> <Delay = 4.86> <CoreInst = "m_axi">   --->   Core 121 'm_axi' <Latency = 6> <II = 1> <Delay = 1.00> <Adapter> <Opcode : 'read' 'write' 'readreq' 'writereq' 'writeresp'>

State 22 <SV = 21> <Delay = 4.86>
ST_22 : Operation 97 [50/68] (4.86ns)   --->   "%HP0_addr_resp = writeresp i1 @_ssdm_op_WriteResp.m_axi.i32P1A, i32 %HP0_addr" [Server/LZW_new.cpp:302]   --->   Operation 97 'writeresp' 'HP0_addr_resp' <Predicate = true> <Delay = 4.86> <CoreInst = "m_axi">   --->   Core 121 'm_axi' <Latency = 6> <II = 1> <Delay = 1.00> <Adapter> <Opcode : 'read' 'write' 'readreq' 'writereq' 'writeresp'>

State 23 <SV = 22> <Delay = 4.86>
ST_23 : Operation 98 [49/68] (4.86ns)   --->   "%HP0_addr_resp = writeresp i1 @_ssdm_op_WriteResp.m_axi.i32P1A, i32 %HP0_addr" [Server/LZW_new.cpp:302]   --->   Operation 98 'writeresp' 'HP0_addr_resp' <Predicate = true> <Delay = 4.86> <CoreInst = "m_axi">   --->   Core 121 'm_axi' <Latency = 6> <II = 1> <Delay = 1.00> <Adapter> <Opcode : 'read' 'write' 'readreq' 'writereq' 'writeresp'>

State 24 <SV = 23> <Delay = 4.86>
ST_24 : Operation 99 [48/68] (4.86ns)   --->   "%HP0_addr_resp = writeresp i1 @_ssdm_op_WriteResp.m_axi.i32P1A, i32 %HP0_addr" [Server/LZW_new.cpp:302]   --->   Operation 99 'writeresp' 'HP0_addr_resp' <Predicate = true> <Delay = 4.86> <CoreInst = "m_axi">   --->   Core 121 'm_axi' <Latency = 6> <II = 1> <Delay = 1.00> <Adapter> <Opcode : 'read' 'write' 'readreq' 'writereq' 'writeresp'>

State 25 <SV = 24> <Delay = 4.86>
ST_25 : Operation 100 [47/68] (4.86ns)   --->   "%HP0_addr_resp = writeresp i1 @_ssdm_op_WriteResp.m_axi.i32P1A, i32 %HP0_addr" [Server/LZW_new.cpp:302]   --->   Operation 100 'writeresp' 'HP0_addr_resp' <Predicate = true> <Delay = 4.86> <CoreInst = "m_axi">   --->   Core 121 'm_axi' <Latency = 6> <II = 1> <Delay = 1.00> <Adapter> <Opcode : 'read' 'write' 'readreq' 'writereq' 'writeresp'>

State 26 <SV = 25> <Delay = 4.86>
ST_26 : Operation 101 [46/68] (4.86ns)   --->   "%HP0_addr_resp = writeresp i1 @_ssdm_op_WriteResp.m_axi.i32P1A, i32 %HP0_addr" [Server/LZW_new.cpp:302]   --->   Operation 101 'writeresp' 'HP0_addr_resp' <Predicate = true> <Delay = 4.86> <CoreInst = "m_axi">   --->   Core 121 'm_axi' <Latency = 6> <II = 1> <Delay = 1.00> <Adapter> <Opcode : 'read' 'write' 'readreq' 'writereq' 'writeresp'>

State 27 <SV = 26> <Delay = 4.86>
ST_27 : Operation 102 [45/68] (4.86ns)   --->   "%HP0_addr_resp = writeresp i1 @_ssdm_op_WriteResp.m_axi.i32P1A, i32 %HP0_addr" [Server/LZW_new.cpp:302]   --->   Operation 102 'writeresp' 'HP0_addr_resp' <Predicate = true> <Delay = 4.86> <CoreInst = "m_axi">   --->   Core 121 'm_axi' <Latency = 6> <II = 1> <Delay = 1.00> <Adapter> <Opcode : 'read' 'write' 'readreq' 'writereq' 'writeresp'>

State 28 <SV = 27> <Delay = 4.86>
ST_28 : Operation 103 [44/68] (4.86ns)   --->   "%HP0_addr_resp = writeresp i1 @_ssdm_op_WriteResp.m_axi.i32P1A, i32 %HP0_addr" [Server/LZW_new.cpp:302]   --->   Operation 103 'writeresp' 'HP0_addr_resp' <Predicate = true> <Delay = 4.86> <CoreInst = "m_axi">   --->   Core 121 'm_axi' <Latency = 6> <II = 1> <Delay = 1.00> <Adapter> <Opcode : 'read' 'write' 'readreq' 'writereq' 'writeresp'>

State 29 <SV = 28> <Delay = 4.86>
ST_29 : Operation 104 [43/68] (4.86ns)   --->   "%HP0_addr_resp = writeresp i1 @_ssdm_op_WriteResp.m_axi.i32P1A, i32 %HP0_addr" [Server/LZW_new.cpp:302]   --->   Operation 104 'writeresp' 'HP0_addr_resp' <Predicate = true> <Delay = 4.86> <CoreInst = "m_axi">   --->   Core 121 'm_axi' <Latency = 6> <II = 1> <Delay = 1.00> <Adapter> <Opcode : 'read' 'write' 'readreq' 'writereq' 'writeresp'>

State 30 <SV = 29> <Delay = 4.86>
ST_30 : Operation 105 [42/68] (4.86ns)   --->   "%HP0_addr_resp = writeresp i1 @_ssdm_op_WriteResp.m_axi.i32P1A, i32 %HP0_addr" [Server/LZW_new.cpp:302]   --->   Operation 105 'writeresp' 'HP0_addr_resp' <Predicate = true> <Delay = 4.86> <CoreInst = "m_axi">   --->   Core 121 'm_axi' <Latency = 6> <II = 1> <Delay = 1.00> <Adapter> <Opcode : 'read' 'write' 'readreq' 'writereq' 'writeresp'>

State 31 <SV = 30> <Delay = 4.86>
ST_31 : Operation 106 [41/68] (4.86ns)   --->   "%HP0_addr_resp = writeresp i1 @_ssdm_op_WriteResp.m_axi.i32P1A, i32 %HP0_addr" [Server/LZW_new.cpp:302]   --->   Operation 106 'writeresp' 'HP0_addr_resp' <Predicate = true> <Delay = 4.86> <CoreInst = "m_axi">   --->   Core 121 'm_axi' <Latency = 6> <II = 1> <Delay = 1.00> <Adapter> <Opcode : 'read' 'write' 'readreq' 'writereq' 'writeresp'>

State 32 <SV = 31> <Delay = 4.86>
ST_32 : Operation 107 [40/68] (4.86ns)   --->   "%HP0_addr_resp = writeresp i1 @_ssdm_op_WriteResp.m_axi.i32P1A, i32 %HP0_addr" [Server/LZW_new.cpp:302]   --->   Operation 107 'writeresp' 'HP0_addr_resp' <Predicate = true> <Delay = 4.86> <CoreInst = "m_axi">   --->   Core 121 'm_axi' <Latency = 6> <II = 1> <Delay = 1.00> <Adapter> <Opcode : 'read' 'write' 'readreq' 'writereq' 'writeresp'>

State 33 <SV = 32> <Delay = 4.86>
ST_33 : Operation 108 [39/68] (4.86ns)   --->   "%HP0_addr_resp = writeresp i1 @_ssdm_op_WriteResp.m_axi.i32P1A, i32 %HP0_addr" [Server/LZW_new.cpp:302]   --->   Operation 108 'writeresp' 'HP0_addr_resp' <Predicate = true> <Delay = 4.86> <CoreInst = "m_axi">   --->   Core 121 'm_axi' <Latency = 6> <II = 1> <Delay = 1.00> <Adapter> <Opcode : 'read' 'write' 'readreq' 'writereq' 'writeresp'>

State 34 <SV = 33> <Delay = 4.86>
ST_34 : Operation 109 [38/68] (4.86ns)   --->   "%HP0_addr_resp = writeresp i1 @_ssdm_op_WriteResp.m_axi.i32P1A, i32 %HP0_addr" [Server/LZW_new.cpp:302]   --->   Operation 109 'writeresp' 'HP0_addr_resp' <Predicate = true> <Delay = 4.86> <CoreInst = "m_axi">   --->   Core 121 'm_axi' <Latency = 6> <II = 1> <Delay = 1.00> <Adapter> <Opcode : 'read' 'write' 'readreq' 'writereq' 'writeresp'>

State 35 <SV = 34> <Delay = 4.86>
ST_35 : Operation 110 [37/68] (4.86ns)   --->   "%HP0_addr_resp = writeresp i1 @_ssdm_op_WriteResp.m_axi.i32P1A, i32 %HP0_addr" [Server/LZW_new.cpp:302]   --->   Operation 110 'writeresp' 'HP0_addr_resp' <Predicate = true> <Delay = 4.86> <CoreInst = "m_axi">   --->   Core 121 'm_axi' <Latency = 6> <II = 1> <Delay = 1.00> <Adapter> <Opcode : 'read' 'write' 'readreq' 'writereq' 'writeresp'>

State 36 <SV = 35> <Delay = 4.86>
ST_36 : Operation 111 [36/68] (4.86ns)   --->   "%HP0_addr_resp = writeresp i1 @_ssdm_op_WriteResp.m_axi.i32P1A, i32 %HP0_addr" [Server/LZW_new.cpp:302]   --->   Operation 111 'writeresp' 'HP0_addr_resp' <Predicate = true> <Delay = 4.86> <CoreInst = "m_axi">   --->   Core 121 'm_axi' <Latency = 6> <II = 1> <Delay = 1.00> <Adapter> <Opcode : 'read' 'write' 'readreq' 'writereq' 'writeresp'>

State 37 <SV = 36> <Delay = 4.86>
ST_37 : Operation 112 [35/68] (4.86ns)   --->   "%HP0_addr_resp = writeresp i1 @_ssdm_op_WriteResp.m_axi.i32P1A, i32 %HP0_addr" [Server/LZW_new.cpp:302]   --->   Operation 112 'writeresp' 'HP0_addr_resp' <Predicate = true> <Delay = 4.86> <CoreInst = "m_axi">   --->   Core 121 'm_axi' <Latency = 6> <II = 1> <Delay = 1.00> <Adapter> <Opcode : 'read' 'write' 'readreq' 'writereq' 'writeresp'>

State 38 <SV = 37> <Delay = 4.86>
ST_38 : Operation 113 [34/68] (4.86ns)   --->   "%HP0_addr_resp = writeresp i1 @_ssdm_op_WriteResp.m_axi.i32P1A, i32 %HP0_addr" [Server/LZW_new.cpp:302]   --->   Operation 113 'writeresp' 'HP0_addr_resp' <Predicate = true> <Delay = 4.86> <CoreInst = "m_axi">   --->   Core 121 'm_axi' <Latency = 6> <II = 1> <Delay = 1.00> <Adapter> <Opcode : 'read' 'write' 'readreq' 'writereq' 'writeresp'>

State 39 <SV = 38> <Delay = 4.86>
ST_39 : Operation 114 [33/68] (4.86ns)   --->   "%HP0_addr_resp = writeresp i1 @_ssdm_op_WriteResp.m_axi.i32P1A, i32 %HP0_addr" [Server/LZW_new.cpp:302]   --->   Operation 114 'writeresp' 'HP0_addr_resp' <Predicate = true> <Delay = 4.86> <CoreInst = "m_axi">   --->   Core 121 'm_axi' <Latency = 6> <II = 1> <Delay = 1.00> <Adapter> <Opcode : 'read' 'write' 'readreq' 'writereq' 'writeresp'>

State 40 <SV = 39> <Delay = 4.86>
ST_40 : Operation 115 [32/68] (4.86ns)   --->   "%HP0_addr_resp = writeresp i1 @_ssdm_op_WriteResp.m_axi.i32P1A, i32 %HP0_addr" [Server/LZW_new.cpp:302]   --->   Operation 115 'writeresp' 'HP0_addr_resp' <Predicate = true> <Delay = 4.86> <CoreInst = "m_axi">   --->   Core 121 'm_axi' <Latency = 6> <II = 1> <Delay = 1.00> <Adapter> <Opcode : 'read' 'write' 'readreq' 'writereq' 'writeresp'>

State 41 <SV = 40> <Delay = 4.86>
ST_41 : Operation 116 [31/68] (4.86ns)   --->   "%HP0_addr_resp = writeresp i1 @_ssdm_op_WriteResp.m_axi.i32P1A, i32 %HP0_addr" [Server/LZW_new.cpp:302]   --->   Operation 116 'writeresp' 'HP0_addr_resp' <Predicate = true> <Delay = 4.86> <CoreInst = "m_axi">   --->   Core 121 'm_axi' <Latency = 6> <II = 1> <Delay = 1.00> <Adapter> <Opcode : 'read' 'write' 'readreq' 'writereq' 'writeresp'>

State 42 <SV = 41> <Delay = 4.86>
ST_42 : Operation 117 [30/68] (4.86ns)   --->   "%HP0_addr_resp = writeresp i1 @_ssdm_op_WriteResp.m_axi.i32P1A, i32 %HP0_addr" [Server/LZW_new.cpp:302]   --->   Operation 117 'writeresp' 'HP0_addr_resp' <Predicate = true> <Delay = 4.86> <CoreInst = "m_axi">   --->   Core 121 'm_axi' <Latency = 6> <II = 1> <Delay = 1.00> <Adapter> <Opcode : 'read' 'write' 'readreq' 'writereq' 'writeresp'>

State 43 <SV = 42> <Delay = 4.86>
ST_43 : Operation 118 [29/68] (4.86ns)   --->   "%HP0_addr_resp = writeresp i1 @_ssdm_op_WriteResp.m_axi.i32P1A, i32 %HP0_addr" [Server/LZW_new.cpp:302]   --->   Operation 118 'writeresp' 'HP0_addr_resp' <Predicate = true> <Delay = 4.86> <CoreInst = "m_axi">   --->   Core 121 'm_axi' <Latency = 6> <II = 1> <Delay = 1.00> <Adapter> <Opcode : 'read' 'write' 'readreq' 'writereq' 'writeresp'>

State 44 <SV = 43> <Delay = 4.86>
ST_44 : Operation 119 [28/68] (4.86ns)   --->   "%HP0_addr_resp = writeresp i1 @_ssdm_op_WriteResp.m_axi.i32P1A, i32 %HP0_addr" [Server/LZW_new.cpp:302]   --->   Operation 119 'writeresp' 'HP0_addr_resp' <Predicate = true> <Delay = 4.86> <CoreInst = "m_axi">   --->   Core 121 'm_axi' <Latency = 6> <II = 1> <Delay = 1.00> <Adapter> <Opcode : 'read' 'write' 'readreq' 'writereq' 'writeresp'>

State 45 <SV = 44> <Delay = 4.86>
ST_45 : Operation 120 [27/68] (4.86ns)   --->   "%HP0_addr_resp = writeresp i1 @_ssdm_op_WriteResp.m_axi.i32P1A, i32 %HP0_addr" [Server/LZW_new.cpp:302]   --->   Operation 120 'writeresp' 'HP0_addr_resp' <Predicate = true> <Delay = 4.86> <CoreInst = "m_axi">   --->   Core 121 'm_axi' <Latency = 6> <II = 1> <Delay = 1.00> <Adapter> <Opcode : 'read' 'write' 'readreq' 'writereq' 'writeresp'>

State 46 <SV = 45> <Delay = 4.86>
ST_46 : Operation 121 [26/68] (4.86ns)   --->   "%HP0_addr_resp = writeresp i1 @_ssdm_op_WriteResp.m_axi.i32P1A, i32 %HP0_addr" [Server/LZW_new.cpp:302]   --->   Operation 121 'writeresp' 'HP0_addr_resp' <Predicate = true> <Delay = 4.86> <CoreInst = "m_axi">   --->   Core 121 'm_axi' <Latency = 6> <II = 1> <Delay = 1.00> <Adapter> <Opcode : 'read' 'write' 'readreq' 'writereq' 'writeresp'>

State 47 <SV = 46> <Delay = 4.86>
ST_47 : Operation 122 [25/68] (4.86ns)   --->   "%HP0_addr_resp = writeresp i1 @_ssdm_op_WriteResp.m_axi.i32P1A, i32 %HP0_addr" [Server/LZW_new.cpp:302]   --->   Operation 122 'writeresp' 'HP0_addr_resp' <Predicate = true> <Delay = 4.86> <CoreInst = "m_axi">   --->   Core 121 'm_axi' <Latency = 6> <II = 1> <Delay = 1.00> <Adapter> <Opcode : 'read' 'write' 'readreq' 'writereq' 'writeresp'>

State 48 <SV = 47> <Delay = 4.86>
ST_48 : Operation 123 [24/68] (4.86ns)   --->   "%HP0_addr_resp = writeresp i1 @_ssdm_op_WriteResp.m_axi.i32P1A, i32 %HP0_addr" [Server/LZW_new.cpp:302]   --->   Operation 123 'writeresp' 'HP0_addr_resp' <Predicate = true> <Delay = 4.86> <CoreInst = "m_axi">   --->   Core 121 'm_axi' <Latency = 6> <II = 1> <Delay = 1.00> <Adapter> <Opcode : 'read' 'write' 'readreq' 'writereq' 'writeresp'>

State 49 <SV = 48> <Delay = 4.86>
ST_49 : Operation 124 [23/68] (4.86ns)   --->   "%HP0_addr_resp = writeresp i1 @_ssdm_op_WriteResp.m_axi.i32P1A, i32 %HP0_addr" [Server/LZW_new.cpp:302]   --->   Operation 124 'writeresp' 'HP0_addr_resp' <Predicate = true> <Delay = 4.86> <CoreInst = "m_axi">   --->   Core 121 'm_axi' <Latency = 6> <II = 1> <Delay = 1.00> <Adapter> <Opcode : 'read' 'write' 'readreq' 'writereq' 'writeresp'>

State 50 <SV = 49> <Delay = 4.86>
ST_50 : Operation 125 [22/68] (4.86ns)   --->   "%HP0_addr_resp = writeresp i1 @_ssdm_op_WriteResp.m_axi.i32P1A, i32 %HP0_addr" [Server/LZW_new.cpp:302]   --->   Operation 125 'writeresp' 'HP0_addr_resp' <Predicate = true> <Delay = 4.86> <CoreInst = "m_axi">   --->   Core 121 'm_axi' <Latency = 6> <II = 1> <Delay = 1.00> <Adapter> <Opcode : 'read' 'write' 'readreq' 'writereq' 'writeresp'>

State 51 <SV = 50> <Delay = 4.86>
ST_51 : Operation 126 [21/68] (4.86ns)   --->   "%HP0_addr_resp = writeresp i1 @_ssdm_op_WriteResp.m_axi.i32P1A, i32 %HP0_addr" [Server/LZW_new.cpp:302]   --->   Operation 126 'writeresp' 'HP0_addr_resp' <Predicate = true> <Delay = 4.86> <CoreInst = "m_axi">   --->   Core 121 'm_axi' <Latency = 6> <II = 1> <Delay = 1.00> <Adapter> <Opcode : 'read' 'write' 'readreq' 'writereq' 'writeresp'>

State 52 <SV = 51> <Delay = 4.86>
ST_52 : Operation 127 [20/68] (4.86ns)   --->   "%HP0_addr_resp = writeresp i1 @_ssdm_op_WriteResp.m_axi.i32P1A, i32 %HP0_addr" [Server/LZW_new.cpp:302]   --->   Operation 127 'writeresp' 'HP0_addr_resp' <Predicate = true> <Delay = 4.86> <CoreInst = "m_axi">   --->   Core 121 'm_axi' <Latency = 6> <II = 1> <Delay = 1.00> <Adapter> <Opcode : 'read' 'write' 'readreq' 'writereq' 'writeresp'>

State 53 <SV = 52> <Delay = 4.86>
ST_53 : Operation 128 [19/68] (4.86ns)   --->   "%HP0_addr_resp = writeresp i1 @_ssdm_op_WriteResp.m_axi.i32P1A, i32 %HP0_addr" [Server/LZW_new.cpp:302]   --->   Operation 128 'writeresp' 'HP0_addr_resp' <Predicate = true> <Delay = 4.86> <CoreInst = "m_axi">   --->   Core 121 'm_axi' <Latency = 6> <II = 1> <Delay = 1.00> <Adapter> <Opcode : 'read' 'write' 'readreq' 'writereq' 'writeresp'>

State 54 <SV = 53> <Delay = 4.86>
ST_54 : Operation 129 [18/68] (4.86ns)   --->   "%HP0_addr_resp = writeresp i1 @_ssdm_op_WriteResp.m_axi.i32P1A, i32 %HP0_addr" [Server/LZW_new.cpp:302]   --->   Operation 129 'writeresp' 'HP0_addr_resp' <Predicate = true> <Delay = 4.86> <CoreInst = "m_axi">   --->   Core 121 'm_axi' <Latency = 6> <II = 1> <Delay = 1.00> <Adapter> <Opcode : 'read' 'write' 'readreq' 'writereq' 'writeresp'>

State 55 <SV = 54> <Delay = 4.86>
ST_55 : Operation 130 [17/68] (4.86ns)   --->   "%HP0_addr_resp = writeresp i1 @_ssdm_op_WriteResp.m_axi.i32P1A, i32 %HP0_addr" [Server/LZW_new.cpp:302]   --->   Operation 130 'writeresp' 'HP0_addr_resp' <Predicate = true> <Delay = 4.86> <CoreInst = "m_axi">   --->   Core 121 'm_axi' <Latency = 6> <II = 1> <Delay = 1.00> <Adapter> <Opcode : 'read' 'write' 'readreq' 'writereq' 'writeresp'>

State 56 <SV = 55> <Delay = 4.86>
ST_56 : Operation 131 [16/68] (4.86ns)   --->   "%HP0_addr_resp = writeresp i1 @_ssdm_op_WriteResp.m_axi.i32P1A, i32 %HP0_addr" [Server/LZW_new.cpp:302]   --->   Operation 131 'writeresp' 'HP0_addr_resp' <Predicate = true> <Delay = 4.86> <CoreInst = "m_axi">   --->   Core 121 'm_axi' <Latency = 6> <II = 1> <Delay = 1.00> <Adapter> <Opcode : 'read' 'write' 'readreq' 'writereq' 'writeresp'>

State 57 <SV = 56> <Delay = 4.86>
ST_57 : Operation 132 [15/68] (4.86ns)   --->   "%HP0_addr_resp = writeresp i1 @_ssdm_op_WriteResp.m_axi.i32P1A, i32 %HP0_addr" [Server/LZW_new.cpp:302]   --->   Operation 132 'writeresp' 'HP0_addr_resp' <Predicate = true> <Delay = 4.86> <CoreInst = "m_axi">   --->   Core 121 'm_axi' <Latency = 6> <II = 1> <Delay = 1.00> <Adapter> <Opcode : 'read' 'write' 'readreq' 'writereq' 'writeresp'>

State 58 <SV = 57> <Delay = 4.86>
ST_58 : Operation 133 [14/68] (4.86ns)   --->   "%HP0_addr_resp = writeresp i1 @_ssdm_op_WriteResp.m_axi.i32P1A, i32 %HP0_addr" [Server/LZW_new.cpp:302]   --->   Operation 133 'writeresp' 'HP0_addr_resp' <Predicate = true> <Delay = 4.86> <CoreInst = "m_axi">   --->   Core 121 'm_axi' <Latency = 6> <II = 1> <Delay = 1.00> <Adapter> <Opcode : 'read' 'write' 'readreq' 'writereq' 'writeresp'>

State 59 <SV = 58> <Delay = 4.86>
ST_59 : Operation 134 [13/68] (4.86ns)   --->   "%HP0_addr_resp = writeresp i1 @_ssdm_op_WriteResp.m_axi.i32P1A, i32 %HP0_addr" [Server/LZW_new.cpp:302]   --->   Operation 134 'writeresp' 'HP0_addr_resp' <Predicate = true> <Delay = 4.86> <CoreInst = "m_axi">   --->   Core 121 'm_axi' <Latency = 6> <II = 1> <Delay = 1.00> <Adapter> <Opcode : 'read' 'write' 'readreq' 'writereq' 'writeresp'>

State 60 <SV = 59> <Delay = 4.86>
ST_60 : Operation 135 [12/68] (4.86ns)   --->   "%HP0_addr_resp = writeresp i1 @_ssdm_op_WriteResp.m_axi.i32P1A, i32 %HP0_addr" [Server/LZW_new.cpp:302]   --->   Operation 135 'writeresp' 'HP0_addr_resp' <Predicate = true> <Delay = 4.86> <CoreInst = "m_axi">   --->   Core 121 'm_axi' <Latency = 6> <II = 1> <Delay = 1.00> <Adapter> <Opcode : 'read' 'write' 'readreq' 'writereq' 'writeresp'>

State 61 <SV = 60> <Delay = 4.86>
ST_61 : Operation 136 [11/68] (4.86ns)   --->   "%HP0_addr_resp = writeresp i1 @_ssdm_op_WriteResp.m_axi.i32P1A, i32 %HP0_addr" [Server/LZW_new.cpp:302]   --->   Operation 136 'writeresp' 'HP0_addr_resp' <Predicate = true> <Delay = 4.86> <CoreInst = "m_axi">   --->   Core 121 'm_axi' <Latency = 6> <II = 1> <Delay = 1.00> <Adapter> <Opcode : 'read' 'write' 'readreq' 'writereq' 'writeresp'>

State 62 <SV = 61> <Delay = 4.86>
ST_62 : Operation 137 [10/68] (4.86ns)   --->   "%HP0_addr_resp = writeresp i1 @_ssdm_op_WriteResp.m_axi.i32P1A, i32 %HP0_addr" [Server/LZW_new.cpp:302]   --->   Operation 137 'writeresp' 'HP0_addr_resp' <Predicate = true> <Delay = 4.86> <CoreInst = "m_axi">   --->   Core 121 'm_axi' <Latency = 6> <II = 1> <Delay = 1.00> <Adapter> <Opcode : 'read' 'write' 'readreq' 'writereq' 'writeresp'>

State 63 <SV = 62> <Delay = 4.86>
ST_63 : Operation 138 [9/68] (4.86ns)   --->   "%HP0_addr_resp = writeresp i1 @_ssdm_op_WriteResp.m_axi.i32P1A, i32 %HP0_addr" [Server/LZW_new.cpp:302]   --->   Operation 138 'writeresp' 'HP0_addr_resp' <Predicate = true> <Delay = 4.86> <CoreInst = "m_axi">   --->   Core 121 'm_axi' <Latency = 6> <II = 1> <Delay = 1.00> <Adapter> <Opcode : 'read' 'write' 'readreq' 'writereq' 'writeresp'>

State 64 <SV = 63> <Delay = 4.86>
ST_64 : Operation 139 [8/68] (4.86ns)   --->   "%HP0_addr_resp = writeresp i1 @_ssdm_op_WriteResp.m_axi.i32P1A, i32 %HP0_addr" [Server/LZW_new.cpp:302]   --->   Operation 139 'writeresp' 'HP0_addr_resp' <Predicate = true> <Delay = 4.86> <CoreInst = "m_axi">   --->   Core 121 'm_axi' <Latency = 6> <II = 1> <Delay = 1.00> <Adapter> <Opcode : 'read' 'write' 'readreq' 'writereq' 'writeresp'>

State 65 <SV = 64> <Delay = 4.86>
ST_65 : Operation 140 [7/68] (4.86ns)   --->   "%HP0_addr_resp = writeresp i1 @_ssdm_op_WriteResp.m_axi.i32P1A, i32 %HP0_addr" [Server/LZW_new.cpp:302]   --->   Operation 140 'writeresp' 'HP0_addr_resp' <Predicate = true> <Delay = 4.86> <CoreInst = "m_axi">   --->   Core 121 'm_axi' <Latency = 6> <II = 1> <Delay = 1.00> <Adapter> <Opcode : 'read' 'write' 'readreq' 'writereq' 'writeresp'>

State 66 <SV = 65> <Delay = 4.86>
ST_66 : Operation 141 [6/68] (4.86ns)   --->   "%HP0_addr_resp = writeresp i1 @_ssdm_op_WriteResp.m_axi.i32P1A, i32 %HP0_addr" [Server/LZW_new.cpp:302]   --->   Operation 141 'writeresp' 'HP0_addr_resp' <Predicate = true> <Delay = 4.86> <CoreInst = "m_axi">   --->   Core 121 'm_axi' <Latency = 6> <II = 1> <Delay = 1.00> <Adapter> <Opcode : 'read' 'write' 'readreq' 'writereq' 'writeresp'>

State 67 <SV = 66> <Delay = 4.86>
ST_67 : Operation 142 [5/68] (4.86ns)   --->   "%HP0_addr_resp = writeresp i1 @_ssdm_op_WriteResp.m_axi.i32P1A, i32 %HP0_addr" [Server/LZW_new.cpp:302]   --->   Operation 142 'writeresp' 'HP0_addr_resp' <Predicate = true> <Delay = 4.86> <CoreInst = "m_axi">   --->   Core 121 'm_axi' <Latency = 6> <II = 1> <Delay = 1.00> <Adapter> <Opcode : 'read' 'write' 'readreq' 'writereq' 'writeresp'>

State 68 <SV = 67> <Delay = 4.86>
ST_68 : Operation 143 [4/68] (4.86ns)   --->   "%HP0_addr_resp = writeresp i1 @_ssdm_op_WriteResp.m_axi.i32P1A, i32 %HP0_addr" [Server/LZW_new.cpp:302]   --->   Operation 143 'writeresp' 'HP0_addr_resp' <Predicate = true> <Delay = 4.86> <CoreInst = "m_axi">   --->   Core 121 'm_axi' <Latency = 6> <II = 1> <Delay = 1.00> <Adapter> <Opcode : 'read' 'write' 'readreq' 'writereq' 'writeresp'>

State 69 <SV = 68> <Delay = 4.86>
ST_69 : Operation 144 [3/68] (4.86ns)   --->   "%HP0_addr_resp = writeresp i1 @_ssdm_op_WriteResp.m_axi.i32P1A, i32 %HP0_addr" [Server/LZW_new.cpp:302]   --->   Operation 144 'writeresp' 'HP0_addr_resp' <Predicate = true> <Delay = 4.86> <CoreInst = "m_axi">   --->   Core 121 'm_axi' <Latency = 6> <II = 1> <Delay = 1.00> <Adapter> <Opcode : 'read' 'write' 'readreq' 'writereq' 'writeresp'>

State 70 <SV = 69> <Delay = 4.86>
ST_70 : Operation 145 [2/68] (4.86ns)   --->   "%HP0_addr_resp = writeresp i1 @_ssdm_op_WriteResp.m_axi.i32P1A, i32 %HP0_addr" [Server/LZW_new.cpp:302]   --->   Operation 145 'writeresp' 'HP0_addr_resp' <Predicate = true> <Delay = 4.86> <CoreInst = "m_axi">   --->   Core 121 'm_axi' <Latency = 6> <II = 1> <Delay = 1.00> <Adapter> <Opcode : 'read' 'write' 'readreq' 'writereq' 'writeresp'>

State 71 <SV = 70> <Delay = 4.86>
ST_71 : Operation 146 [1/1] (0.00ns)   --->   "%specinterface_ln0 = specinterface void @_ssdm_op_SpecInterface, i32 %HP0, void @empty_13, i32 0, i32 0, void @empty_15, i32 64, i32 0, void @empty_10, void @empty_14, void @empty_15, i32 16, i32 16, i32 16, i32 16, void @empty_15, void @empty_15"   --->   Operation 146 'specinterface' 'specinterface_ln0' <Predicate = true> <Delay = 0.00>
ST_71 : Operation 147 [1/1] (0.00ns)   --->   "%specinterface_ln0 = specinterface void @_ssdm_op_SpecInterface, i64 %lzw_size, void @ap_fifo_str, i32 0, i32 0, void @p_str, i32 0, i32 0, void @p_str, void @p_str, void @p_str, i32 2, i32 2, i32 16, i32 16, void @p_str, void @ScalarProp_str"   --->   Operation 147 'specinterface' 'specinterface_ln0' <Predicate = true> <Delay = 0.00>
ST_71 : Operation 148 [1/1] (0.00ns)   --->   "%specinterface_ln0 = specinterface void @_ssdm_op_SpecInterface, i32 %compress_size_0, void @ap_fifo_str, i32 0, i32 0, void @p_str, i32 0, i32 0, void @p_str, void @p_str, void @p_str, i32 2, i32 2, i32 16, i32 16, void @p_str, void @ScalarProp_str"   --->   Operation 148 'specinterface' 'specinterface_ln0' <Predicate = true> <Delay = 0.00>
ST_71 : Operation 149 [1/1] (0.00ns)   --->   "%specinterface_ln0 = specinterface void @_ssdm_op_SpecInterface, i32 %HP0, void @empty_13, i32 0, i32 0, void @empty_15, i32 64, i32 0, void @empty_10, void @empty_14, void @empty_15, i32 16, i32 16, i32 16, i32 16, void @empty_15, void @empty_15"   --->   Operation 149 'specinterface' 'specinterface_ln0' <Predicate = true> <Delay = 0.00>
ST_71 : Operation 150 [1/68] (4.86ns)   --->   "%HP0_addr_resp = writeresp i1 @_ssdm_op_WriteResp.m_axi.i32P1A, i32 %HP0_addr" [Server/LZW_new.cpp:302]   --->   Operation 150 'writeresp' 'HP0_addr_resp' <Predicate = true> <Delay = 4.86> <CoreInst = "m_axi">   --->   Core 121 'm_axi' <Latency = 6> <II = 1> <Delay = 1.00> <Adapter> <Opcode : 'read' 'write' 'readreq' 'writereq' 'writeresp'>
ST_71 : Operation 151 [1/1] (0.00ns)   --->   "%ret_ln0 = ret"   --->   Operation 151 'ret' 'ret_ln0' <Predicate = true> <Delay = 0.00>


============================================================
+ Verbose Summary: Timing violations
============================================================
Target clock period: 6.67ns, clock uncertainty: 1.8ns.

 <State 1>: 2.17ns
The critical path consists of the following:
	fifo read on port 'lzw_size' (Server/LZW_new.cpp:302) [7]  (2.17 ns)

 <State 2>: 4.87ns
The critical path consists of the following:
	bus request on port 'HP0' (Server/LZW_new.cpp:302) [13]  (4.87 ns)

 <State 3>: 4.87ns
The critical path consists of the following:
	bus write on port 'HP0' (Server/LZW_new.cpp:302) [14]  (4.87 ns)

 <State 4>: 4.87ns
The critical path consists of the following:
	bus response on port 'HP0' (Server/LZW_new.cpp:302) [15]  (4.87 ns)

 <State 5>: 4.87ns
The critical path consists of the following:
	bus response on port 'HP0' (Server/LZW_new.cpp:302) [15]  (4.87 ns)

 <State 6>: 4.87ns
The critical path consists of the following:
	bus response on port 'HP0' (Server/LZW_new.cpp:302) [15]  (4.87 ns)

 <State 7>: 4.87ns
The critical path consists of the following:
	bus response on port 'HP0' (Server/LZW_new.cpp:302) [15]  (4.87 ns)

 <State 8>: 4.87ns
The critical path consists of the following:
	bus response on port 'HP0' (Server/LZW_new.cpp:302) [15]  (4.87 ns)

 <State 9>: 4.87ns
The critical path consists of the following:
	bus response on port 'HP0' (Server/LZW_new.cpp:302) [15]  (4.87 ns)

 <State 10>: 4.87ns
The critical path consists of the following:
	bus response on port 'HP0' (Server/LZW_new.cpp:302) [15]  (4.87 ns)

 <State 11>: 4.87ns
The critical path consists of the following:
	bus response on port 'HP0' (Server/LZW_new.cpp:302) [15]  (4.87 ns)

 <State 12>: 4.87ns
The critical path consists of the following:
	bus response on port 'HP0' (Server/LZW_new.cpp:302) [15]  (4.87 ns)

 <State 13>: 4.87ns
The critical path consists of the following:
	bus response on port 'HP0' (Server/LZW_new.cpp:302) [15]  (4.87 ns)

 <State 14>: 4.87ns
The critical path consists of the following:
	bus response on port 'HP0' (Server/LZW_new.cpp:302) [15]  (4.87 ns)

 <State 15>: 4.87ns
The critical path consists of the following:
	bus response on port 'HP0' (Server/LZW_new.cpp:302) [15]  (4.87 ns)

 <State 16>: 4.87ns
The critical path consists of the following:
	bus response on port 'HP0' (Server/LZW_new.cpp:302) [15]  (4.87 ns)

 <State 17>: 4.87ns
The critical path consists of the following:
	bus response on port 'HP0' (Server/LZW_new.cpp:302) [15]  (4.87 ns)

 <State 18>: 4.87ns
The critical path consists of the following:
	bus response on port 'HP0' (Server/LZW_new.cpp:302) [15]  (4.87 ns)

 <State 19>: 4.87ns
The critical path consists of the following:
	bus response on port 'HP0' (Server/LZW_new.cpp:302) [15]  (4.87 ns)

 <State 20>: 4.87ns
The critical path consists of the following:
	bus response on port 'HP0' (Server/LZW_new.cpp:302) [15]  (4.87 ns)

 <State 21>: 4.87ns
The critical path consists of the following:
	bus response on port 'HP0' (Server/LZW_new.cpp:302) [15]  (4.87 ns)

 <State 22>: 4.87ns
The critical path consists of the following:
	bus response on port 'HP0' (Server/LZW_new.cpp:302) [15]  (4.87 ns)

 <State 23>: 4.87ns
The critical path consists of the following:
	bus response on port 'HP0' (Server/LZW_new.cpp:302) [15]  (4.87 ns)

 <State 24>: 4.87ns
The critical path consists of the following:
	bus response on port 'HP0' (Server/LZW_new.cpp:302) [15]  (4.87 ns)

 <State 25>: 4.87ns
The critical path consists of the following:
	bus response on port 'HP0' (Server/LZW_new.cpp:302) [15]  (4.87 ns)

 <State 26>: 4.87ns
The critical path consists of the following:
	bus response on port 'HP0' (Server/LZW_new.cpp:302) [15]  (4.87 ns)

 <State 27>: 4.87ns
The critical path consists of the following:
	bus response on port 'HP0' (Server/LZW_new.cpp:302) [15]  (4.87 ns)

 <State 28>: 4.87ns
The critical path consists of the following:
	bus response on port 'HP0' (Server/LZW_new.cpp:302) [15]  (4.87 ns)

 <State 29>: 4.87ns
The critical path consists of the following:
	bus response on port 'HP0' (Server/LZW_new.cpp:302) [15]  (4.87 ns)

 <State 30>: 4.87ns
The critical path consists of the following:
	bus response on port 'HP0' (Server/LZW_new.cpp:302) [15]  (4.87 ns)

 <State 31>: 4.87ns
The critical path consists of the following:
	bus response on port 'HP0' (Server/LZW_new.cpp:302) [15]  (4.87 ns)

 <State 32>: 4.87ns
The critical path consists of the following:
	bus response on port 'HP0' (Server/LZW_new.cpp:302) [15]  (4.87 ns)

 <State 33>: 4.87ns
The critical path consists of the following:
	bus response on port 'HP0' (Server/LZW_new.cpp:302) [15]  (4.87 ns)

 <State 34>: 4.87ns
The critical path consists of the following:
	bus response on port 'HP0' (Server/LZW_new.cpp:302) [15]  (4.87 ns)

 <State 35>: 4.87ns
The critical path consists of the following:
	bus response on port 'HP0' (Server/LZW_new.cpp:302) [15]  (4.87 ns)

 <State 36>: 4.87ns
The critical path consists of the following:
	bus response on port 'HP0' (Server/LZW_new.cpp:302) [15]  (4.87 ns)

 <State 37>: 4.87ns
The critical path consists of the following:
	bus response on port 'HP0' (Server/LZW_new.cpp:302) [15]  (4.87 ns)

 <State 38>: 4.87ns
The critical path consists of the following:
	bus response on port 'HP0' (Server/LZW_new.cpp:302) [15]  (4.87 ns)

 <State 39>: 4.87ns
The critical path consists of the following:
	bus response on port 'HP0' (Server/LZW_new.cpp:302) [15]  (4.87 ns)

 <State 40>: 4.87ns
The critical path consists of the following:
	bus response on port 'HP0' (Server/LZW_new.cpp:302) [15]  (4.87 ns)

 <State 41>: 4.87ns
The critical path consists of the following:
	bus response on port 'HP0' (Server/LZW_new.cpp:302) [15]  (4.87 ns)

 <State 42>: 4.87ns
The critical path consists of the following:
	bus response on port 'HP0' (Server/LZW_new.cpp:302) [15]  (4.87 ns)

 <State 43>: 4.87ns
The critical path consists of the following:
	bus response on port 'HP0' (Server/LZW_new.cpp:302) [15]  (4.87 ns)

 <State 44>: 4.87ns
The critical path consists of the following:
	bus response on port 'HP0' (Server/LZW_new.cpp:302) [15]  (4.87 ns)

 <State 45>: 4.87ns
The critical path consists of the following:
	bus response on port 'HP0' (Server/LZW_new.cpp:302) [15]  (4.87 ns)

 <State 46>: 4.87ns
The critical path consists of the following:
	bus response on port 'HP0' (Server/LZW_new.cpp:302) [15]  (4.87 ns)

 <State 47>: 4.87ns
The critical path consists of the following:
	bus response on port 'HP0' (Server/LZW_new.cpp:302) [15]  (4.87 ns)

 <State 48>: 4.87ns
The critical path consists of the following:
	bus response on port 'HP0' (Server/LZW_new.cpp:302) [15]  (4.87 ns)

 <State 49>: 4.87ns
The critical path consists of the following:
	bus response on port 'HP0' (Server/LZW_new.cpp:302) [15]  (4.87 ns)

 <State 50>: 4.87ns
The critical path consists of the following:
	bus response on port 'HP0' (Server/LZW_new.cpp:302) [15]  (4.87 ns)

 <State 51>: 4.87ns
The critical path consists of the following:
	bus response on port 'HP0' (Server/LZW_new.cpp:302) [15]  (4.87 ns)

 <State 52>: 4.87ns
The critical path consists of the following:
	bus response on port 'HP0' (Server/LZW_new.cpp:302) [15]  (4.87 ns)

 <State 53>: 4.87ns
The critical path consists of the following:
	bus response on port 'HP0' (Server/LZW_new.cpp:302) [15]  (4.87 ns)

 <State 54>: 4.87ns
The critical path consists of the following:
	bus response on port 'HP0' (Server/LZW_new.cpp:302) [15]  (4.87 ns)

 <State 55>: 4.87ns
The critical path consists of the following:
	bus response on port 'HP0' (Server/LZW_new.cpp:302) [15]  (4.87 ns)

 <State 56>: 4.87ns
The critical path consists of the following:
	bus response on port 'HP0' (Server/LZW_new.cpp:302) [15]  (4.87 ns)

 <State 57>: 4.87ns
The critical path consists of the following:
	bus response on port 'HP0' (Server/LZW_new.cpp:302) [15]  (4.87 ns)

 <State 58>: 4.87ns
The critical path consists of the following:
	bus response on port 'HP0' (Server/LZW_new.cpp:302) [15]  (4.87 ns)

 <State 59>: 4.87ns
The critical path consists of the following:
	bus response on port 'HP0' (Server/LZW_new.cpp:302) [15]  (4.87 ns)

 <State 60>: 4.87ns
The critical path consists of the following:
	bus response on port 'HP0' (Server/LZW_new.cpp:302) [15]  (4.87 ns)

 <State 61>: 4.87ns
The critical path consists of the following:
	bus response on port 'HP0' (Server/LZW_new.cpp:302) [15]  (4.87 ns)

 <State 62>: 4.87ns
The critical path consists of the following:
	bus response on port 'HP0' (Server/LZW_new.cpp:302) [15]  (4.87 ns)

 <State 63>: 4.87ns
The critical path consists of the following:
	bus response on port 'HP0' (Server/LZW_new.cpp:302) [15]  (4.87 ns)

 <State 64>: 4.87ns
The critical path consists of the following:
	bus response on port 'HP0' (Server/LZW_new.cpp:302) [15]  (4.87 ns)

 <State 65>: 4.87ns
The critical path consists of the following:
	bus response on port 'HP0' (Server/LZW_new.cpp:302) [15]  (4.87 ns)

 <State 66>: 4.87ns
The critical path consists of the following:
	bus response on port 'HP0' (Server/LZW_new.cpp:302) [15]  (4.87 ns)

 <State 67>: 4.87ns
The critical path consists of the following:
	bus response on port 'HP0' (Server/LZW_new.cpp:302) [15]  (4.87 ns)

 <State 68>: 4.87ns
The critical path consists of the following:
	bus response on port 'HP0' (Server/LZW_new.cpp:302) [15]  (4.87 ns)

 <State 69>: 4.87ns
The critical path consists of the following:
	bus response on port 'HP0' (Server/LZW_new.cpp:302) [15]  (4.87 ns)

 <State 70>: 4.87ns
The critical path consists of the following:
	bus response on port 'HP0' (Server/LZW_new.cpp:302) [15]  (4.87 ns)

 <State 71>: 4.87ns
The critical path consists of the following:
	bus response on port 'HP0' (Server/LZW_new.cpp:302) [15]  (4.87 ns)


============================================================
+ Verbose Summary: Binding
============================================================
N/A
* FSMD analyzer results:
  - Output states:
 - Input state : 
  - Chain level:
	State 1
	State 2
	State 3
	State 4
	State 5
	State 6
	State 7
	State 8
	State 9
	State 10
	State 11
	State 12
	State 13
	State 14
	State 15
	State 16
	State 17
	State 18
	State 19
	State 20
	State 21
	State 22
	State 23
	State 24
	State 25
	State 26
	State 27
	State 28
	State 29
	State 30
	State 31
	State 32
	State 33
	State 34
	State 35
	State 36
	State 37
	State 38
	State 39
	State 40
	State 41
	State 42
	State 43
	State 44
	State 45
	State 46
	State 47
	State 48
	State 49
	State 50
	State 51
	State 52
	State 53
	State 54
	State 55
	State 56
	State 57
	State 58
	State 59
	State 60
	State 61
	State 62
	State 63
	State 64
	State 65
	State 66
	State 67
	State 68
	State 69
	State 70
	State 71


============================================================
+ Verbose Summary: Datapath Resource usage 
============================================================
N/A
