

================================================================
== Vitis HLS Report for 'assoc_lookup'
================================================================
* Date:           Sun Dec 10 19:29:19 2023

* Version:        2020.2 (Build 3064766 on Wed Nov 18 09:12:47 MST 2020)
* Project:        final_project
* Solution:       solution1 (Vitis Kernel Flow Target)
* Product family: zynquplus
* Target device:  xczu3eg-sbva484-1-i


================================================================
== Performance Estimates
================================================================
+ Timing: 
    * Summary: 
    +--------+---------+----------+------------+
    |  Clock |  Target | Estimated| Uncertainty|
    +--------+---------+----------+------------+
    |ap_clk  |  6.67 ns|  3.516 ns|     1.80 ns|
    +--------+---------+----------+------------+

+ Latency: 
    * Summary: 
    +---------+---------+-----------+-----------+-----+-----+---------+
    |  Latency (cycles) |   Latency (absolute)  |  Interval | Pipeline|
    |   min   |   max   |    min    |    max    | min | max |   Type  |
    +---------+---------+-----------+-----------+-----+-----+---------+
    |        2|        2|  13.334 ns|  13.334 ns|    1|    1|      yes|
    +---------+---------+-----------+-----------+-----+-----+---------+

    + Detail: 
        * Instance: 
        N/A

        * Loop: 
        N/A



================================================================
== Utilization Estimates
================================================================
* Summary: 
+-----------------+---------+-----+--------+-------+-----+
|       Name      | BRAM_18K| DSP |   FF   |  LUT  | URAM|
+-----------------+---------+-----+--------+-------+-----+
|DSP              |        -|    -|       -|      -|    -|
|Expression       |        -|    -|       0|   1064|    -|
|FIFO             |        -|    -|       -|      -|    -|
|Instance         |        -|    -|       -|      -|    -|
|Memory           |        -|    -|       -|      -|    -|
|Multiplexer      |        -|    -|       -|    188|    -|
|Register         |        -|    -|      61|      -|    -|
+-----------------+---------+-----+--------+-------+-----+
|Total            |        0|    0|      61|   1252|    0|
+-----------------+---------+-----+--------+-------+-----+
|Available        |      432|  360|  141120|  70560|    0|
+-----------------+---------+-----+--------+-------+-----+
|Utilization (%)  |        0|    0|      ~0|      1|    0|
+-----------------+---------+-----+--------+-------+-----+

+ Detail: 
    * Instance: 
    N/A

    * DSP: 
    N/A

    * Memory: 
    N/A

    * FIFO: 
    N/A

    * Expression: 
    +-------------------------+----------+----+---+----+------------+------------+
    |      Variable Name      | Operation| DSP| FF| LUT| Bitwidth P0| Bitwidth P1|
    +-------------------------+----------+----+---+----+------------+------------+
    |and_ln145_10_fu_880_p2   |       and|   0|  0|  27|          27|          27|
    |and_ln145_11_fu_886_p2   |       and|   0|  0|  27|          27|          27|
    |and_ln145_12_fu_892_p2   |       and|   0|  0|  26|          26|          26|
    |and_ln145_13_fu_898_p2   |       and|   0|  0|  26|          26|          26|
    |and_ln145_14_fu_904_p2   |       and|   0|  0|  25|          25|          25|
    |and_ln145_15_fu_910_p2   |       and|   0|  0|  25|          25|          25|
    |and_ln145_16_fu_916_p2   |       and|   0|  0|  24|          24|          24|
    |and_ln145_17_fu_922_p2   |       and|   0|  0|  24|          24|          24|
    |and_ln145_18_fu_928_p2   |       and|   0|  0|  23|          23|          23|
    |and_ln145_19_fu_934_p2   |       and|   0|  0|  23|          23|          23|
    |and_ln145_20_fu_940_p2   |       and|   0|  0|  22|          22|          22|
    |and_ln145_21_fu_946_p2   |       and|   0|  0|  22|          22|          22|
    |and_ln145_22_fu_952_p2   |       and|   0|  0|  21|          21|          21|
    |and_ln145_23_fu_958_p2   |       and|   0|  0|  21|          21|          21|
    |and_ln145_24_fu_964_p2   |       and|   0|  0|  20|          20|          20|
    |and_ln145_25_fu_970_p2   |       and|   0|  0|  20|          20|          20|
    |and_ln145_26_fu_976_p2   |       and|   0|  0|  19|          19|          19|
    |and_ln145_27_fu_982_p2   |       and|   0|  0|  19|          19|          19|
    |and_ln145_28_fu_988_p2   |       and|   0|  0|  18|          18|          18|
    |and_ln145_29_fu_994_p2   |       and|   0|  0|  18|          18|          18|
    |and_ln145_2_fu_832_p2    |       and|   0|  0|  31|          31|          31|
    |and_ln145_30_fu_1000_p2  |       and|   0|  0|  17|          17|          17|
    |and_ln145_31_fu_1006_p2  |       and|   0|  0|  17|          17|          17|
    |and_ln145_32_fu_1012_p2  |       and|   0|  0|  16|          16|          16|
    |and_ln145_33_fu_1018_p2  |       and|   0|  0|  16|          16|          16|
    |and_ln145_34_fu_1024_p2  |       and|   0|  0|  15|          15|          15|
    |and_ln145_35_fu_1030_p2  |       and|   0|  0|  15|          15|          15|
    |and_ln145_36_fu_1036_p2  |       and|   0|  0|  14|          14|          14|
    |and_ln145_37_fu_1042_p2  |       and|   0|  0|  14|          14|          14|
    |and_ln145_38_fu_1048_p2  |       and|   0|  0|  13|          13|          13|
    |and_ln145_39_fu_1054_p2  |       and|   0|  0|  13|          13|          13|
    |and_ln145_3_fu_838_p2    |       and|   0|  0|  31|          31|          31|
    |and_ln145_40_fu_1060_p2  |       and|   0|  0|  12|          12|          12|
    |and_ln145_41_fu_1066_p2  |       and|   0|  0|  12|          12|          12|
    |and_ln145_42_fu_1072_p2  |       and|   0|  0|  11|          11|          11|
    |and_ln145_43_fu_1078_p2  |       and|   0|  0|  11|          11|          11|
    |and_ln145_44_fu_1084_p2  |       and|   0|  0|  10|          10|          10|
    |and_ln145_45_fu_1090_p2  |       and|   0|  0|  10|          10|          10|
    |and_ln145_46_fu_1096_p2  |       and|   0|  0|   9|           9|           9|
    |and_ln145_47_fu_1102_p2  |       and|   0|  0|   9|           9|           9|
    |and_ln145_48_fu_1108_p2  |       and|   0|  0|   8|           8|           8|
    |and_ln145_49_fu_1114_p2  |       and|   0|  0|   8|           8|           8|
    |and_ln145_4_fu_844_p2    |       and|   0|  0|  30|          30|          30|
    |and_ln145_50_fu_1120_p2  |       and|   0|  0|   7|           7|           7|
    |and_ln145_51_fu_1126_p2  |       and|   0|  0|   7|           7|           7|
    |and_ln145_52_fu_1132_p2  |       and|   0|  0|   6|           6|           6|
    |and_ln145_53_fu_1138_p2  |       and|   0|  0|   6|           6|           6|
    |and_ln145_54_fu_1144_p2  |       and|   0|  0|   5|           5|           5|
    |and_ln145_55_fu_1150_p2  |       and|   0|  0|   5|           5|           5|
    |and_ln145_56_fu_1156_p2  |       and|   0|  0|   4|           4|           4|
    |and_ln145_57_fu_1162_p2  |       and|   0|  0|   4|           4|           4|
    |and_ln145_58_fu_1168_p2  |       and|   0|  0|   3|           3|           3|
    |and_ln145_59_fu_1174_p2  |       and|   0|  0|   3|           3|           3|
    |and_ln145_5_fu_850_p2    |       and|   0|  0|  30|          30|          30|
    |and_ln145_60_fu_1180_p2  |       and|   0|  0|   2|           2|           2|
    |and_ln145_61_fu_1186_p2  |       and|   0|  0|   2|           2|           2|
    |and_ln145_62_fu_1192_p2  |       and|   0|  0|   2|           1|           1|
    |and_ln145_63_fu_1198_p2  |       and|   0|  0|   2|           1|           1|
    |and_ln145_6_fu_856_p2    |       and|   0|  0|  29|          29|          29|
    |and_ln145_7_fu_862_p2    |       and|   0|  0|  29|          29|          29|
    |and_ln145_8_fu_868_p2    |       and|   0|  0|  28|          28|          28|
    |and_ln145_9_fu_874_p2    |       and|   0|  0|  28|          28|          28|
    |and_ln145_fu_820_p2      |       and|   0|  0|  32|          32|          32|
    |ap_condition_327         |       and|   0|  0|   2|           1|           1|
    |ap_condition_495         |       and|   0|  0|   2|           1|           1|
    |match_fu_826_p2          |       and|   0|  0|  32|          32|          32|
    |ap_enable_pp0            |       xor|   0|  0|   2|           1|           2|
    +-------------------------+----------+----+---+----+------------+------------+
    |Total                    |          |   0|  0|1064|        1059|        1060|
    +-------------------------+----------+----+---+----+------------+------------+

    * Multiplexer: 
    +-----------------------------------------+-----+-----------+-----+-----------+
    |                   Name                  | LUT | Input Size| Bits| Total Bits|
    +-----------------------------------------+-----+-----------+-----+-----------+
    |ap_phi_mux_address_02_ph_phi_fu_275_p64  |  152|         33|    5|        165|
    |ap_phi_mux_hit_0_phi_fu_389_p4           |    9|          2|    1|          2|
    |ap_phi_mux_phi_ln170_phi_fu_377_p4       |    9|          2|   12|         24|
    |ap_phi_reg_pp0_iter2_hit_0_reg_385       |    9|          2|    1|          2|
    |ap_phi_reg_pp0_iter2_phi_ln170_reg_373   |    9|          2|   12|         24|
    +-----------------------------------------+-----+-----------+-----+-----------+
    |Total                                    |  188|         41|   31|        217|
    +-----------------------------------------+-----+-----------+-----+-----------+

    * Register: 
    +----------------------------------------+----+----+-----+-----------+
    |                  Name                  | FF | LUT| Bits| Const Bits|
    +----------------------------------------+----+----+-----+-----------+
    |and_ln145_63_reg_1488                   |   1|   0|    1|          0|
    |ap_CS_fsm                               |   1|   0|    1|          0|
    |ap_enable_reg_pp0_iter1                 |   1|   0|    1|          0|
    |ap_enable_reg_pp0_iter2                 |   1|   0|    1|          0|
    |ap_phi_reg_pp0_iter1_hit_0_reg_385      |   1|   0|    1|          0|
    |ap_phi_reg_pp0_iter1_phi_ln170_reg_373  |  12|   0|   12|          0|
    |ap_phi_reg_pp0_iter2_hit_0_reg_385      |   1|   0|    1|          0|
    |ap_phi_reg_pp0_iter2_phi_ln170_reg_373  |  12|   0|   12|          0|
    |tmp_28_reg_1496                         |   1|   0|    1|          0|
    |tmp_29_reg_1500                         |   1|   0|    1|          0|
    |tmp_30_reg_1504                         |   1|   0|    1|          0|
    |tmp_31_reg_1508                         |   1|   0|    1|          0|
    |tmp_32_reg_1512                         |   1|   0|    1|          0|
    |tmp_33_reg_1516                         |   1|   0|    1|          0|
    |tmp_34_reg_1520                         |   1|   0|    1|          0|
    |tmp_35_reg_1524                         |   1|   0|    1|          0|
    |tmp_36_reg_1528                         |   1|   0|    1|          0|
    |tmp_37_reg_1532                         |   1|   0|    1|          0|
    |tmp_38_reg_1536                         |   1|   0|    1|          0|
    |tmp_39_reg_1540                         |   1|   0|    1|          0|
    |tmp_40_reg_1544                         |   1|   0|    1|          0|
    |tmp_41_reg_1548                         |   1|   0|    1|          0|
    |tmp_42_reg_1552                         |   1|   0|    1|          0|
    |tmp_43_reg_1556                         |   1|   0|    1|          0|
    |tmp_44_reg_1560                         |   1|   0|    1|          0|
    |tmp_45_reg_1564                         |   1|   0|    1|          0|
    |tmp_46_reg_1568                         |   1|   0|    1|          0|
    |tmp_47_reg_1572                         |   1|   0|    1|          0|
    |tmp_48_reg_1576                         |   1|   0|    1|          0|
    |tmp_49_reg_1580                         |   1|   0|    1|          0|
    |tmp_50_reg_1584                         |   1|   0|    1|          0|
    |tmp_51_reg_1588                         |   1|   0|    1|          0|
    |tmp_52_reg_1592                         |   1|   0|    1|          0|
    |tmp_53_reg_1596                         |   1|   0|    1|          0|
    |tmp_54_reg_1600                         |   1|   0|    1|          0|
    |tmp_55_reg_1604                         |   1|   0|    1|          0|
    |tmp_56_reg_1608                         |   1|   0|    1|          0|
    |tmp_57_reg_1612                         |   1|   0|    1|          0|
    |tmp_reg_1492                            |   1|   0|    1|          0|
    +----------------------------------------+----+----+-----+-----------+
    |Total                                   |  61|   0|   61|          0|
    +----------------------------------------+----+----+-----+-----------+



================================================================
== Interface
================================================================
* Summary: 
+-----------------------------+-----+-----+------------+--------------------+--------------+
|          RTL Ports          | Dir | Bits|  Protocol  |    Source Object   |    C Type    |
+-----------------------------+-----+-----+------------+--------------------+--------------+
|ap_clk                       |   in|    1|  ap_ctrl_hs|        assoc_lookup|  return value|
|ap_rst                       |   in|    1|  ap_ctrl_hs|        assoc_lookup|  return value|
|ap_start                     |   in|    1|  ap_ctrl_hs|        assoc_lookup|  return value|
|ap_done                      |  out|    1|  ap_ctrl_hs|        assoc_lookup|  return value|
|ap_idle                      |  out|    1|  ap_ctrl_hs|        assoc_lookup|  return value|
|ap_ready                     |  out|    1|  ap_ctrl_hs|        assoc_lookup|  return value|
|ap_ce                        |   in|    1|  ap_ctrl_hs|        assoc_lookup|  return value|
|ap_return_0                  |  out|    1|  ap_ctrl_hs|        assoc_lookup|  return value|
|ap_return_1                  |  out|   32|  ap_ctrl_hs|        assoc_lookup|  return value|
|mem_upper_key_mem_address0   |  out|    9|   ap_memory|   mem_upper_key_mem|         array|
|mem_upper_key_mem_ce0        |  out|    1|   ap_memory|   mem_upper_key_mem|         array|
|mem_upper_key_mem_q0         |   in|   64|   ap_memory|   mem_upper_key_mem|         array|
|mem_middle_key_mem_address0  |  out|    9|   ap_memory|  mem_middle_key_mem|         array|
|mem_middle_key_mem_ce0       |  out|    1|   ap_memory|  mem_middle_key_mem|         array|
|mem_middle_key_mem_q0        |   in|   64|   ap_memory|  mem_middle_key_mem|         array|
|mem_lower_key_mem_address0   |  out|    9|   ap_memory|   mem_lower_key_mem|         array|
|mem_lower_key_mem_ce0        |  out|    1|   ap_memory|   mem_lower_key_mem|         array|
|mem_lower_key_mem_q0         |   in|   64|   ap_memory|   mem_lower_key_mem|         array|
|mem_value_address0           |  out|    6|   ap_memory|           mem_value|         array|
|mem_value_ce0                |  out|    1|   ap_memory|           mem_value|         array|
|mem_value_q0                 |   in|   12|   ap_memory|           mem_value|         array|
|key                          |   in|   20|     ap_none|                 key|        scalar|
+-----------------------------+-----+-----+------------+--------------------+--------------+

