

================================================================
== Vitis HLS Report for 'computing'
================================================================
* Date:           Sun Dec 10 19:29:20 2023

* Version:        2020.2 (Build 3064766 on Wed Nov 18 09:12:47 MST 2020)
* Project:        final_project
* Solution:       solution1 (Vitis Kernel Flow Target)
* Product family: zynquplus
* Target device:  xczu3eg-sbva484-1-i


================================================================
== Performance Estimates
================================================================
+ Timing: 
    * Summary: 
    +--------+---------+----------+------------+
    |  Clock |  Target | Estimated| Uncertainty|
    +--------+---------+----------+------------+
    |ap_clk  |  6.67 ns|  4.812 ns|     1.80 ns|
    +--------+---------+----------+------------+

+ Latency: 
    * Summary: 
    +---------+---------+----------+----------+-----+-----+---------+
    |  Latency (cycles) |  Latency (absolute) |  Interval | Pipeline|
    |   min   |   max   |    min   |    max   | min | max |   Type  |
    +---------+---------+----------+----------+-----+-----+---------+
    |        ?|        ?|         ?|         ?|    ?|    ?|     none|
    +---------+---------+----------+----------+-----+-----+---------+

    + Detail: 
        * Instance: 
        +-------------------------+--------------+---------+---------+-----------+-----------+-----+-----+---------+
        |                         |              |  Latency (cycles) |   Latency (absolute)  |  Interval | Pipeline|
        |         Instance        |    Module    |   min   |   max   |    min    |    max    | min | max |   Type  |
        +-------------------------+--------------+---------+---------+-----------+-----------+-----+-----+---------+
        |grp_assoc_lookup_fu_523  |assoc_lookup  |        2|        2|  13.334 ns|  13.334 ns|    1|    1|      yes|
        +-------------------------+--------------+---------+---------+-----------+-----------+-----+-----+---------+

        * Loop: 
        +---------------------+---------+---------+----------+-----------+-----------+-----------+----------+
        |                     |  Latency (cycles) | Iteration|  Initiation Interval  |    Trip   |          |
        |      Loop Name      |   min   |   max   |  Latency |  achieved |   target  |   Count   | Pipelined|
        +---------------------+---------+---------+----------+-----------+-----------+-----------+----------+
        |- VITIS_LOOP_215_1   |        ?|        ?|         ?|          -|          -|      1 ~ 4|        no|
        | + VITIS_LOOP_224_2  |        0|    25755|         2|          1|          1|  0 ~ 25755|       yes|
        | + VITIS_LOOP_234_3  |    16384|    16384|         1|          1|          1|      16384|       yes|
        | + VITIS_LOOP_241_4  |      512|      512|         1|          1|          1|        512|       yes|
        | + VITIS_LOOP_253_5  |        ?|        ?|        18|         16|          1|          ?|       yes|
        +---------------------+---------+---------+----------+-----------+-----------+-----------+----------+



================================================================
== Utilization Estimates
================================================================
* Summary: 
+-----------------+---------+-----+--------+-------+-----+
|       Name      | BRAM_18K| DSP |   FF   |  LUT  | URAM|
+-----------------+---------+-----+--------+-------+-----+
|DSP              |        -|    1|       -|      -|    -|
|Expression       |        -|    -|       0|   4585|    -|
|FIFO             |        -|    -|       -|      -|    -|
|Instance         |        -|    -|      61|   1252|    -|
|Memory           |      130|    -|      24|     12|    -|
|Multiplexer      |        -|    -|       -|    694|    -|
|Register         |        -|    -|    1384|      -|    -|
+-----------------+---------+-----+--------+-------+-----+
|Total            |      130|    1|    1469|   6543|    0|
+-----------------+---------+-----+--------+-------+-----+
|Available        |      432|  360|  141120|  70560|    0|
+-----------------+---------+-----+--------+-------+-----+
|Utilization (%)  |       30|   ~0|       1|      9|    0|
+-----------------+---------+-----+--------+-------+-----+

+ Detail: 
    * Instance: 
    +-------------------------+--------------+---------+----+----+------+-----+
    |         Instance        |    Module    | BRAM_18K| DSP| FF |  LUT | URAM|
    +-------------------------+--------------+---------+----+----+------+-----+
    |grp_assoc_lookup_fu_523  |assoc_lookup  |        0|   0|  61|  1252|    0|
    +-------------------------+--------------+---------+----+----+------+-----+
    |Total                    |              |        0|   0|  61|  1252|    0|
    +-------------------------+--------------+---------+----+----+------+-----+

    * DSP: 
    +-----------------------------------+-------------------------------+--------------+
    |              Instance             |             Module            |  Expression  |
    +-----------------------------------+-------------------------------+--------------+
    |mac_muladd_8ns_8ns_8ns_15_4_1_U13  |mac_muladd_8ns_8ns_8ns_15_4_1  |  i0 * i1 + i2|
    +-----------------------------------+-------------------------------+--------------+

    * Memory: 
    +-------------------------------+--------------------------------------+---------+----+----+-----+-------+-----+------+-------------+
    |             Memory            |                Module                | BRAM_18K| FF | LUT| URAM| Words | Bits| Banks| W*Bits*Banks|
    +-------------------------------+--------------------------------------+---------+----+----+-----+-------+-----+------+-------------+
    |hash_table_0_U                 |computing_hash_table_0                |       60|   0|   0|    0|  32768|   33|     1|      1081344|
    |hash_table_1_U                 |computing_hash_table_0                |       60|   0|   0|    0|  32768|   33|     1|      1081344|
    |my_assoc_mem_upper_key_mem_U   |computing_my_assoc_mem_upper_key_mem  |        2|   0|   0|    0|    512|   64|     1|        32768|
    |my_assoc_mem_middle_key_mem_U  |computing_my_assoc_mem_upper_key_mem  |        2|   0|   0|    0|    512|   64|     1|        32768|
    |my_assoc_mem_lower_key_mem_U   |computing_my_assoc_mem_upper_key_mem  |        2|   0|   0|    0|    512|   64|     1|        32768|
    |my_assoc_mem_value_U           |computing_my_assoc_mem_value          |        0|  24|  12|    0|     64|   12|     1|          768|
    |temp_chunk_U                   |computing_temp_chunk                  |        4|   0|   0|    0|   8192|    8|     1|        65536|
    +-------------------------------+--------------------------------------+---------+----+----+-----+-------+-----+------+-------------+
    |Total                          |                                      |      130|  24|  12|    0|  75328|  278|     7|      2327296|
    +-------------------------------+--------------------------------------+---------+----+----+-----+-------+-----+------+-------------+

    * FIFO: 
    N/A

    * Expression: 
    +-----------------------------------------+----------+----+---+-----+------------+------------+
    |              Variable Name              | Operation| DSP| FF| LUT | Bitwidth P0| Bitwidth P1|
    +-----------------------------------------+----------+----+---+-----+------------+------------+
    |add_ln20_fu_2976_p2                      |         +|   0|  0|   22|          15|          15|
    |add_ln224_fu_559_p2                      |         +|   0|  0|   22|          15|           1|
    |add_ln234_fu_583_p2                      |         +|   0|  0|   23|          16|           2|
    |add_ln241_fu_611_p2                      |         +|   0|  0|   17|          10|           1|
    |add_ln255_fu_639_p2                      |         +|   0|  0|   22|          15|           1|
    |add_ln25_10_fu_1856_p2                   |         +|   0|  0|   39|          32|          32|
    |add_ln25_11_fu_1980_p2                   |         +|   0|  0|   39|          32|          32|
    |add_ln25_12_fu_2104_p2                   |         +|   0|  0|   39|          32|          32|
    |add_ln25_13_fu_2232_p2                   |         +|   0|  0|   39|          32|          32|
    |add_ln25_14_fu_2352_p2                   |         +|   0|  0|   39|          32|          32|
    |add_ln25_15_fu_2476_p2                   |         +|   0|  0|   39|          32|          32|
    |add_ln25_16_fu_2600_p2                   |         +|   0|  0|   39|          32|          32|
    |add_ln25_17_fu_2724_p2                   |         +|   0|  0|   39|          32|          32|
    |add_ln25_18_fu_2848_p2                   |         +|   0|  0|   39|          32|          32|
    |add_ln25_19_fu_884_p2                    |         +|   0|  0|   16|          15|          15|
    |add_ln25_1_fu_794_p2                     |         +|   0|  0|   30|          23|          23|
    |add_ln25_20_fu_960_p2                    |         +|   0|  0|   16|          15|          15|
    |add_ln25_21_fu_966_p2                    |         +|   0|  0|   16|          15|          15|
    |add_ln25_22_fu_1108_p2                   |         +|   0|  0|   16|          15|          15|
    |add_ln25_23_fu_1114_p2                   |         +|   0|  0|   16|          15|          15|
    |add_ln25_24_fu_1220_p2                   |         +|   0|  0|   16|          15|          15|
    |add_ln25_25_fu_1225_p2                   |         +|   0|  0|   16|          15|          15|
    |add_ln25_26_fu_1336_p2                   |         +|   0|  0|   16|          15|          15|
    |add_ln25_27_fu_1342_p2                   |         +|   0|  0|   16|          15|          15|
    |add_ln25_28_fu_1453_p2                   |         +|   0|  0|   16|          15|          15|
    |add_ln25_29_fu_1458_p2                   |         +|   0|  0|   16|          15|          15|
    |add_ln25_2_fu_909_p2                     |         +|   0|  0|   39|          32|          32|
    |add_ln25_30_fu_1580_p2                   |         +|   0|  0|   16|          15|          15|
    |add_ln25_31_fu_1586_p2                   |         +|   0|  0|   16|          15|          15|
    |add_ln25_32_fu_1701_p2                   |         +|   0|  0|   16|          15|          15|
    |add_ln25_33_fu_1706_p2                   |         +|   0|  0|   16|          15|          15|
    |add_ln25_34_fu_1828_p2                   |         +|   0|  0|   16|          15|          15|
    |add_ln25_35_fu_1834_p2                   |         +|   0|  0|   16|          15|          15|
    |add_ln25_36_fu_1949_p2                   |         +|   0|  0|   16|          15|          15|
    |add_ln25_37_fu_1954_p2                   |         +|   0|  0|   16|          15|          15|
    |add_ln25_38_fu_2076_p2                   |         +|   0|  0|   16|          15|          15|
    |add_ln25_39_fu_2082_p2                   |         +|   0|  0|   16|          15|          15|
    |add_ln25_3_fu_1023_p2                    |         +|   0|  0|   39|          32|          32|
    |add_ln25_40_fu_2201_p2                   |         +|   0|  0|   16|          15|          15|
    |add_ln25_41_fu_2206_p2                   |         +|   0|  0|   16|          15|          15|
    |add_ln25_42_fu_2324_p2                   |         +|   0|  0|   16|          15|          15|
    |add_ln25_43_fu_2330_p2                   |         +|   0|  0|   16|          15|          15|
    |add_ln25_44_fu_2445_p2                   |         +|   0|  0|   16|          15|          15|
    |add_ln25_45_fu_2450_p2                   |         +|   0|  0|   16|          15|          15|
    |add_ln25_46_fu_2572_p2                   |         +|   0|  0|   16|          15|          15|
    |add_ln25_47_fu_2578_p2                   |         +|   0|  0|   16|          15|          15|
    |add_ln25_48_fu_2693_p2                   |         +|   0|  0|   16|          15|          15|
    |add_ln25_49_fu_2698_p2                   |         +|   0|  0|   16|          15|          15|
    |add_ln25_4_fu_1136_p2                    |         +|   0|  0|   39|          32|          32|
    |add_ln25_50_fu_2820_p2                   |         +|   0|  0|   16|          15|          15|
    |add_ln25_51_fu_2826_p2                   |         +|   0|  0|   16|          15|          15|
    |add_ln25_5_fu_1250_p2                    |         +|   0|  0|   39|          32|          32|
    |add_ln25_6_fu_1364_p2                    |         +|   0|  0|   39|          32|          32|
    |add_ln25_7_fu_1484_p2                    |         +|   0|  0|   39|          32|          32|
    |add_ln25_8_fu_1608_p2                    |         +|   0|  0|   39|          32|          32|
    |add_ln25_9_fu_1732_p2                    |         +|   0|  0|   39|          32|          32|
    |add_ln25_fu_689_p2                       |         +|   0|  0|   19|          12|          12|
    |add_ln26_10_fu_1894_p2                   |         +|   0|  0|   39|          32|          32|
    |add_ln26_11_fu_2014_p2                   |         +|   0|  0|   39|          32|          32|
    |add_ln26_12_fu_2142_p2                   |         +|   0|  0|   39|          32|          32|
    |add_ln26_13_fu_2262_p2                   |         +|   0|  0|   39|          32|          32|
    |add_ln26_14_fu_2390_p2                   |         +|   0|  0|   39|          32|          32|
    |add_ln26_15_fu_2510_p2                   |         +|   0|  0|   39|          32|          32|
    |add_ln26_16_fu_2638_p2                   |         +|   0|  0|   39|          32|          32|
    |add_ln26_17_fu_2758_p2                   |         +|   0|  0|   39|          32|          32|
    |add_ln26_18_fu_2886_p2                   |         +|   0|  0|   39|          32|          32|
    |add_ln26_1_fu_832_p2                     |         +|   0|  0|   39|          32|          32|
    |add_ln26_2_fu_977_p2                     |         +|   0|  0|   39|          32|          32|
    |add_ln26_3_fu_1055_p2                    |         +|   0|  0|   39|          32|          32|
    |add_ln26_4_fu_1174_p2                    |         +|   0|  0|   39|          32|          32|
    |add_ln26_5_fu_1283_p2                    |         +|   0|  0|   39|          32|          32|
    |add_ln26_6_fu_1406_p2                    |         +|   0|  0|   39|          32|          32|
    |add_ln26_7_fu_1518_p2                    |         +|   0|  0|   39|          32|          32|
    |add_ln26_8_fu_1646_p2                    |         +|   0|  0|   39|          32|          32|
    |add_ln26_9_fu_1766_p2                    |         +|   0|  0|   39|          32|          32|
    |add_ln26_fu_707_p2                       |         +|   0|  0|   29|          22|          22|
    |add_ln27_10_fu_1432_p2                   |         +|   0|  0|   16|          26|          26|
    |add_ln27_11_fu_1437_p2                   |         +|   0|  0|   16|          26|          26|
    |add_ln27_12_fu_1550_p2                   |         +|   0|  0|   16|          26|          26|
    |add_ln27_13_fu_1556_p2                   |         +|   0|  0|   16|          26|          26|
    |add_ln27_14_fu_1672_p2                   |         +|   0|  0|   16|          26|          26|
    |add_ln27_15_fu_1677_p2                   |         +|   0|  0|   16|          26|          26|
    |add_ln27_16_fu_1798_p2                   |         +|   0|  0|   16|          26|          26|
    |add_ln27_17_fu_1804_p2                   |         +|   0|  0|   16|          26|          26|
    |add_ln27_18_fu_1920_p2                   |         +|   0|  0|   16|          26|          26|
    |add_ln27_19_fu_1925_p2                   |         +|   0|  0|   16|          26|          26|
    |add_ln27_1_fu_869_p2                     |         +|   0|  0|   33|          26|          26|
    |add_ln27_20_fu_2046_p2                   |         +|   0|  0|   16|          26|          26|
    |add_ln27_21_fu_2052_p2                   |         +|   0|  0|   16|          26|          26|
    |add_ln27_22_fu_2168_p2                   |         +|   0|  0|   16|          26|          26|
    |add_ln27_23_fu_2173_p2                   |         +|   0|  0|   16|          26|          26|
    |add_ln27_24_fu_2294_p2                   |         +|   0|  0|   16|          26|          26|
    |add_ln27_25_fu_2300_p2                   |         +|   0|  0|   16|          26|          26|
    |add_ln27_26_fu_2416_p2                   |         +|   0|  0|   16|          26|          26|
    |add_ln27_27_fu_2421_p2                   |         +|   0|  0|   16|          26|          26|
    |add_ln27_28_fu_2542_p2                   |         +|   0|  0|   16|          26|          26|
    |add_ln27_29_fu_2548_p2                   |         +|   0|  0|   16|          26|          26|
    |add_ln27_2_fu_948_p2                     |         +|   0|  0|   16|          26|          26|
    |add_ln27_30_fu_2664_p2                   |         +|   0|  0|   16|          26|          26|
    |add_ln27_31_fu_2669_p2                   |         +|   0|  0|   16|          26|          26|
    |add_ln27_32_fu_2790_p2                   |         +|   0|  0|   16|          26|          26|
    |add_ln27_33_fu_2796_p2                   |         +|   0|  0|   16|          26|          26|
    |add_ln27_34_fu_2898_p2                   |         +|   0|  0|   16|          26|          26|
    |add_ln27_35_fu_2903_p2                   |         +|   0|  0|   16|          26|          26|
    |add_ln27_36_fu_2919_p2                   |         +|   0|  0|   16|          15|          15|
    |add_ln27_37_fu_2924_p2                   |         +|   0|  0|   16|          15|          15|
    |add_ln27_3_fu_954_p2                     |         +|   0|  0|   16|          26|          26|
    |add_ln27_4_fu_1087_p2                    |         +|   0|  0|   16|          26|          26|
    |add_ln27_5_fu_1093_p2                    |         +|   0|  0|   16|          26|          26|
    |add_ln27_6_fu_1200_p2                    |         +|   0|  0|   16|          26|          26|
    |add_ln27_7_fu_1205_p2                    |         +|   0|  0|   16|          26|          26|
    |add_ln27_8_fu_1315_p2                    |         +|   0|  0|   16|          26|          26|
    |add_ln27_9_fu_1321_p2                    |         +|   0|  0|   16|          26|          26|
    |add_ln27_fu_852_p2                       |         +|   0|  0|   16|          15|          15|
    |c_1_fu_540_p2                            |         +|   0|  0|   10|           3|           1|
    |hashed_fu_2970_p2                        |         +|   0|  0|   33|          26|          26|
    |my_assoc_mem_fill_fu_3137_p2             |         +|   0|  0|   39|          32|           1|
    |next_code_fu_3204_p2                     |         +|   0|  0|   39|          32|           1|
    |and_ln53_fu_3065_p2                      |       and|   0|  0|    2|           1|           1|
    |and_ln60_fu_3077_p2                      |       and|   0|  0|    2|           1|           1|
    |ap_block_pp0_stage0_11001                |       and|   0|  0|    2|           1|           1|
    |ap_block_pp3_stage0_01001                |       and|   0|  0|    2|           1|           1|
    |ap_block_state2                          |       and|   0|  0|    2|           1|           1|
    |ap_block_state30_pp3_stage0_iter1        |       and|   0|  0|    2|           1|           1|
    |ap_block_state7_pp0_stage0_iter1         |       and|   0|  0|    2|           1|           1|
    |ap_predicate_op547_call_state27          |       and|   0|  0|    2|           1|           1|
    |ap_predicate_op547_call_state27_state26  |       and|   0|  0|    2|           1|           1|
    |ap_predicate_op577_write_state30         |       and|   0|  0|    2|           1|           1|
    |ap_predicate_tran30to32_state29          |       and|   0|  0|    2|           1|           1|
    |ap_predicate_tran30to33_state29          |       and|   0|  0|    2|           1|           1|
    |icmp_ln119_fu_3131_p2                    |      icmp|   0|  0|   17|          26|           1|
    |icmp_ln224_1_fu_565_p2                   |      icmp|   0|  0|   12|          15|          15|
    |icmp_ln224_fu_554_p2                     |      icmp|   0|  0|   12|          15|           1|
    |icmp_ln241_fu_617_p2                     |      icmp|   0|  0|   11|          10|          11|
    |icmp_ln253_fu_634_p2                     |      icmp|   0|  0|   12|          15|          15|
    |icmp_ln255_fu_650_p2                     |      icmp|   0|  0|   12|          15|          15|
    |icmp_ln53_fu_3059_p2                     |      icmp|   0|  0|   14|          20|          20|
    |icmp_ln60_fu_3071_p2                     |      icmp|   0|  0|   14|          20|          20|
    |ap_block_state1                          |        or|   0|  0|    2|           1|           1|
    |or_ln121_fu_3213_p2                      |        or|   0|  0|   64|          64|          64|
    |or_ln122_fu_3220_p2                      |        or|   0|  0|   64|          64|          64|
    |or_ln123_fu_3227_p2                      |        or|   0|  0|   64|          64|          64|
    |or_ln234_fu_599_p2                       |        or|   0|  0|   15|          15|           1|
    |shl_ln121_fu_3158_p2                     |       shl|   0|  0|  100|           1|          32|
    |ap_enable_pp0                            |       xor|   0|  0|    2|           1|           2|
    |ap_enable_pp3                            |       xor|   0|  0|    2|           1|           2|
    |ap_enable_reg_pp0_iter1                  |       xor|   0|  0|    2|           2|           1|
    |hashed_2_fu_2992_p2                      |       xor|   0|  0|   15|          15|          15|
    |xor_ln25_10_fu_2098_p2                   |       xor|   0|  0|   26|          26|          26|
    |xor_ln25_11_fu_2222_p2                   |       xor|   0|  0|   26|          26|          26|
    |xor_ln25_12_fu_2346_p2                   |       xor|   0|  0|   26|          26|          26|
    |xor_ln25_13_fu_2466_p2                   |       xor|   0|  0|   26|          26|          26|
    |xor_ln25_14_fu_2594_p2                   |       xor|   0|  0|   26|          26|          26|
    |xor_ln25_15_fu_2714_p2                   |       xor|   0|  0|   26|          26|          26|
    |xor_ln25_16_fu_2842_p2                   |       xor|   0|  0|   26|          26|          26|
    |xor_ln25_1_fu_1015_p2                    |       xor|   0|  0|   26|          26|          26|
    |xor_ln25_2_fu_1130_p2                    |       xor|   0|  0|   26|          26|          26|
    |xor_ln25_3_fu_1241_p2                    |       xor|   0|  0|   26|          26|          26|
    |xor_ln25_4_fu_1358_p2                    |       xor|   0|  0|   26|          26|          26|
    |xor_ln25_5_fu_1474_p2                    |       xor|   0|  0|   26|          26|          26|
    |xor_ln25_6_fu_1602_p2                    |       xor|   0|  0|   26|          26|          26|
    |xor_ln25_7_fu_1722_p2                    |       xor|   0|  0|   26|          26|          26|
    |xor_ln25_8_fu_1850_p2                    |       xor|   0|  0|   26|          26|          26|
    |xor_ln25_9_fu_1970_p2                    |       xor|   0|  0|   26|          26|          26|
    |xor_ln25_fu_900_p2                       |       xor|   0|  0|   26|          26|          26|
    |xor_ln26_10_fu_2110_p2                   |       xor|   0|  0|   15|          15|          15|
    |xor_ln26_11_fu_2244_p2                   |       xor|   0|  0|   15|          15|          15|
    |xor_ln26_12_fu_2358_p2                   |       xor|   0|  0|   15|          15|          15|
    |xor_ln26_13_fu_2488_p2                   |       xor|   0|  0|   15|          15|          15|
    |xor_ln26_14_fu_2606_p2                   |       xor|   0|  0|   15|          15|          15|
    |xor_ln26_15_fu_2736_p2                   |       xor|   0|  0|   15|          15|          15|
    |xor_ln26_16_fu_2854_p2                   |       xor|   0|  0|   15|          15|          15|
    |xor_ln26_1_fu_1035_p2                    |       xor|   0|  0|   15|          15|          15|
    |xor_ln26_2_fu_1142_p2                    |       xor|   0|  0|   15|          15|          15|
    |xor_ln26_3_fu_1262_p2                    |       xor|   0|  0|   15|          15|          15|
    |xor_ln26_4_fu_1370_p2                    |       xor|   0|  0|   15|          15|          15|
    |xor_ln26_5_fu_1496_p2                    |       xor|   0|  0|   15|          15|          15|
    |xor_ln26_6_fu_1614_p2                    |       xor|   0|  0|   15|          15|          15|
    |xor_ln26_7_fu_1744_p2                    |       xor|   0|  0|   15|          15|          15|
    |xor_ln26_8_fu_1862_p2                    |       xor|   0|  0|   15|          15|          15|
    |xor_ln26_9_fu_1992_p2                    |       xor|   0|  0|   15|          15|          15|
    |xor_ln26_fu_915_p2                       |       xor|   0|  0|   15|          15|          15|
    |xor_ln27_10_fu_1931_p2                   |       xor|   0|  0|   32|          32|          32|
    |xor_ln27_11_fu_2058_p2                   |       xor|   0|  0|   32|          32|          32|
    |xor_ln27_12_fu_2179_p2                   |       xor|   0|  0|   32|          32|          32|
    |xor_ln27_13_fu_2306_p2                   |       xor|   0|  0|   32|          32|          32|
    |xor_ln27_14_fu_2427_p2                   |       xor|   0|  0|   32|          32|          32|
    |xor_ln27_15_fu_2554_p2                   |       xor|   0|  0|   32|          32|          32|
    |xor_ln27_16_fu_2675_p2                   |       xor|   0|  0|   32|          32|          32|
    |xor_ln27_17_fu_2802_p2                   |       xor|   0|  0|   32|          32|          32|
    |xor_ln27_18_fu_2940_p2                   |       xor|   0|  0|   26|          26|          26|
    |xor_ln27_1_fu_875_p2                     |       xor|   0|  0|   32|          32|          32|
    |xor_ln27_2_fu_996_p2                     |       xor|   0|  0|   32|          32|          32|
    |xor_ln27_3_fu_1099_p2                    |       xor|   0|  0|   32|          32|          32|
    |xor_ln27_4_fu_1211_p2                    |       xor|   0|  0|   32|          32|          32|
    |xor_ln27_5_fu_1327_p2                    |       xor|   0|  0|   32|          32|          32|
    |xor_ln27_6_fu_1443_p2                    |       xor|   0|  0|   32|          32|          32|
    |xor_ln27_7_fu_1562_p2                    |       xor|   0|  0|   32|          32|          32|
    |xor_ln27_8_fu_1683_p2                    |       xor|   0|  0|   32|          32|          32|
    |xor_ln27_9_fu_1810_p2                    |       xor|   0|  0|   32|          32|          32|
    |xor_ln27_fu_727_p2                       |       xor|   0|  0|   22|          22|          22|
    |xor_ln29_fu_2952_p2                      |       xor|   0|  0|   15|          15|          15|
    +-----------------------------------------+----------+----+---+-----+------------+------------+
    |Total                                    |          |   0|  0| 4585|        4471|        4336|
    +-----------------------------------------+----------+----+---+-----+------------+------------+

    * Multiplexer: 
    +--------------------------------------------+-----+-----------+-----+-----------+
    |                    Name                    | LUT | Input Size| Bits| Total Bits|
    +--------------------------------------------+-----+-----------+-----+-----------+
    |ap_NS_fsm                                   |  152|         33|    1|         33|
    |ap_done                                     |    9|          2|    1|          2|
    |ap_enable_reg_pp0_iter1                     |   14|          3|    1|          3|
    |ap_enable_reg_pp3_iter1                     |    9|          2|    1|          2|
    |ap_exit_tran_regpp3                         |   14|          3|    2|          6|
    |ap_phi_mux_i_3_phi_fu_415_p4                |    9|          2|   15|         30|
    |ap_phi_mux_i_phi_fu_381_p4                  |    9|          2|   15|         30|
    |ap_phi_reg_pp3_iter1_empty_52_reg_471       |   20|          4|   32|        128|
    |ap_phi_reg_pp3_iter1_next_code_1_reg_490    |   20|          4|   32|        128|
    |ap_phi_reg_pp3_iter1_p_ph_reg_457           |   14|          3|   32|         96|
    |ap_phi_reg_pp3_iter1_prefix_code_1_reg_508  |   26|          5|   16|         80|
    |c_reg_366                                   |    9|          2|    3|          6|
    |empty_50_reg_433                            |    9|          2|   32|         64|
    |hash_table_0_address0                       |   14|          3|   15|         45|
    |hash_table_0_address1                       |   14|          3|   15|         45|
    |hash_table_0_d1                             |   14|          3|   33|         99|
    |hash_table_1_address0                       |   14|          3|   15|         45|
    |hash_table_1_address1                       |   14|          3|   15|         45|
    |hash_table_1_d1                             |   14|          3|   33|         99|
    |i_1_reg_389                                 |    9|          2|   16|         32|
    |i_2_reg_400                                 |    9|          2|   10|         20|
    |i_3_reg_411                                 |    9|          2|   15|         30|
    |i_reg_377                                   |    9|          2|   15|         30|
    |input_r_blk_n                               |    9|          2|    1|          2|
    |my_assoc_mem_lower_key_mem_address0         |   26|          5|    9|         45|
    |my_assoc_mem_lower_key_mem_ce0              |   14|          3|    1|          3|
    |my_assoc_mem_lower_key_mem_d0               |   14|          3|   64|        192|
    |my_assoc_mem_middle_key_mem_address0        |   26|          5|    9|         45|
    |my_assoc_mem_middle_key_mem_ce0             |   14|          3|    1|          3|
    |my_assoc_mem_middle_key_mem_d0              |   14|          3|   64|        192|
    |my_assoc_mem_upper_key_mem_address0         |   26|          5|    9|         45|
    |my_assoc_mem_upper_key_mem_ce0              |   14|          3|    1|          3|
    |my_assoc_mem_upper_key_mem_d0               |   14|          3|   64|        192|
    |my_assoc_mem_value_address0                 |   14|          3|    6|         18|
    |my_assoc_mem_value_ce0                      |   14|          3|    1|          3|
    |next_code_3_reg_445                         |    9|          2|   32|         64|
    |output_r_blk_n                              |    9|          2|    1|          2|
    |output_r_din                                |   14|          3|   16|         48|
    |prefix_code_2_reg_422                       |    9|          2|   16|         32|
    |temp_chunk_address0                         |   20|          4|   13|         52|
    +--------------------------------------------+-----+-----------+-----+-----------+
    |Total                                       |  694|        147|  673|       2039|
    +--------------------------------------------+-----+-----------+-----+-----------+

    * Register: 
    +--------------------------------------------+----+----+-----+-----------+
    |                    Name                    | FF | LUT| Bits| Const Bits|
    +--------------------------------------------+----+----+-----+-----------+
    |add_ln224_reg_3278                          |  15|   0|   15|          0|
    |add_ln255_reg_3312                          |  15|   0|   15|          0|
    |add_ln25_10_reg_3502                        |  32|   0|   32|          0|
    |add_ln25_12_reg_3534                        |  32|   0|   32|          0|
    |add_ln25_14_reg_3566                        |  32|   0|   32|          0|
    |add_ln25_16_reg_3598                        |  32|   0|   32|          0|
    |add_ln25_18_reg_3630                        |  32|   0|   32|          0|
    |add_ln25_21_reg_3397                        |  15|   0|   15|          0|
    |add_ln25_2_reg_3386                         |  32|   0|   32|          0|
    |add_ln25_4_reg_3407                         |  32|   0|   32|          0|
    |add_ln25_6_reg_3433                         |  32|   0|   32|          0|
    |add_ln25_8_reg_3470                         |  32|   0|   32|          0|
    |add_ln27_3_reg_3392                         |  26|   0|   26|          0|
    |and_ln53_reg_3692                           |   1|   0|    1|          0|
    |and_ln60_reg_3696                           |   1|   0|    1|          0|
    |ap_CS_fsm                                   |  32|   0|   32|          0|
    |ap_done_reg                                 |   1|   0|    1|          0|
    |ap_enable_reg_pp0_iter0                     |   1|   0|    1|          0|
    |ap_enable_reg_pp0_iter1                     |   1|   0|    1|          0|
    |ap_enable_reg_pp3_iter0                     |   1|   0|    1|          0|
    |ap_enable_reg_pp3_iter1                     |   1|   0|    1|          0|
    |ap_exit_tran_regpp3                         |   2|   0|    3|          1|
    |ap_phi_reg_pp3_iter1_empty_52_reg_471       |  32|   0|   32|          0|
    |ap_phi_reg_pp3_iter1_next_code_1_reg_490    |  32|   0|   32|          0|
    |ap_phi_reg_pp3_iter1_p_ph_reg_457           |  32|   0|   32|          0|
    |ap_phi_reg_pp3_iter1_prefix_code_1_reg_508  |  16|   0|   16|          0|
    |c_1_reg_3252                                |   3|   0|    3|          0|
    |c_reg_366                                   |   3|   0|    3|          0|
    |empty_50_reg_433                            |  32|   0|   32|          0|
    |empty_51_reg_3700                           |  12|   0|   12|          0|
    |grp_assoc_lookup_fu_523_ap_start_reg        |   1|   0|    1|          0|
    |hash_table_0_addr_2_reg_3651                |  15|   0|   15|          0|
    |hash_table_1_addr_2_reg_3657                |  15|   0|   15|          0|
    |hit_reg_3705                                |   1|   0|    1|          0|
    |i_1_reg_389                                 |  16|   0|   16|          0|
    |i_2_reg_400                                 |  10|   0|   10|          0|
    |i_3_reg_411                                 |  15|   0|   15|          0|
    |i_reg_377                                   |  15|   0|   15|          0|
    |icmp_ln119_reg_3714                         |   1|   0|    1|          0|
    |icmp_ln224_1_reg_3283                       |   1|   0|    1|          0|
    |icmp_ln224_reg_3274                         |   1|   0|    1|          0|
    |icmp_ln253_reg_3308                         |   1|   0|    1|          0|
    |icmp_ln253_reg_3308_pp3_iter1_reg           |   1|   0|    1|          0|
    |icmp_ln255_reg_3317                         |   1|   0|    1|          0|
    |icmp_ln255_reg_3317_pp3_iter1_reg           |   1|   0|    1|          0|
    |key_assign_reg_3669                         |  20|   0|   20|          0|
    |len_reg_3267                                |  15|   0|   15|          0|
    |mem_lower_key_mem_addr_reg_3753             |   9|   0|    9|          0|
    |mem_middle_key_mem_addr_reg_3748            |   9|   0|    9|          0|
    |mem_upper_key_mem_addr_reg_3743             |   2|   0|    9|          7|
    |next_char_reg_3326                          |   8|   0|    8|          0|
    |next_code_3_reg_445                         |  32|   0|   32|          0|
    |prefix_code_2_reg_422                       |  16|   0|   16|          0|
    |shl_ln121_reg_3738                          |  32|   0|   32|          0|
    |tmp_10_reg_3372                             |   1|   0|    1|          0|
    |tmp_11_reg_3379                             |   1|   0|    1|          0|
    |tmp_12_reg_3459                             |   1|   0|    1|          0|
    |tmp_14_reg_3491                             |   1|   0|    1|          0|
    |tmp_16_reg_3523                             |   1|   0|    1|          0|
    |tmp_18_reg_3555                             |   1|   0|    1|          0|
    |tmp_20_reg_3587                             |   1|   0|    1|          0|
    |tmp_22_reg_3619                             |   1|   0|    1|          0|
    |tmp_6_reg_3340                              |   1|   0|    1|          0|
    |tmp_7_reg_3351                              |   1|   0|    1|          0|
    |tmp_8_reg_3358                              |   1|   0|    1|          0|
    |tmp_9_reg_3365                              |   1|   0|    1|          0|
    |trunc_ln25_reg_3346                         |  15|   0|   15|          0|
    |trunc_ln262_1_reg_3454                      |   1|   0|    1|          0|
    |trunc_ln262_reg_3663                        |  12|   0|   12|          0|
    |trunc_ln26_18_reg_3418                      |  16|   0|   16|          0|
    |trunc_ln26_22_reg_3444                      |  16|   0|   16|          0|
    |trunc_ln26_24_reg_3481                      |  16|   0|   16|          0|
    |trunc_ln26_26_reg_3513                      |  16|   0|   16|          0|
    |trunc_ln26_28_reg_3545                      |  16|   0|   16|          0|
    |trunc_ln26_30_reg_3577                      |  16|   0|   16|          0|
    |trunc_ln26_32_reg_3609                      |  16|   0|   16|          0|
    |trunc_ln26_34_reg_3641                      |  16|   0|   16|          0|
    |trunc_ln27_10_reg_3449                      |   5|   0|    5|          0|
    |trunc_ln27_14_reg_3486                      |   5|   0|    5|          0|
    |trunc_ln27_18_reg_3518                      |   5|   0|    5|          0|
    |trunc_ln27_22_reg_3550                      |   5|   0|    5|          0|
    |trunc_ln27_26_reg_3582                      |   5|   0|    5|          0|
    |trunc_ln27_30_reg_3614                      |   5|   0|    5|          0|
    |trunc_ln27_34_reg_3646                      |   5|   0|    5|          0|
    |trunc_ln27_7_reg_3423                       |   5|   0|    5|          0|
    |trunc_ln7_reg_3674                          |  12|   0|   12|          0|
    |trunc_ln8_reg_3683                          |  12|   0|   12|          0|
    |valid_0_reg_3679                            |   1|   0|    1|          0|
    |valid_1_reg_3688                            |   1|   0|    1|          0|
    |xor_ln25_10_reg_3529                        |  26|   0|   26|          0|
    |xor_ln25_12_reg_3561                        |  26|   0|   26|          0|
    |xor_ln25_14_reg_3593                        |  26|   0|   26|          0|
    |xor_ln25_16_reg_3625                        |  26|   0|   26|          0|
    |xor_ln25_2_reg_3402                         |  26|   0|   26|          0|
    |xor_ln25_4_reg_3428                         |  26|   0|   26|          0|
    |xor_ln25_6_reg_3465                         |  26|   0|   26|          0|
    |xor_ln25_8_reg_3497                         |  26|   0|   26|          0|
    |xor_ln26_10_reg_3540                        |  15|   0|   15|          0|
    |xor_ln26_12_reg_3572                        |  15|   0|   15|          0|
    |xor_ln26_14_reg_3604                        |  15|   0|   15|          0|
    |xor_ln26_16_reg_3636                        |  15|   0|   15|          0|
    |xor_ln26_2_reg_3413                         |  15|   0|   15|          0|
    |xor_ln26_4_reg_3439                         |  15|   0|   15|          0|
    |xor_ln26_6_reg_3476                         |  15|   0|   15|          0|
    |xor_ln26_8_reg_3508                         |  15|   0|   15|          0|
    |xor_ln27_reg_3335                           |  22|   0|   22|          0|
    +--------------------------------------------+----+----+-----+-----------+
    |Total                                       |1384|   0| 1392|          8|
    +--------------------------------------------+----+----+-----+-----------+



================================================================
== Interface
================================================================
* Summary: 
+-----------------+-----+-----+------------+--------------+--------------+
|    RTL Ports    | Dir | Bits|  Protocol  | Source Object|    C Type    |
+-----------------+-----+-----+------------+--------------+--------------+
|ap_clk           |   in|    1|  ap_ctrl_hs|     computing|  return value|
|ap_rst           |   in|    1|  ap_ctrl_hs|     computing|  return value|
|ap_start         |   in|    1|  ap_ctrl_hs|     computing|  return value|
|ap_done          |  out|    1|  ap_ctrl_hs|     computing|  return value|
|ap_continue      |   in|    1|  ap_ctrl_hs|     computing|  return value|
|ap_idle          |  out|    1|  ap_ctrl_hs|     computing|  return value|
|ap_ready         |  out|    1|  ap_ctrl_hs|     computing|  return value|
|input_r_dout     |   in|    8|     ap_fifo|       input_r|       pointer|
|input_r_empty_n  |   in|    1|     ap_fifo|       input_r|       pointer|
|input_r_read     |  out|    1|     ap_fifo|       input_r|       pointer|
|output_r_din     |  out|   16|     ap_fifo|      output_r|       pointer|
|output_r_full_n  |   in|    1|     ap_fifo|      output_r|       pointer|
|output_r_write   |  out|    1|     ap_fifo|      output_r|       pointer|
+-----------------+-----+-----+------------+--------------+--------------+

