

================================================================
== Synthesis Summary Report of 'hardware_encoding'
================================================================
+ General Information: 
    * Date:           Sun Dec 10 19:29:23 2023
    * Version:        2020.2 (Build 3064766 on Wed Nov 18 09:12:47 MST 2020)
    * Project:        final_project
    * Solution:       solution1 (Vitis Kernel Flow Target)
    * Product family: zynquplus
    * Target device:  xczu3eg-sbva484-1-i
    

+ Performance & Resource Estimates: 
    
    PS: '+' for module; 'o' for loop; '*' for dataflow
    +-----------------------------+--------+-------+---------+-----------+----------+---------+-------+----------+-----------+---------+-----------+-------------+-----+
    |           Modules           |  Issue |       | Latency |  Latency  | Iteration|         |  Trip |          |           |         |           |             |     |
    |           & Loops           |  Type  | Slack | (cycles)|    (ns)   |  Latency | Interval| Count | Pipelined|   BRAM    |   DSP   |     FF    |     LUT     | URAM|
    +-----------------------------+--------+-------+---------+-----------+----------+---------+-------+----------+-----------+---------+-----------+-------------+-----+
    |+ hardware_encoding*         |  Timing|   0.00|        -|          -|         -|        -|      -|  dataflow|  136 (31%)|  2 (~0%)|  4256 (3%)|  10141 (14%)|    -|
    | + grp_computing_fu_106      |       -|  -0.05|        -|          -|         -|        -|      -|        no|  130 (30%)|  1 (~0%)|  1469 (1%)|    6543 (9%)|    -|
    |  + grp_assoc_lookup_fu_523  |      II|  -1.35|        2|     13.334|         -|        1|      -|       yes|          -|        -|   61 (~0%)|    1252 (1%)|    -|
    |  o VITIS_LOOP_215_1         |       -|  -4.87|        -|          -|         -|        -|      -|        no|          -|        -|          -|            -|    -|
    |   o VITIS_LOOP_224_2        |       -|  -4.87|    25755|  1.717e+05|         2|        1|  25755|       yes|          -|        -|          -|            -|    -|
    |   o VITIS_LOOP_234_3        |       -|  -4.87|    16384|  1.092e+05|         1|        1|  16384|       yes|          -|        -|          -|            -|    -|
    |   o VITIS_LOOP_241_4        |       -|  -4.87|      512|  3.414e+03|         1|        1|    512|       yes|          -|        -|          -|            -|    -|
    |   o VITIS_LOOP_253_5        |      II|  -4.87|        -|          -|        18|       16|      -|       yes|          -|        -|          -|            -|    -|
    | + grp_read_input5_fu_112    |  Timing|   0.00|   103617|  6.908e+05|         -|   103617|      -|        no|          -|  1 (~0%)|  559 (~0%)|     888 (1%)|    -|
    |  o VITIS_LOOP_199_1         |       -|  -4.87|   103616|  6.908e+05|     25904|        -|      4|        no|          -|        -|          -|            -|    -|
    |   o VITIS_LOOP_206_2        |       -|  -4.87|    25826|  1.722e+05|        73|        1|  25755|       yes|          -|        -|          -|            -|    -|
    | + grp_write_output_fu_124   |  Timing|   0.00|    41671|  2.778e+05|         -|    41671|      -|        no|          -|        -|  554 (~0%)|     877 (1%)|    -|
    |  o VITIS_LOOP_287_1         |       -|  -4.87|    41670|  2.778e+05|      8334|        -|      5|        no|          -|        -|          -|            -|    -|
    |   o VITIS_LOOP_289_2        |       -|  -4.87|     8261|  5.508e+04|        71|        1|   8192|       yes|          -|        -|          -|            -|    -|
    +-----------------------------+--------+-------+---------+-----------+----------+---------+-------+----------+-----------+---------+-----------+-------------+-----+

